Microchip MPLAB XC8 Compiler V2.40

Linker command line:

-W-3 \
  --edf=C:\Program Files\Microchip\xc8\v2.40\pic\dat\20220703182018_en.msgs \
  -cn -h+dist/default/debug\debug.X.debug.sym \
  --cmf=dist/default/debug\debug.X.debug.cmf -z -Q16F1508 \
  -oC:\Users\pcguy\AppData\Local\Temp\xcAs4r0.4 --defsym=__MPLAB_BUILD=1 \
  --fixupoverflow=error -Mdist/default/debug/debug.X.debug.map \
  --md=C:\Users\pcguy\AppData\Local\Temp\xcAs4r0.dat -E1 -ver=XC8 Compiler \
  --acfsm=1493 -ACODE=00h-07FFhx2 -ASTRCODE=00h-0FFFh -ASTRING=00h-0FFhx16 \
  -ACONST=00h-0FFhx16 -AENTRY=00h-0FFhx16 -ACOMMON=070h-07Fh \
  -ABANK0=020h-06Fh -ABANK1=0A0h-0EFh -ABANK2=0120h-015Fh \
  -ABIGRAM=02000h-020DFh -ARAM=020h-06Fh,0A0h-0EFh,0120h-015Fh \
  -AABS1=020h-07Fh,0A0h-0EFh,0120h-016Fh -ASFR0=00h-01Fh -ASFR1=080h-09Fh \
  -ASFR2=0100h-011Fh -ASFR3=0180h-01EFh -ASFR4=0200h-026Fh \
  -ASFR5=0280h-02EFh -ASFR6=0300h-036Fh -ASFR7=0380h-03EFh \
  -ASFR8=0400h-046Fh -ASFR9=0480h-04EFh -ASFR10=0500h-056Fh \
  -ASFR11=0580h-05EFh -ASFR12=0600h-066Fh -ASFR13=0680h-06EFh \
  -ASFR14=0700h-076Fh -ASFR15=0780h-07EFh -ASFR16=0800h-086Fh \
  -ASFR17=0880h-08EFh -ASFR18=0900h-096Fh -ASFR19=0980h-09EFh \
  -ASFR20=0A00h-0A6Fh -ASFR21=0A80h-0AEFh -ASFR22=0B00h-0B6Fh \
  -ASFR23=0B80h-0BEFh -ASFR24=0C00h-0C6Fh -ASFR25=0C80h-0CEFh \
  -ASFR26=0D00h-0D6Fh -ASFR27=0D80h-0DEFh -ASFR28=0E00h-0E6Fh \
  -ASFR29=0E80h-0EEFh -ASFR30=0F00h-0F6Fh -ASFR31=0F80h-0FEFh \
  -ACONFIG=08007h-08008h -DCONFIG=2 -AIDLOC=08000h-08003h -DIDLOC=2 \
  -DCODE=2 -DSTRCODE=2 -DSTRING=2 -DCONST=2 -DENTRY=2 \
  -preset_vec=00h,intentry=04h,init,end_init -ppowerup=CODE -pcinit=CODE \
  -pfunctab=ENTRY -k C:\Users\pcguy\AppData\Local\Temp\xcAs4r0.o \
  dist/default/debug\debug.X.debug.o 

Object code version is 3.11

Machine type is 16F1508



                Name                               Link     Load   Length Selector   Space Scale
C:\Users\pcguy\AppData\Local\Temp\xcAs4r0.o
                end_init                             21       21        2        8       0
                reset_vec                             0        0        3        0       0
                config                             8007     8007        2        0       4
                idloc                              8000     8000        4        0       5
dist/default/debug\debug.X.debug.o
                cinit                                23       23       16        8       0
                intentry                              4        4       1D        8       0
                config                             8007     8007        2        0       4
                idloc                              8000     8000        4        0       5
                text45                              ED6      ED6        3     1DAC       0
                text44                              EEE      EEE        5     1DDC       0
                text43                              F6D      F6D        B     1EDA       0
                text42                              ED9      ED9        3     1DB2       0
                text41                              F42      F42        7     1E84       0
                text40                              EF3      EF3        5     1DE6       0
                text39                              EE2      EE2        4     1DC4       0
                text38                              F49      F49        7     1E92       0
                text37                              EF8      EF8        5     1DF0       0
                text36                              F78      F78        B     1EF0       0
                text35                              EDC      EDC        3     1DB8       0
                text34                              EFD      EFD        5     1DFA       0
                text33                              7D5      7D5       22        8       0
                text32                              F83      F83        B     1F06       0
                text31                              719      719       54        8       0
                text30                                3        3        1        0       0
                text28                              F0C      F0C        6     1E18       0
                text27                              F59      F59        A     1EB2       0
                text26                              69F      69F       7A        8       0
                text25                              EDF      EDF        3     1DBE       0
                text24                              F8E      F8E        C     1F1C       0
                text23                              F12      F12        6     1E24       0
                text22                              F18      F18        6     1E30       0
                text21                              F1E      F1E        6     1E3C       0
                text20                              F24      F24        6     1E48       0
                text19                              F02      F02        5     1E04       0
                text18                              F07      F07        5     1E0E       0
                text17                              F2A      F2A        6     1E54       0
                text16                              F30      F30        6     1E60       0
                text15                              76D      76D       38        8       0
                text14                              F50      F50        9     1EA0       0
                text13                              EE6      EE6        4     1DCC       0
                text12                              F63      F63        A     1EC6       0
                text11                              F36      F36        6     1E6C       0
                text10                              FC5      FC5       1B     1F8A       0
                text9                               EEA      EEA        4     1DD4       0
                text8                               F9A      F9A       12     1F34       0
                text7                               FAC      FAC       19     1F58       0
                text6                               41F      41F      170        8       0
                text5                               623      623       7C        8       0
                text4                               FE0      FE0       20     1FC0       0
                text3                                39       39      210        8       0
                text2                               58F      58F       94        8       0
                text1                               249      249      1D6        8       0
                maintext                            7A5      7A5       30        8       0
                cstackBANK0                          20       20       2A       20       1
                cstackCOMMON                         70       70        7       70       1
                cstackBANK1                          AB       AB        6       A0       1
                clrtext                             F3C      F3C        6     1E78       0
                bssBANK1                             A0       A0        B       A0       1
                bssBANK0                             4A       4A       23       20       1
                bssCOMMON                            77       77        3       70       1
                stringtext1                         7F7      7F7        C      FEE       0

TOTAL           Name                               Link     Load   Length     Space
        CLASS   CODE           
                end_init                             21       21        2         0
                cinit                                23       23       16         0
                intentry                              4        4       1D         0
                reset_vec                             0        0        3         0
                text45                              ED6      ED6        3         0
                text44                              EEE      EEE        5         0
                text43                              F6D      F6D        B         0
                text42                              ED9      ED9        3         0
                text41                              F42      F42        7         0
                text40                              EF3      EF3        5         0
                text39                              EE2      EE2        4         0
                text38                              F49      F49        7         0
                text37                              EF8      EF8        5         0
                text36                              F78      F78        B         0
                text35                              EDC      EDC        3         0
                text34                              EFD      EFD        5         0
                text33                              7D5      7D5       22         0
                text32                              F83      F83        B         0
                text31                              719      719       54         0
                text30                                3        3        1         0
                text28                              F0C      F0C        6         0
                text27                              F59      F59        A         0
                text26                              69F      69F       7A         0
                text25                              EDF      EDF        3         0
                text24                              F8E      F8E        C         0
                text23                              F12      F12        6         0
                text22                              F18      F18        6         0
                text21                              F1E      F1E        6         0
                text20                              F24      F24        6         0
                text19                              F02      F02        5         0
                text18                              F07      F07        5         0
                text17                              F2A      F2A        6         0
                text16                              F30      F30        6         0
                text15                              76D      76D       38         0
                text14                              F50      F50        9         0
                text13                              EE6      EE6        4         0
                text12                              F63      F63        A         0
                text11                              F36      F36        6         0
                text10                              FC5      FC5       1B         0
                text9                               EEA      EEA        4         0
                text8                               F9A      F9A       12         0
                text7                               FAC      FAC       19         0
                text6                               41F      41F      170         0
                text5                               623      623       7C         0
                text4                               FE0      FE0       20         0
                text3                                39       39      210         0
                text2                               58F      58F       94         0
                text1                               249      249      1D6         0
                maintext                            7A5      7A5       30         0
                clrtext                             F3C      F3C        6         0

        CLASS   STRCODE        
                stringtext1                         7F7      7F7        C         0

        CLASS   STRING         

        CLASS   CONST          

        CLASS   ENTRY          

        CLASS   COMMON         
                cstackCOMMON                         70       70        7         1
                bssCOMMON                            77       77        3         1

        CLASS   BANK0          
                cstackBANK0                          20       20       2A         1
                bssBANK0                             4A       4A       23         1

        CLASS   BANK1          
                cstackBANK1                          AB       AB        6         1
                bssBANK1                             A0       A0        B         1

        CLASS   BANK2          

        CLASS   BIGRAM         

        CLASS   RAM            

        CLASS   ABS1           
                abs_s1                               7E       7E        2         1

        CLASS   SFR0           

        CLASS   SFR1           

        CLASS   SFR2           

        CLASS   SFR3           

        CLASS   SFR4           

        CLASS   SFR5           

        CLASS   SFR6           

        CLASS   SFR7           

        CLASS   SFR8           

        CLASS   SFR9           

        CLASS   SFR10          

        CLASS   SFR11          

        CLASS   SFR12          

        CLASS   SFR13          

        CLASS   SFR14          

        CLASS   SFR15          

        CLASS   SFR16          

        CLASS   SFR17          

        CLASS   SFR18          

        CLASS   SFR19          

        CLASS   SFR20          

        CLASS   SFR21          

        CLASS   SFR22          

        CLASS   SFR23          

        CLASS   SFR24          

        CLASS   SFR25          

        CLASS   SFR26          

        CLASS   SFR27          

        CLASS   SFR28          

        CLASS   SFR29          

        CLASS   SFR30          

        CLASS   SFR31          

        CLASS   CONFIG         
                config                             8007     8007        2         4

        CLASS   IDLOC          
                idloc                              8000     8000        4         5

        CLASS   BANK31         

        CLASS   BANK30         

        CLASS   BANK29         

        CLASS   BANK28         

        CLASS   BANK27         

        CLASS   BANK26         

        CLASS   BANK25         

        CLASS   BANK24         

        CLASS   BANK23         

        CLASS   BANK22         

        CLASS   BANK21         

        CLASS   BANK20         

        CLASS   BANK19         

        CLASS   BANK18         

        CLASS   BANK17         

        CLASS   BANK16         

        CLASS   BANK15         

        CLASS   BANK14         

        CLASS   BANK13         

        CLASS   BANK12         

        CLASS   BANK11         

        CLASS   BANK10         

        CLASS   BANK9          

        CLASS   BANK8          

        CLASS   BANK7          

        CLASS   BANK6          

        CLASS   BANK5          

        CLASS   BANK4          

        CLASS   BANK3          

        CLASS   HEAP           

        CLASS   STACK          

        CLASS   EEDATA         



SEGMENTS        Name                           Load    Length   Top    Selector   Space  Class     Delta

                reset_vec                      000000  000004  000004         0       0  CODE        2
                intentry                       000004  0007F3  0007F7         8       0  CODE        2
                cstackBANK0                    000020  00004D  00006D        20       1  BANK0       1
                cstackCOMMON                   000070  00000A  00007A        70       1  COMMON      1
                bssBANK1                       0000A0  000011  0000B1        A0       1  BANK1       1
                stringtext1                    0007F7  00000C  000803       FEE       0  STRCODE     2
                text45                         000ED6  000003  000ED9      1DAC       0  CODE        2
                text42                         000ED9  000003  000EDC      1DB2       0  CODE        2
                text35                         000EDC  000003  000EDF      1DB8       0  CODE        2
                text25                         000EDF  000003  000EE2      1DBE       0  CODE        2
                text39                         000EE2  000004  000EE6      1DC4       0  CODE        2
                text13                         000EE6  000004  000EEA      1DCC       0  CODE        2
                text9                          000EEA  000004  000EEE      1DD4       0  CODE        2
                text44                         000EEE  000005  000EF3      1DDC       0  CODE        2
                text40                         000EF3  000005  000EF8      1DE6       0  CODE        2
                text37                         000EF8  000005  000EFD      1DF0       0  CODE        2
                text34                         000EFD  000005  000F02      1DFA       0  CODE        2
                text19                         000F02  000005  000F07      1E04       0  CODE        2
                text18                         000F07  000005  000F0C      1E0E       0  CODE        2
                text28                         000F0C  000006  000F12      1E18       0  CODE        2
                text23                         000F12  000006  000F18      1E24       0  CODE        2
                text22                         000F18  000006  000F1E      1E30       0  CODE        2
                text21                         000F1E  000006  000F24      1E3C       0  CODE        2
                text20                         000F24  000006  000F2A      1E48       0  CODE        2
                text17                         000F2A  000006  000F30      1E54       0  CODE        2
                text16                         000F30  000006  000F36      1E60       0  CODE        2
                text11                         000F36  000006  000F3C      1E6C       0  CODE        2
                clrtext                        000F3C  000006  000F42      1E78       0  CODE        2
                text41                         000F42  000007  000F49      1E84       0  CODE        2
                text38                         000F49  000007  000F50      1E92       0  CODE        2
                text14                         000F50  000009  000F59      1EA0       0  CODE        2
                text27                         000F59  00000A  000F63      1EB2       0  CODE        2
                text12                         000F63  00000A  000F6D      1EC6       0  CODE        2
                text43                         000F6D  00000B  000F78      1EDA       0  CODE        2
                text36                         000F78  00000B  000F83      1EF0       0  CODE        2
                text32                         000F83  00000B  000F8E      1F06       0  CODE        2
                text24                         000F8E  00000C  000F9A      1F1C       0  CODE        2
                text8                          000F9A  000012  000FAC      1F34       0  CODE        2
                text7                          000FAC  000019  000FC5      1F58       0  CODE        2
                text10                         000FC5  00001B  000FE0      1F8A       0  CODE        2
                text4                          000FE0  000020  001000      1FC0       0  CODE        2


UNUSED ADDRESS RANGES

        Name                Unused          Largest block    Delta
        BANK0            0006D-0006F               3           1
        BANK1            000B1-000EF              3F           1
        BANK2            00120-0015F              40           1
        BIGRAM           02000-020DF              E0           1
        CODE             00803-00ED5             6D3           2
        COMMON           0007A-0007D               4           1
        CONST            00803-00ED5             100           2
        ENTRY            00803-00ED5             100           2
        RAM              0006D-0006F               3           1
                         000B1-000EF              3F
                         00120-0015F              40
        SFR0             00000-0001F              20           1
        SFR1             00080-0009F              20           1
        SFR10            00500-0056F              70           1
        SFR11            00580-005EF              70           1
        SFR12            00600-0066F              70           1
        SFR13            00680-006EF              70           1
        SFR14            00700-0076F              70           1
        SFR15            00780-007EF              70           1
        SFR16            00800-0086F              70           1
        SFR17            00880-008EF              70           1
        SFR18            00900-0096F              70           1
        SFR19            00980-009EF              70           1
        SFR2             00100-0011F              20           1
        SFR20            00A00-00A6F              70           1
        SFR21            00A80-00AEF              70           1
        SFR22            00B00-00B6F              70           1
        SFR23            00B80-00BEF              70           1
        SFR24            00C00-00C6F              70           1
        SFR25            00C80-00CEF              70           1
        SFR26            00D00-00D6F              70           1
        SFR27            00D80-00DEF              70           1
        SFR28            00E00-00E6F              70           1
        SFR29            00E80-00EEF              70           1
        SFR3             00180-001EF              70           1
        SFR30            00F00-00F6F              70           1
        SFR31            00F80-00FEF              70           1
        SFR4             00200-0026F              70           1
        SFR5             00280-002EF              70           1
        SFR6             00300-0036F              70           1
        SFR7             00380-003EF              70           1
        SFR8             00400-0046F              70           1
        SFR9             00480-004EF              70           1
        STRCODE          00803-00ED5             6D3           2
        STRING           00803-00ED5             100           2

                                  Symbol Table

?_ADC_GetConversion                       cstackCOMMON 00073
?__Umul8_16                               cstackCOMMON 00073
?___fldiv                                 cstackBANK0  0002A
?___flmul                                 cstackBANK0  00025
?___xxtofl                                cstackCOMMON 00073
ADC_GetConversion@channel                 cstackCOMMON 00076
I2C_SlaveSendTxData@data                  cstackCOMMON 00070
I2C_SlaveSetAddrIntHandler@handler        cstackCOMMON 00073
I2C_SlaveSetBusColIntHandler@handler      cstackCOMMON 00073
I2C_SlaveSetIsrHandler@handler            cstackCOMMON 00073
I2C_SlaveSetReadIntHandler@handler        cstackCOMMON 00073
I2C_SlaveSetSlaveAddr@slaveAddr           cstackCOMMON 00073
I2C_SlaveSetSlaveMask@maskAddr            cstackCOMMON 00073
I2C_SlaveSetWrColIntHandler@handler       cstackCOMMON 00073
I2C_SlaveSetWriteIntHandler@handler       cstackCOMMON 00073
_ADCON0                                   (abs)        0009D
_ADCON0bits                               (abs)        0009D
_ADCON1                                   (abs)        0009E
_ADCON2                                   (abs)        0009F
_ADC_GetConversion                        text7        00FAC
_ADC_Initialize                           text14       00F50
_ADRESH                                   (abs)        0009C
_ADRESL                                   (abs)        0009B
_ANSELA                                   (abs)        0018C
_ANSELB                                   (abs)        0018D
_ANSELC                                   (abs)        0018E
_APFCON                                   (abs)        0011D
_BORCON                                   (abs)        00116
_Cell_Balancing_Enabled                   bssBANK0     0005D
_FVRCON                                   (abs)        00117
_FVRCONbits                               (abs)        00117
_FVR_Initialize                           text13       00EE6
_I2C_Handler                              text26       0069F
_I2C_Initialize                           text12       00F63
_I2C_Isr                                  text31       00719
_I2C_Open                                 text15       0076D
_I2C_SlaveAddrCallBack                    text43       00F6D
_I2C_SlaveAddrInterruptHandler            bssBANK0     00054
_I2C_SlaveBusColInterruptHandler          bssBANK0     00052
_I2C_SlaveClearIrq                        text42       00ED9
_I2C_SlaveDefAddrInterruptHandler         text44       00EEE
_I2C_SlaveDefBusColInterruptHandler       (abs)        00000
_I2C_SlaveDefRdInterruptHandler           text37       00EF8
_I2C_SlaveDefWrColInterruptHandler        (abs)        00000
_I2C_SlaveDefWrInterruptHandler           text33       007D5
_I2C_SlaveEnableIrq                       text25       00EDF
_I2C_SlaveGetRxData                       text45       00ED6
_I2C_SlaveIsAddr                          text41       00F42
_I2C_SlaveIsRead                          text40       00EF3
_I2C_SlaveIsRxBufFull                     text39       00EE2
_I2C_SlaveIsTxBufEmpty                    text38       00F49
_I2C_SlaveOpen                            text24       00F8E
_I2C_SlaveRdCallBack                      text36       00F78
_I2C_SlaveRdInterruptHandler              bssBANK0     00058
_I2C_SlaveReleaseClock                    text35       00EDC
_I2C_SlaveSendTxData                      text34       00EFD
_I2C_SlaveSetAddrIntHandler               text23       00F12
_I2C_SlaveSetBusColIntHandler             text22       00F18
_I2C_SlaveSetIsrHandler                   text21       00F1E
_I2C_SlaveSetReadIntHandler               text20       00F24
_I2C_SlaveSetSlaveAddr                    text19       00F02
_I2C_SlaveSetSlaveMask                    text18       00F07
_I2C_SlaveSetWrColIntHandler              text17       00F2A
_I2C_SlaveSetWriteIntHandler              text16       00F30
_I2C_SlaveWrCallBack                      text32       00F83
_I2C_SlaveWrColInterruptHandler           bssBANK0     00050
_I2C_SlaveWrInterruptHandler              bssBANK0     00056
_INTCONbits                               (abs)        0000B
_INTERRUPT_InterruptManager               intentry     00004
_LATA                                     (abs)        0010C
_LATB                                     (abs)        0010D
_LATBbits                                 (abs)        0010D
_LATC                                     (abs)        0010E
_LATCbits                                 (abs)        0010E
_MSSP_InterruptHandler                    bssBANK0     0005A
_OPTION_REGbits                           (abs)        00095
_OSCCON                                   (abs)        00099
_OSCILLATOR_Initialize                    text11       00F36
_PIE1bits                                 (abs)        00091
_PIE2bits                                 (abs)        00092
_PIN_MANAGER_IOC                          text30       00003
_PIN_MANAGER_Initialize                   text10       00FC5
_PIR1bits                                 (abs)        00011
_PIR2bits                                 (abs)        00012
_SSP1ADD                                  (abs)        00212
_SSP1BUF                                  (abs)        00211
_SSP1CON1                                 (abs)        00215
_SSP1CON1bits                             (abs)        00215
_SSP1CON2                                 (abs)        00216
_SSP1CON2bits                             (abs)        00216
_SSP1MSK                                  (abs)        00213
_SSP1STAT                                 (abs)        00214
_SSP1STATbits                             (abs)        00214
_SYSTEM_Initialize                        text8        00F9A
_TRISA                                    (abs)        0008C
_TRISB                                    (abs)        0008D
_TRISC                                    (abs)        0008E
_WDTCON                                   (abs)        00097
_WDTCONbits                               (abs)        00097
_WDT_Initialize                           text9        00EEA
_WPUA                                     (abs)        0020C
_WPUB                                     (abs)        0020D
__Habs1                                   abs1         00000
__Hbank0                                  bank0        00000
__Hbank1                                  bank1        00000
__Hbank10                                 bank10       00000
__Hbank11                                 bank11       00000
__Hbank12                                 bank12       00000
__Hbank13                                 bank13       00000
__Hbank14                                 bank14       00000
__Hbank15                                 bank15       00000
__Hbank16                                 bank16       00000
__Hbank17                                 bank17       00000
__Hbank18                                 bank18       00000
__Hbank19                                 bank19       00000
__Hbank2                                  bank2        00000
__Hbank20                                 bank20       00000
__Hbank21                                 bank21       00000
__Hbank22                                 bank22       00000
__Hbank23                                 bank23       00000
__Hbank24                                 bank24       00000
__Hbank25                                 bank25       00000
__Hbank26                                 bank26       00000
__Hbank27                                 bank27       00000
__Hbank28                                 bank28       00000
__Hbank29                                 bank29       00000
__Hbank3                                  bank3        00000
__Hbank30                                 bank30       00000
__Hbank31                                 bank31       00000
__Hbank4                                  bank4        00000
__Hbank5                                  bank5        00000
__Hbank6                                  bank6        00000
__Hbank7                                  bank7        00000
__Hbank8                                  bank8        00000
__Hbank9                                  bank9        00000
__Hbigram                                 bigram       00000
__HbssBANK0                               bssBANK0     00000
__HbssBANK1                               bssBANK1     00000
__HbssCOMMON                              bssCOMMON    00000
__Hcinit                                  cinit        00039
__Hclrtext                                clrtext      00000
__Hcode                                   code         00000
__Hcommon                                 common       00000
__Hconfig                                 config       08009
__HcstackBANK0                            cstackBANK0  00000
__HcstackBANK1                            cstackBANK1  00000
__HcstackCOMMON                           cstackCOMMON 00000
__Heeprom_data                            eeprom_data  00000
__Hend_init                               end_init     00023
__Hfunctab                                functab      00000
__Hheap                                   heap         00000
__Hidloc                                  idloc        08004
__Hinit                                   init         00021
__Hintentry                               intentry     00021
__Hmaintext                               maintext     00000
__Hpowerup                                powerup      00000
__Hram                                    ram          00000
__Hreset_vec                              reset_vec    00003
__Hsfr0                                   sfr0         00000
__Hsfr1                                   sfr1         00000
__Hsfr10                                  sfr10        00000
__Hsfr11                                  sfr11        00000
__Hsfr12                                  sfr12        00000
__Hsfr13                                  sfr13        00000
__Hsfr14                                  sfr14        00000
__Hsfr15                                  sfr15        00000
__Hsfr16                                  sfr16        00000
__Hsfr17                                  sfr17        00000
__Hsfr18                                  sfr18        00000
__Hsfr19                                  sfr19        00000
__Hsfr2                                   sfr2         00000
__Hsfr20                                  sfr20        00000
__Hsfr21                                  sfr21        00000
__Hsfr22                                  sfr22        00000
__Hsfr23                                  sfr23        00000
__Hsfr24                                  sfr24        00000
__Hsfr25                                  sfr25        00000
__Hsfr26                                  sfr26        00000
__Hsfr27                                  sfr27        00000
__Hsfr28                                  sfr28        00000
__Hsfr29                                  sfr29        00000
__Hsfr3                                   sfr3         00000
__Hsfr30                                  sfr30        00000
__Hsfr31                                  sfr31        00000
__Hsfr4                                   sfr4         00000
__Hsfr5                                   sfr5         00000
__Hsfr6                                   sfr6         00000
__Hsfr7                                   sfr7         00000
__Hsfr8                                   sfr8         00000
__Hsfr9                                   sfr9         00000
__Hspace_0                                (abs)        01000
__Hspace_1                                (abs)        000B1
__Hspace_2                                (abs)        00000
__Hspace_3                                (abs)        00000
__Hspace_4                                (abs)        10010
__Hstack                                  stack        00000
__Hstrings                                strings      00000
__Hstringtext1                            stringtext1  00000
__Htext                                   text         00000
__Labs1                                   abs1         00000
__Lbank0                                  bank0        00000
__Lbank1                                  bank1        00000
__Lbank10                                 bank10       00000
__Lbank11                                 bank11       00000
__Lbank12                                 bank12       00000
__Lbank13                                 bank13       00000
__Lbank14                                 bank14       00000
__Lbank15                                 bank15       00000
__Lbank16                                 bank16       00000
__Lbank17                                 bank17       00000
__Lbank18                                 bank18       00000
__Lbank19                                 bank19       00000
__Lbank2                                  bank2        00000
__Lbank20                                 bank20       00000
__Lbank21                                 bank21       00000
__Lbank22                                 bank22       00000
__Lbank23                                 bank23       00000
__Lbank24                                 bank24       00000
__Lbank25                                 bank25       00000
__Lbank26                                 bank26       00000
__Lbank27                                 bank27       00000
__Lbank28                                 bank28       00000
__Lbank29                                 bank29       00000
__Lbank3                                  bank3        00000
__Lbank30                                 bank30       00000
__Lbank31                                 bank31       00000
__Lbank4                                  bank4        00000
__Lbank5                                  bank5        00000
__Lbank6                                  bank6        00000
__Lbank7                                  bank7        00000
__Lbank8                                  bank8        00000
__Lbank9                                  bank9        00000
__Lbigram                                 bigram       00000
__LbssBANK0                               bssBANK0     00000
__LbssBANK1                               bssBANK1     00000
__LbssCOMMON                              bssCOMMON    00000
__Lcinit                                  cinit        00023
__Lclrtext                                clrtext      00000
__Lcode                                   code         00000
__Lcommon                                 common       00000
__Lconfig                                 config       00000
__LcstackBANK0                            cstackBANK0  00000
__LcstackBANK1                            cstackBANK1  00000
__LcstackCOMMON                           cstackCOMMON 00000
__Leeprom_data                            eeprom_data  00000
__Lend_init                               end_init     00021
__Lfunctab                                functab      00000
__Lheap                                   heap         00000
__Lidloc                                  idloc        00000
__Linit                                   init         00021
__Lintentry                               intentry     00004
__Lmaintext                               maintext     00000
__Lpowerup                                powerup      00000
__Lram                                    ram          00000
__Lreset_vec                              reset_vec    00000
__Lsfr0                                   sfr0         00000
__Lsfr1                                   sfr1         00000
__Lsfr10                                  sfr10        00000
__Lsfr11                                  sfr11        00000
__Lsfr12                                  sfr12        00000
__Lsfr13                                  sfr13        00000
__Lsfr14                                  sfr14        00000
__Lsfr15                                  sfr15        00000
__Lsfr16                                  sfr16        00000
__Lsfr17                                  sfr17        00000
__Lsfr18                                  sfr18        00000
__Lsfr19                                  sfr19        00000
__Lsfr2                                   sfr2         00000
__Lsfr20                                  sfr20        00000
__Lsfr21                                  sfr21        00000
__Lsfr22                                  sfr22        00000
__Lsfr23                                  sfr23        00000
__Lsfr24                                  sfr24        00000
__Lsfr25                                  sfr25        00000
__Lsfr26                                  sfr26        00000
__Lsfr27                                  sfr27        00000
__Lsfr28                                  sfr28        00000
__Lsfr29                                  sfr29        00000
__Lsfr3                                   sfr3         00000
__Lsfr30                                  sfr30        00000
__Lsfr31                                  sfr31        00000
__Lsfr4                                   sfr4         00000
__Lsfr5                                   sfr5         00000
__Lsfr6                                   sfr6         00000
__Lsfr7                                   sfr7         00000
__Lsfr8                                   sfr8         00000
__Lsfr9                                   sfr9         00000
__Lspace_0                                (abs)        00000
__Lspace_1                                (abs)        00000
__Lspace_2                                (abs)        00000
__Lspace_3                                (abs)        00000
__Lspace_4                                (abs)        00000
__Lstack                                  stack        00000
__Lstrings                                strings      00000
__Lstringtext1                            stringtext1  00000
__Ltext                                   text         00000
__S0                                      (abs)        01000
__S1                                      (abs)        000B1
__Umul8_16                                text4        00FE0
__Umul8_16@multiplicand                   cstackCOMMON 00073
__Umul8_16@multiplier                     cstackBANK0  00024
__Umul8_16@product                        cstackBANK0  00020
__Umul8_16@word_mpld                      cstackBANK0  00022
___fldiv                                  text6        0041F
___fldiv@a                                cstackBANK0  0002A
___fldiv@aexp                             cstackBANK0  00043
___fldiv@b                                cstackBANK0  0002E
___fldiv@bexp                             cstackBANK0  00042
___fldiv@grs                              cstackBANK0  0003E
___fldiv@new_exp                          cstackBANK0  0003C
___fldiv@rem                              cstackBANK0  00037
___fldiv@sign                             cstackBANK0  0003B
___flge                                   text5        00623
___flge@ff1                               cstackBANK0  00020
___flge@ff2                               cstackBANK0  00024
___flmul                                  text3        00039
___flmul@a                                cstackBANK0  00029
___flmul@aexp                             cstackBANK0  00033
___flmul@b                                cstackBANK0  00025
___flmul@bexp                             cstackBANK0  00038
___flmul@grs                              cstackBANK0  00034
___flmul@prod                             cstackBANK0  00039
___flmul@sign                             cstackBANK0  00032
___flmul@temp                             cstackBANK0  0003D
___heap_hi                                (abs)        00000
___heap_lo                                (abs)        00000
___int_sp                                 stack        00000
___latbits                                (abs)        00001
___sp                                     stack        00000
___stackhi                                (abs)        00000
___stacklo                                (abs)        00000
___xxtofl                                 text2        0058F
___xxtofl@arg                             cstackBANK0  00026
___xxtofl@exp                             cstackBANK0  00025
___xxtofl@sign                            cstackBANK0  00024
___xxtofl@val                             cstackCOMMON 00073
__end_of_ADC_GetConversion                text7        00FC5
__end_of_ADC_Initialize                   text14       00F59
__end_of_FVR_Initialize                   text13       00EEA
__end_of_I2C_Handler                      text26       00719
__end_of_I2C_Initialize                   text12       00F6D
__end_of_I2C_Isr                          text31       0076D
__end_of_I2C_Open                         text15       007A5
__end_of_I2C_SlaveAddrCallBack            text43       00F78
__end_of_I2C_SlaveClearIrq                text42       00EDC
__end_of_I2C_SlaveDefAddrInterruptHandler text44       00EF3
__end_of_I2C_SlaveDefRdInterruptHandler   text37       00EFD
__end_of_I2C_SlaveDefWrInterruptHandler   text33       007F7
__end_of_I2C_SlaveEnableIrq               text25       00EE2
__end_of_I2C_SlaveGetRxData               text45       00ED9
__end_of_I2C_SlaveIsAddr                  text41       00F49
__end_of_I2C_SlaveIsRead                  text40       00EF8
__end_of_I2C_SlaveIsRxBufFull             text39       00EE6
__end_of_I2C_SlaveIsTxBufEmpty            text38       00F50
__end_of_I2C_SlaveOpen                    text24       00F9A
__end_of_I2C_SlaveRdCallBack              text36       00F83
__end_of_I2C_SlaveReleaseClock            text35       00EDF
__end_of_I2C_SlaveSendTxData              text34       00F02
__end_of_I2C_SlaveSetAddrIntHandler       text23       00F18
__end_of_I2C_SlaveSetBusColIntHandler     text22       00F1E
__end_of_I2C_SlaveSetIsrHandler           text21       00F24
__end_of_I2C_SlaveSetReadIntHandler       text20       00F2A
__end_of_I2C_SlaveSetSlaveAddr            text19       00F07
__end_of_I2C_SlaveSetSlaveMask            text18       00F0C
__end_of_I2C_SlaveSetWrColIntHandler      text17       00F30
__end_of_I2C_SlaveSetWriteIntHandler      text16       00F36
__end_of_I2C_SlaveWrCallBack              text32       00F8E
__end_of_INTERRUPT_InterruptManager       intentry     00021
__end_of_OSCILLATOR_Initialize            text11       00F3C
__end_of_PIN_MANAGER_IOC                  text30       00004
__end_of_PIN_MANAGER_Initialize           text10       00FE0
__end_of_SYSTEM_Initialize                text8        00FAC
__end_of_WDT_Initialize                   text9        00EEE
__end_of__Umul8_16                        text4        01000
__end_of___fldiv                          text6        0058F
__end_of___flge                           text5        0069F
__end_of___flmul                          text3        00249
__end_of___xxtofl                         text2        00623
__end_of__initialization                  cinit        00035
__end_of_main                             maintext     007D5
__end_of_safety                           stringtext1  00803
__end_of_sendTempDataToMaster             text28       00F12
__end_of_sendVSNSDataToMaster             text27       00F63
__end_of_updateMemoryValues               text1        0041F
__initialization                          cinit        00023
__pbssBANK0                               bssBANK0     0004A
__pbssBANK1                               bssBANK1     000A0
__pbssCOMMON                              bssCOMMON    00077
__pcstackBANK0                            cstackBANK0  00020
__pcstackBANK1                            cstackBANK1  000AB
__pcstackCOMMON                           cstackCOMMON 00070
__pintentry                               intentry     00004
__pmaintext                               maintext     007A5
__pstringtext1                            stringtext1  007F7
__ptext1                                  text1        00249
__ptext10                                 text10       00FC5
__ptext11                                 text11       00F36
__ptext12                                 text12       00F63
__ptext13                                 text13       00EE6
__ptext14                                 text14       00F50
__ptext15                                 text15       0076D
__ptext16                                 text16       00F30
__ptext17                                 text17       00F2A
__ptext18                                 text18       00F07
__ptext19                                 text19       00F02
__ptext2                                  text2        0058F
__ptext20                                 text20       00F24
__ptext21                                 text21       00F1E
__ptext22                                 text22       00F18
__ptext23                                 text23       00F12
__ptext24                                 text24       00F8E
__ptext25                                 text25       00EDF
__ptext26                                 text26       0069F
__ptext27                                 text27       00F59
__ptext28                                 text28       00F0C
__ptext3                                  text3        00039
__ptext30                                 text30       00003
__ptext31                                 text31       00719
__ptext32                                 text32       00F83
__ptext33                                 text33       007D5
__ptext34                                 text34       00EFD
__ptext35                                 text35       00EDC
__ptext36                                 text36       00F78
__ptext37                                 text37       00EF8
__ptext38                                 text38       00F49
__ptext39                                 text39       00EE2
__ptext4                                  text4        00FE0
__ptext40                                 text40       00EF3
__ptext41                                 text41       00F42
__ptext42                                 text42       00ED9
__ptext43                                 text43       00F6D
__ptext44                                 text44       00EEE
__ptext45                                 text45       00ED6
__ptext5                                  text5        00623
__ptext6                                  text6        0041F
__ptext7                                  text7        00FAC
__ptext8                                  text8        00F9A
__ptext9                                  text9        00EEA
_converter                                bssBANK0     0004A
_i2cRdData                                bssBANK0     00060
_i2cSlaveAddr                             bssBANK0     0005F
_i2cSlaveState                            bssBANK0     0005E
_i2cWrData                                bssBANK0     00061
_i2cWrData_10                             bssBANK0     0006A
_i2cWrData_11                             bssBANK0     0006B
_i2cWrData_12                             bssBANK0     0006C
_i2cWrData_13                             bssCOMMON    00077
_i2cWrData_14                             bssCOMMON    00078
_i2cWrData_15                             bssCOMMON    00079
_i2cWrData_5                              bssBANK0     00065
_i2cWrData_6                              bssBANK0     00066
_i2cWrData_7                              bssBANK0     00067
_i2cWrData_8                              bssBANK0     00068
_i2cWrData_9                              bssBANK0     00069
_i2cWrData_Quaternary                     bssBANK0     00064
_i2cWrData_Secondary                      bssBANK0     00062
_i2cWrData_Tertiary                       bssBANK0     00063
_main                                     maintext     007A5
_memory                                   bssBANK1     000A0
_safety                                   stringtext1  007F7
_selectedReference                        bssBANK0     0005C
_sendTempDataToMaster                     text28       00F0C
_sendVSNSDataToMaster                     text27       00F59
_updateMemoryValues                       text1        00249
btemp                                     (abs)        0007E
clear_ram0                                clrtext      00F3C
end_of_initialization                     cinit        00035
int$flags                                 (abs)        0007E
intlevel0                                 functab      00000
intlevel1                                 functab      00000
intlevel2                                 functab      00000
intlevel3                                 functab      00000
intlevel4                                 functab      00000
intlevel5                                 functab      00000
reset_vec                                 reset_vec    00000
sendTempDataToMaster@toSend               cstackCOMMON 00073
start                                     init         00021
start_initialization                      cinit        00023
updateMemoryValues@Vbit                   cstackBANK1  000AB
updateMemoryValues@fvr_Test               cstackBANK1  000AF
wtemp0                                    (abs)        0007E


MODULE INFORMATION

Module		Function		Class		Link	Load	Size
C:\Program Files\Microchip\xc8\v2.40\pic\sources\c99\common\sprcmul.c
		___flmul       		CODE           	0039	0000	528

C:\Program Files\Microchip\xc8\v2.40\pic\sources\c99\common\sprcmul.c estimated size: 528

C:\Program Files\Microchip\xc8\v2.40\pic\sources\c99\common\sprcdiv.c
		___fldiv       		CODE           	041F	0000	368

C:\Program Files\Microchip\xc8\v2.40\pic\sources\c99\common\sprcdiv.c estimated size: 368

mcc_generated_files/fvr.c
		_FVR_Initialize		CODE           	0EE6	0000	4

mcc_generated_files/fvr.c estimated size: 4

mcc_generated_files/i2c_slave.c
		_I2C_SlaveDefRdInterruptHandler		CODE           	0EF8	0000	5
		_I2C_SlaveDefWrInterruptHandler		CODE           	07D5	0000	34
		_I2C_SlaveSetWrColIntHandler		CODE           	0F2A	0000	6
		_I2C_SlaveSetWriteIntHandler		CODE           	0F30	0000	6
		_I2C_SlaveOpen 		CODE           	0F8E	0000	12
		_I2C_SlaveSetSlaveAddr		CODE           	0F02	0000	5
		_I2C_SlaveIsRxBufFull		CODE           	0EE2	0000	4
		_I2C_SlaveClearIrq		CODE           	0ED9	0000	3
		_I2C_SlaveGetRxData		CODE           	0ED6	0000	3
		_I2C_SlaveSetSlaveMask		CODE           	0F07	0000	5
		_I2C_Isr       		CODE           	0719	0000	84
		_I2C_SlaveDefAddrInterruptHandler		CODE           	0EEE	0000	5
		_I2C_Open      		CODE           	076D	0000	56
		_I2C_SlaveIsRead		CODE           	0EF3	0000	5
		_I2C_SlaveSetIsrHandler		CODE           	0F1E	0000	6
		_I2C_SlaveIsAddr		CODE           	0F42	0000	7
		_I2C_SlaveSetBusColIntHandler		CODE           	0F18	0000	6
		_I2C_SlaveEnableIrq		CODE           	0EDF	0000	3
		_I2C_SlaveSendTxData		CODE           	0EFD	0000	5
		_I2C_SlaveRdCallBack		CODE           	0F78	0000	11
		_I2C_SlaveWrCallBack		CODE           	0F83	0000	11
		_I2C_SlaveSetReadIntHandler		CODE           	0F24	0000	6
		_I2C_SlaveAddrCallBack		CODE           	0F6D	0000	11
		_I2C_Initialize		CODE           	0F63	0000	10
		_I2C_SlaveIsTxBufEmpty		CODE           	0F49	0000	7
		_I2C_SlaveSetAddrIntHandler		CODE           	0F12	0000	6
		_I2C_SlaveReleaseClock		CODE           	0EDC	0000	3

mcc_generated_files/i2c_slave.c estimated size: 325

mcc_generated_files/interrupt_manager.c
		_INTERRUPT_InterruptManager		CODE           	0004	0000	29

mcc_generated_files/interrupt_manager.c estimated size: 29

mcc_generated_files/pin_manager.c
		_PIN_MANAGER_Initialize		CODE           	0FC5	0000	27
		_PIN_MANAGER_IOC		CODE           	0003	0000	1

mcc_generated_files/pin_manager.c estimated size: 28

mcc_generated_files/adc.c
		_ADC_Initialize		CODE           	0F50	0000	9
		_ADC_GetConversion		CODE           	0FAC	0000	25

mcc_generated_files/adc.c estimated size: 34

C:\Program Files\Microchip\xc8\v2.40\pic\sources\c99\common\xxtofl.c
		___xxtofl      		CODE           	058F	0000	148

C:\Program Files\Microchip\xc8\v2.40\pic\sources\c99\common\xxtofl.c estimated size: 148

shared
		_safety        		STRCODE        	07F7	0000	12
		__initialization		CODE           	0023	0000	18

shared estimated size: 30

mcc_generated_files/mcc.c
		_WDT_Initialize		CODE           	0EEA	0000	4
		_OSCILLATOR_Initialize		CODE           	0F36	0000	6
		_SYSTEM_Initialize		CODE           	0F9A	0000	18

mcc_generated_files/mcc.c estimated size: 28

C:\Program Files\Microchip\xc8\v2.40\pic\sources\c99\common\flge.c
		___flge        		CODE           	0623	0000	124

C:\Program Files\Microchip\xc8\v2.40\pic\sources\c99\common\flge.c estimated size: 124

C:\Program Files\Microchip\xc8\v2.40\pic\sources\c99\common\Umul8_16.c
		__Umul8_16     		CODE           	0FE0	0000	32

C:\Program Files\Microchip\xc8\v2.40\pic\sources\c99\common\Umul8_16.c estimated size: 32

main.c
		_main          		CODE           	07A5	0000	48
		_I2C_Handler   		CODE           	069F	0000	122
		_sendVSNSDataToMaster		CODE           	0F59	0000	10
		_updateMemoryValues		CODE           	0249	0000	470
		_sendTempDataToMaster		CODE           	0F0C	0000	6

main.c estimated size: 656

