Archive member included to satisfy reference by file (symbol)

c:/program files/microchip/xc32/v4.20/bin/bin/../../lib/gcc/pic32c/8.3.1/../../../../pic32c/lib/thumb/v6-m/nofp\libpic32c.a(data_init_wrapper.o)
                              build/main/production/_ext/779799956/startup_xc32.o (__pic32c_data_initialization)
c:/program files/microchip/xc32/v4.20/bin/bin/../../lib/gcc/pic32c/8.3.1/../../../../pic32c/lib/thumb/v6-m/nofp\libpic32c.a(data_init_0_1.o)
                              c:/program files/microchip/xc32/v4.20/bin/bin/../../lib/gcc/pic32c/8.3.1/../../../../pic32c/lib/thumb/v6-m/nofp\libpic32c.a(data_init_wrapper.o) (__pic32c_data_initialization_impl)
c:/program files/microchip/xc32/v4.20/bin/bin/../../lib/gcc/pic32c/8.3.1/../../../../pic32c/lib/thumb/v6-m/nofp\libm-emfloat.a(__aeabi_fadd.o)
                              build/main/production/_ext/1716667835/plib_sercom3_i2c_master.o (__aeabi_fadd)
c:/program files/microchip/xc32/v4.20/bin/bin/../../lib/gcc/pic32c/8.3.1/../../../../pic32c/lib/thumb/v6-m/nofp\libm-emfloat.a(__aeabi_fsub.o)
                              build/main/production/_ext/1716667835/plib_sercom3_i2c_master.o (__aeabi_fsub)
c:/program files/microchip/xc32/v4.20/bin/bin/../../lib/gcc/pic32c/8.3.1/../../../../pic32c/lib/thumb/v6-m/nofp\libm-emfloat.a(__aeabi_fmul.o)
                              build/main/production/_ext/1716667835/plib_sercom3_i2c_master.o (__aeabi_fmul)
c:/program files/microchip/xc32/v4.20/bin/bin/../../lib/gcc/pic32c/8.3.1/../../../../pic32c/lib/thumb/v6-m/nofp\libm-emfloat.a(__aeabi_fdiv.o)
                              build/main/production/_ext/1716667835/plib_sercom3_i2c_master.o (__aeabi_fdiv)
c:/program files/microchip/xc32/v4.20/bin/bin/../../lib/gcc/pic32c/8.3.1/../../../../pic32c/lib/thumb/v6-m/nofp\libm-emfloat.a(__aeabi_f2uiz.o)
                              build/main/production/_ext/1716667835/plib_sercom3_i2c_master.o (__aeabi_f2uiz)
c:/program files/microchip/xc32/v4.20/bin/bin/../../lib/gcc/pic32c/8.3.1/../../../../pic32c/lib/thumb/v6-m/nofp\libm-emfloat.a(__aeabi_ui2f.o)
                              build/main/production/_ext/1716667835/plib_sercom3_i2c_master.o (__aeabi_ui2f)
c:/program files/microchip/xc32/v4.20/bin/bin/../../lib/gcc/pic32c/8.3.1/../../../../pic32c/lib/thumb/v6-m/nofp\libc-musl.a(__libc_start_main.o)
                              build/main/production/_ext/779799956/startup_xc32.o (__libc_init_array)
c:/program files/microchip/xc32/v4.20/bin/bin/../../lib/gcc/pic32c/8.3.1/../../../../pic32c/lib/thumb/v6-m/nofp\libc-musl.a(libc.o)
                              c:/program files/microchip/xc32/v4.20/bin/bin/../../lib/gcc/pic32c/8.3.1/../../../../pic32c/lib/thumb/v6-m/nofp\libc-musl.a(__libc_start_main.o) (__progname_full)
c:/program files/microchip/xc32/v4.20/bin/bin/../../lib/gcc/pic32c/8.3.1/../../../../pic32c/lib/thumb/v6-m/nofp\libc-musl.a(memcpy.o)
                              build/main/production/_ext/897576640/plib_can0.o (memcpy)
c:/program files/microchip/xc32/v4.20/bin/bin/../../lib/gcc/pic32c/8.3.1/../../../../pic32c/lib/thumb/v6-m/nofp\libc-musl.a(memset.o)
                              build/main/production/_ext/897576640/plib_can0.o (memset)
c:/program files/microchip/xc32/v4.20/bin/bin/../../lib/gcc/pic32c/8.3.1/../../../../pic32c/lib/thumb/v6-m/nofp\libc-musl.a(__environ.o)
                              c:/program files/microchip/xc32/v4.20/bin/bin/../../lib/gcc/pic32c/8.3.1/../../../../pic32c/lib/thumb/v6-m/nofp\libc-musl.a(__libc_start_main.o) (__environ)
c:/program files/microchip/xc32/v4.20/bin/bin/../../lib/gcc/pic32c/8.3.1/thumb/v6-m/nofp\libgcc.a(_udivsi3.o)
                              build/main/production/_ext/1716667835/plib_sercom3_i2c_master.o (__aeabi_uidiv)
c:/program files/microchip/xc32/v4.20/bin/bin/../../lib/gcc/pic32c/8.3.1/thumb/v6-m/nofp\libgcc.a(_dvmd_tls.o)
                              c:/program files/microchip/xc32/v4.20/bin/bin/../../lib/gcc/pic32c/8.3.1/thumb/v6-m/nofp\libgcc.a(_udivsi3.o) (__aeabi_idiv0)

Microchip PIC32 Memory-Usage Report

ROM Program-Memory Usage
section                    address  length [bytes]      (dec)  Description
-------                 ----------  -------------------------  -----------
.vectors                         0           0xbc         188   
.text                         0xbc           0x20          32  App's exec code 
.text.xTaskCreate             0xdc          0x208         520   
.dinit                       0x2e4          0x1e0         480   
.text.SERCOM3_I2C_Inter      0x4c4          0x1b0         432   
.text.xTaskIncrementTic      0x674          0x190         400   
.text.xTaskResumeAll         0x804          0x164         356   
.text.CLOCK_Initialize       0x968           0xec         236   
.text.vTaskSwitchContex      0xa54           0xc4         196   
.text.pvPortMalloc           0xb18           0x90         144   
.text.EIC_Initialize         0xba8           0x88         136   
[...]
Memory Configuration

Name             Origin             Length             Attributes
rom              0x00000000         0x00040000         xrl
ram              0x20000000         0x00008000         xw !r
config_00804000  0x00804000         0x00000004
config_00804004  0x00804004         0x00000004
*default*        0x00000000         0xffffffff

Linker script and memory map

LOAD c:/program files/microchip/xc32/v4.20/bin/bin/../../lib/gcc/pic32c/8.3.1/thumb/v6-m/nofp/crti.o
LOAD c:/program files/microchip/xc32/v4.20/bin/bin/../../lib/gcc/pic32c/8.3.1/thumb/v6-m/nofp/crtbegin.o
LOAD build/main/production/_ext/897574800/plib_adc0.o
LOAD build/main/production/_ext/897574800/plib_adc1.o
LOAD build/main/production/_ext/897576640/plib_can0.o
LOAD build/main/production/_ext/716943618/plib_clock.o
LOAD build/main/production/_ext/897578166/plib_dsu.o
LOAD build/main/production/_ext/897578799/plib_eic.o
LOAD build/main/production/_ext/714794132/plib_evsys.o
LOAD build/main/production/_ext/2055419890/plib_nvic.o
LOAD build/main/production/_ext/330986880/plib_nvmctrl.o
LOAD build/main/production/_ext/2055473041/plib_port.o
LOAD build/main/production/_ext/2033665318/xc32_monitor.o
LOAD build/main/production/_ext/779799956/initialization.o
LOAD build/main/production/_ext/779799956/interrupts.o
LOAD build/main/production/_ext/779799956/exceptions.o
LOAD build/main/production/_ext/779799956/startup_xc32.o
LOAD build/main/production/_ext/779799956/libc_syscalls.o
LOAD build/main/production/_ext/779799956/freertos_hooks.o
LOAD build/main/production/_ext/1624415188/port.o
LOAD build/main/production/_ext/1665200909/heap_1.o
LOAD build/main/production/_ext/404212886/croutine.o
LOAD build/main/production/_ext/404212886/list.o
LOAD build/main/production/_ext/404212886/queue.o
LOAD build/main/production/_ext/404212886/FreeRTOS_tasks.o
LOAD build/main/production/_ext/404212886/timers.o
LOAD build/main/production/_ext/404212886/event_groups.o
LOAD build/main/production/_ext/404212886/stream_buffer.o
LOAD build/main/production/_ext/1360937237/main.o
LOAD build/main/production/_ext/897593028/plib_tcc0.o
LOAD build/main/production/_ext/1716667835/plib_sercom3_i2c_master.o
LOAD build/main/production/_ext/1575887385/sys_int.o
LOAD build/main/production/_ext/1728049874/osal_freertos.o
LOAD build/main/production/_ext/1360937237/app.o
LOAD build/main/production/_ext/779799956/tasks.o
                0x00000001                __MPLAB_BUILD = 0x1
                0x00040000                __rom_end = (ORIGIN (rom) + LENGTH (rom))
                0x20008000                __ram_end = (ORIGIN (ram) + LENGTH (ram))

.config_00804000
 *(.config_00804000)

.config_00804004
 *(.config_00804004)

.vectors        0x00000000       0xbc
                0x00000000                . = ALIGN (0x4)
                0x00000000                _sfixed = .
 *(.vectors .vectors.* .vectors_default .vectors_default.*)
 .vectors.exception_table
                0x00000000       0xbc build/main/production/_ext/779799956/interrupts.o
                0x00000000                exception_table
 *(.isr_vector)
 *(.reset*)
 *(.after_vectors)

.text           0x000000bc       0x20
                0x000000bc                . = ALIGN (0x4)
 *(.glue_7t)
 .glue_7t       0x000000bc        0x0 linker stubs
 *(.glue_7)
 .glue_7        0x000000bc        0x0 linker stubs
 *(.gnu.linkonce.r.*)
 *(.ARM.extab* .gnu.linkonce.armextab.*)
                0x000000bc                . = ALIGN (0x4)
 *(.init)
 .init          0x000000bc        0x4 c:/program files/microchip/xc32/v4.20/bin/bin/../../lib/gcc/pic32c/8.3.1/thumb/v6-m/nofp/crti.o
                0x000000bc                _init
 .init          0x000000c0        0x8 c:/program files/microchip/xc32/v4.20/bin/bin/../../lib/gcc/pic32c/8.3.1/thumb/v6-m/nofp/crtn.o
                0x000000c8                . = ALIGN (0x4)
                0x000000c8                __preinit_array_start = .
 *(.preinit_array)
                0x000000c8                __preinit_array_end = .
                0x000000c8                . = ALIGN (0x4)
                0x000000c8                __init_array_start = .
 *(SORT_BY_NAME(.init_array.*))
 *(.init_array)
 .init_array    0x000000c8        0x4 c:/program files/microchip/xc32/v4.20/bin/bin/../../lib/gcc/pic32c/8.3.1/thumb/v6-m/nofp/crtbegin.o
                0x000000cc                __init_array_end = .
                0x000000cc                . = ALIGN (0x4)
 *crtbegin.o(.ctors)
 *(EXCLUDE_FILE(*crtend.o) .ctors)
 *(SORT_BY_NAME(.ctors.*))
 *crtend.o(.ctors)
                0x000000cc                . = ALIGN (0x4)
 *(.fini)
 .fini          0x000000cc        0x4 c:/program files/microchip/xc32/v4.20/bin/bin/../../lib/gcc/pic32c/8.3.1/thumb/v6-m/nofp/crti.o
                0x000000cc                _fini
 .fini          0x000000d0        0x8 c:/program files/microchip/xc32/v4.20/bin/bin/../../lib/gcc/pic32c/8.3.1/thumb/v6-m/nofp/crtn.o
                0x000000d8                . = ALIGN (0x4)
                0x000000d8                __fini_array_start = .
 *(.fini_array)
 .fini_array    0x000000d8        0x4 c:/program files/microchip/xc32/v4.20/bin/bin/../../lib/gcc/pic32c/8.3.1/thumb/v6-m/nofp/crtbegin.o
 *(SORT_BY_NAME(.fini_array.*))
                0x000000dc                __fini_array_end = .
 *crtbegin.o(.dtors)
 *(EXCLUDE_FILE(*crtend.o) .dtors)
 *(SORT_BY_NAME(.dtors.*))
 *crtend.o(.dtors)
                0x000000dc                . = ALIGN (0x4)
                0x000000dc                _efixed = .
                [!provide]                PROVIDE (__exidx_start = .)

.ARM.exidx
 *(.ARM.exidx* .gnu.linkonce.armexidx.*)
                [!provide]                PROVIDE (__exidx_end = .)
                0x000000dc                . = ALIGN (0x4)
                0x000000dc                _etext = .

.bss            0x20000000        0x0
                0x20000000                . = ALIGN (0x4)
                0x20000000                __bss_start__ = .
                0x20000000                _sbss = .
                0x20000000                _szero = .
 *(COMMON)
                0x20000000                . = ALIGN (0x4)
                0x20000000                __bss_end__ = .
                0x20000000                _ebss = .
                0x20000000                _ezero = .
                0x20000000                . = ALIGN (0x4)
                0x20000000                _end = .
                0x20007fff                _ram_end_ = ((ORIGIN (ram) + LENGTH (ram)) - 0x1)
                0x00000400                _min_heap_size = 0x400
START GROUP
LOAD c:/program files/microchip/xc32/v4.20/bin/bin/../../lib/gcc/pic32c/8.3.1/../../../../pic32c/lib/thumb/v6-m/nofp\libpic32c.a
LOAD c:/program files/microchip/xc32/v4.20/bin/bin/../../lib/gcc/pic32c/8.3.1/../../../../pic32c/lib/thumb/v6-m/nofp\libm-emfloat.a
LOAD c:/program files/microchip/xc32/v4.20/bin/bin/../../lib/gcc/pic32c/8.3.1/../../../../pic32c/lib/thumb/v6-m/nofp\libc-musl.a
LOAD c:/program files/microchip/xc32/v4.20/bin/bin/../../lib/gcc/pic32c/8.3.1/../../../../pic32c/lib/thumb/v6-m/nofp\libm-emfloat.a
LOAD c:/program files/microchip/xc32/v4.20/bin/bin/../../lib/gcc/pic32c/8.3.1/thumb/v6-m/nofp\libgcc.a
END GROUP
LOAD c:/program files/microchip/xc32/v4.20/bin/bin/../../lib/gcc/pic32c/8.3.1/thumb/v6-m/nofp/crtend.o
LOAD c:/program files/microchip/xc32/v4.20/bin/bin/../../lib/gcc/pic32c/8.3.1/thumb/v6-m/nofp/crtn.o
OUTPUT(dist/main/production/main.X.production.elf elf32-littlearm)
LOAD stack
LOAD data_init

.ARM.attributes
                0x00000000       0x2a
 .ARM.attributes
                0x00000000       0x1e c:/program files/microchip/xc32/v4.20/bin/bin/../../lib/gcc/pic32c/8.3.1/thumb/v6-m/nofp/crti.o
 .ARM.attributes
                0x0000001e       0x2c c:/program files/microchip/xc32/v4.20/bin/bin/../../lib/gcc/pic32c/8.3.1/thumb/v6-m/nofp/crtbegin.o
 .ARM.attributes
                0x0000004a       0x2c build/main/production/_ext/897574800/plib_adc0.o
 .ARM.attributes
                0x00000076       0x2c build/main/production/_ext/897574800/plib_adc1.o
 .ARM.attributes
                0x000000a2       0x2c build/main/production/_ext/897576640/plib_can0.o
 .ARM.attributes
                0x000000ce       0x2c build/main/production/_ext/716943618/plib_clock.o
 .ARM.attributes
                0x000000fa       0x2c build/main/production/_ext/897578799/plib_eic.o
 .ARM.attributes
                0x00000126       0x2c build/main/production/_ext/714794132/plib_evsys.o
 .ARM.attributes
                0x00000152       0x2c build/main/production/_ext/2055419890/plib_nvic.o
 .ARM.attributes
                0x0000017e       0x2c build/main/production/_ext/330986880/plib_nvmctrl.o
 .ARM.attributes
                0x000001aa       0x2c build/main/production/_ext/2055473041/plib_port.o
 .ARM.attributes
                0x000001d6       0x2c build/main/production/_ext/779799956/initialization.o
 .ARM.attributes
                0x00000202       0x2c build/main/production/_ext/779799956/interrupts.o
 .ARM.attributes
                0x0000022e       0x2c build/main/production/_ext/779799956/exceptions.o
 .ARM.attributes
                0x0000025a       0x2c build/main/production/_ext/779799956/startup_xc32.o
 .ARM.attributes
                0x00000286       0x2c build/main/production/_ext/779799956/freertos_hooks.o
 .ARM.attributes
                0x000002b2       0x2c build/main/production/_ext/1624415188/port.o
 .ARM.attributes
                0x000002de       0x2c build/main/production/_ext/1665200909/heap_1.o
 .ARM.attributes
                0x0000030a       0x2c build/main/production/_ext/404212886/list.o
 .ARM.attributes
                0x00000336       0x2c build/main/production/_ext/404212886/FreeRTOS_tasks.o
 .ARM.attributes
                0x00000362       0x2c build/main/production/_ext/1360937237/main.o
 .ARM.attributes
                0x0000038e       0x2c build/main/production/_ext/897593028/plib_tcc0.o
 .ARM.attributes
                0x000003ba       0x2c build/main/production/_ext/1716667835/plib_sercom3_i2c_master.o
 .ARM.attributes
                0x000003e6       0x2c build/main/production/_ext/1360937237/app.o
 .ARM.attributes
                0x00000412       0x2c build/main/production/_ext/779799956/tasks.o
 .ARM.attributes
                0x0000043e       0x2c c:/program files/microchip/xc32/v4.20/bin/bin/../../lib/gcc/pic32c/8.3.1/../../../../pic32c/lib/thumb/v6-m/nofp\libpic32c.a(data_init_wrapper.o)
 .ARM.attributes
                0x0000046a       0x2c c:/program files/microchip/xc32/v4.20/bin/bin/../../lib/gcc/pic32c/8.3.1/../../../../pic32c/lib/thumb/v6-m/nofp\libpic32c.a(data_init_0_1.o)
 .ARM.attributes
                0x00000496       0x2e c:/program files/microchip/xc32/v4.20/bin/bin/../../lib/gcc/pic32c/8.3.1/../../../../pic32c/lib/thumb/v6-m/nofp\libc-musl.a(__libc_start_main.o)
 .ARM.attributes
                0x000004c4       0x2e c:/program files/microchip/xc32/v4.20/bin/bin/../../lib/gcc/pic32c/8.3.1/../../../../pic32c/lib/thumb/v6-m/nofp\libc-musl.a(libc.o)
 .ARM.attributes
                0x000004f2       0x2e c:/program files/microchip/xc32/v4.20/bin/bin/../../lib/gcc/pic32c/8.3.1/../../../../pic32c/lib/thumb/v6-m/nofp\libc-musl.a(memset.o)
 .ARM.attributes
                0x00000520       0x2e c:/program files/microchip/xc32/v4.20/bin/bin/../../lib/gcc/pic32c/8.3.1/../../../../pic32c/lib/thumb/v6-m/nofp\libc-musl.a(__environ.o)
 .ARM.attributes
                0x0000054e       0x1e c:/program files/microchip/xc32/v4.20/bin/bin/../../lib/gcc/pic32c/8.3.1/thumb/v6-m/nofp/crtn.o

.comment        0x00000000       0x2b
 .comment       0x00000000       0x2b c:/program files/microchip/xc32/v4.20/bin/bin/../../lib/gcc/pic32c/8.3.1/thumb/v6-m/nofp/crtbegin.o
                                 0x2c (size before relaxing)
 .comment       0x0000002b       0x2c build/main/production/_ext/897574800/plib_adc0.o
 .comment       0x0000002b       0x2c build/main/production/_ext/897574800/plib_adc1.o
 .comment       0x0000002b       0x2c build/main/production/_ext/897576640/plib_can0.o
 .comment       0x0000002b       0x2c build/main/production/_ext/716943618/plib_clock.o
 .comment       0x0000002b       0x2c build/main/production/_ext/897578799/plib_eic.o
 .comment       0x0000002b       0x2c build/main/production/_ext/714794132/plib_evsys.o
 .comment       0x0000002b       0x2c build/main/production/_ext/2055419890/plib_nvic.o
 .comment       0x0000002b       0x2c build/main/production/_ext/330986880/plib_nvmctrl.o
 .comment       0x0000002b       0x2c build/main/production/_ext/2055473041/plib_port.o
 .comment       0x0000002b       0x2c build/main/production/_ext/779799956/initialization.o
 .comment       0x0000002b       0x2c build/main/production/_ext/779799956/interrupts.o
 .comment       0x0000002b       0x2c build/main/production/_ext/779799956/exceptions.o
 .comment       0x0000002b       0x2c build/main/production/_ext/779799956/startup_xc32.o
 .comment       0x0000002b       0x2c build/main/production/_ext/779799956/freertos_hooks.o
 .comment       0x0000002b       0x2c build/main/production/_ext/1624415188/port.o
 .comment       0x0000002b       0x2c build/main/production/_ext/1665200909/heap_1.o
 .comment       0x0000002b       0x2c build/main/production/_ext/404212886/list.o
 .comment       0x0000002b       0x2c build/main/production/_ext/404212886/FreeRTOS_tasks.o
 .comment       0x0000002b       0x2c build/main/production/_ext/1360937237/main.o
 .comment       0x0000002b       0x2c build/main/production/_ext/897593028/plib_tcc0.o
 .comment       0x0000002b       0x2c build/main/production/_ext/1716667835/plib_sercom3_i2c_master.o
 .comment       0x0000002b       0x2c build/main/production/_ext/1360937237/app.o
 .comment       0x0000002b       0x2c build/main/production/_ext/779799956/tasks.o
 .comment       0x0000002b       0x2c c:/program files/microchip/xc32/v4.20/bin/bin/../../lib/gcc/pic32c/8.3.1/../../../../pic32c/lib/thumb/v6-m/nofp\libpic32c.a(data_init_wrapper.o)
 .comment       0x0000002b       0x2c c:/program files/microchip/xc32/v4.20/bin/bin/../../lib/gcc/pic32c/8.3.1/../../../../pic32c/lib/thumb/v6-m/nofp\libpic32c.a(data_init_0_1.o)
 .comment       0x0000002b       0x2c c:/program files/microchip/xc32/v4.20/bin/bin/../../lib/gcc/pic32c/8.3.1/../../../../pic32c/lib/thumb/v6-m/nofp\libc-musl.a(__libc_start_main.o)
 .comment       0x0000002b       0x2c c:/program files/microchip/xc32/v4.20/bin/bin/../../lib/gcc/pic32c/8.3.1/../../../../pic32c/lib/thumb/v6-m/nofp\libc-musl.a(libc.o)
 .comment       0x0000002b       0x2c c:/program files/microchip/xc32/v4.20/bin/bin/../../lib/gcc/pic32c/8.3.1/../../../../pic32c/lib/thumb/v6-m/nofp\libc-musl.a(memset.o)
 .comment       0x0000002b       0x2c c:/program files/microchip/xc32/v4.20/bin/bin/../../lib/gcc/pic32c/8.3.1/../../../../pic32c/lib/thumb/v6-m/nofp\libc-musl.a(__environ.o)

.debug_info     0x00000000    0x107ec
 .debug_info    0x00000000      0xbfc build/main/production/_ext/897574800/plib_adc0.o
 .debug_info    0x00000bfc      0xce8 build/main/production/_ext/897574800/plib_adc1.o
 .debug_info    0x000018e4     0x1940 build/main/production/_ext/897576640/plib_can0.o
 .debug_info    0x00003224      0xaaa build/main/production/_ext/716943618/plib_clock.o
 .debug_info    0x00003cce      0x752 build/main/production/_ext/897578799/plib_eic.o
 .debug_info    0x00004420      0x2ea build/main/production/_ext/714794132/plib_evsys.o
 .debug_info    0x0000470a      0xb21 build/main/production/_ext/2055419890/plib_nvic.o
 .debug_info    0x0000522b      0xba2 build/main/production/_ext/330986880/plib_nvmctrl.o
 .debug_info    0x00005dcd      0xb8e build/main/production/_ext/2055473041/plib_port.o
 .debug_info    0x0000695b      0x6e7 build/main/production/_ext/779799956/initialization.o
 .debug_info    0x00007042      0x8a1 build/main/production/_ext/779799956/interrupts.o
 .debug_info    0x000078e3      0x30e build/main/production/_ext/779799956/exceptions.o
 .debug_info    0x00007bf1      0x46f build/main/production/_ext/779799956/startup_xc32.o
 .debug_info    0x00008060      0x469 build/main/production/_ext/779799956/freertos_hooks.o
 .debug_info    0x000084c9      0x6c5 build/main/production/_ext/1624415188/port.o
 .debug_info    0x00008b8e      0x4ec build/main/production/_ext/1665200909/heap_1.o
 .debug_info    0x0000907a      0x607 build/main/production/_ext/404212886/list.o
 .debug_info    0x00009681     0x2f1a build/main/production/_ext/404212886/FreeRTOS_tasks.o
 .debug_info    0x0000c59b      0x306 build/main/production/_ext/1360937237/main.o
 .debug_info    0x0000c8a1      0x9e9 build/main/production/_ext/897593028/plib_tcc0.o
 .debug_info    0x0000d28a     0x17db build/main/production/_ext/1716667835/plib_sercom3_i2c_master.o
 .debug_info    0x0000ea65      0x3a7 build/main/production/_ext/1360937237/app.o
 .debug_info    0x0000ee0c      0x42f build/main/production/_ext/779799956/tasks.o
 .debug_info    0x0000f23b      0x296 c:/program files/microchip/xc32/v4.20/bin/bin/../../lib/gcc/pic32c/8.3.1/../../../../pic32c/lib/thumb/v6-m/nofp\libpic32c.a(data_init_wrapper.o)
 .debug_info    0x0000f4d1      0x297 c:/program files/microchip/xc32/v4.20/bin/bin/../../lib/gcc/pic32c/8.3.1/../../../../pic32c/lib/thumb/v6-m/nofp\libpic32c.a(data_init_0_1.o)
 .debug_info    0x0000f768      0x615 c:/program files/microchip/xc32/v4.20/bin/bin/../../lib/gcc/pic32c/8.3.1/../../../../pic32c/lib/thumb/v6-m/nofp\libc-musl.a(__libc_start_main.o)
 .debug_info    0x0000fd7d      0x527 c:/program files/microchip/xc32/v4.20/bin/bin/../../lib/gcc/pic32c/8.3.1/../../../../pic32c/lib/thumb/v6-m/nofp\libc-musl.a(libc.o)
 .debug_info    0x000102a4      0x2a7 c:/program files/microchip/xc32/v4.20/bin/bin/../../lib/gcc/pic32c/8.3.1/../../../../pic32c/lib/thumb/v6-m/nofp\libc-musl.a(memset.o)
 .debug_info    0x0001054b      0x2a1 c:/program files/microchip/xc32/v4.20/bin/bin/../../lib/gcc/pic32c/8.3.1/../../../../pic32c/lib/thumb/v6-m/nofp\libc-musl.a(__environ.o)

.debug_abbrev   0x00000000     0x2690
 .debug_abbrev  0x00000000      0x17b build/main/production/_ext/897574800/plib_adc0.o
 .debug_abbrev  0x0000017b      0x203 build/main/production/_ext/897574800/plib_adc1.o
 .debug_abbrev  0x0000037e      0x2f0 build/main/production/_ext/897576640/plib_can0.o
 .debug_abbrev  0x0000066e      0x14f build/main/production/_ext/716943618/plib_clock.o
 .debug_abbrev  0x000007bd      0x1ac build/main/production/_ext/897578799/plib_eic.o
 .debug_abbrev  0x00000969       0x3b build/main/production/_ext/714794132/plib_evsys.o
 .debug_abbrev  0x000009a4      0x1e1 build/main/production/_ext/2055419890/plib_nvic.o
 .debug_abbrev  0x00000b85      0x1ba build/main/production/_ext/330986880/plib_nvmctrl.o
 .debug_abbrev  0x00000d3f      0x1d6 build/main/production/_ext/2055473041/plib_port.o
 .debug_abbrev  0x00000f15      0x11c build/main/production/_ext/779799956/initialization.o
 .debug_abbrev  0x00001031       0xb5 build/main/production/_ext/779799956/interrupts.o
 .debug_abbrev  0x000010e6       0x3e build/main/production/_ext/779799956/exceptions.o
 .debug_abbrev  0x00001124      0x110 build/main/production/_ext/779799956/startup_xc32.o
 .debug_abbrev  0x00001234       0xf7 build/main/production/_ext/779799956/freertos_hooks.o
 .debug_abbrev  0x0000132b      0x1cf build/main/production/_ext/1624415188/port.o
 .debug_abbrev  0x000014fa      0x16c build/main/production/_ext/1665200909/heap_1.o
 .debug_abbrev  0x00001666      0x15e build/main/production/_ext/404212886/list.o
 .debug_abbrev  0x000017c4      0x410 build/main/production/_ext/404212886/FreeRTOS_tasks.o
 .debug_abbrev  0x00001bd4       0x77 build/main/production/_ext/1360937237/main.o
 .debug_abbrev  0x00001c4b      0x18c build/main/production/_ext/897593028/plib_tcc0.o
 .debug_abbrev  0x00001dd7      0x3d7 build/main/production/_ext/1716667835/plib_sercom3_i2c_master.o
 .debug_abbrev  0x000021ae       0xd2 build/main/production/_ext/1360937237/app.o
 .debug_abbrev  0x00002280       0xf7 build/main/production/_ext/779799956/tasks.o
 .debug_abbrev  0x00002377       0x2e c:/program files/microchip/xc32/v4.20/bin/bin/../../lib/gcc/pic32c/8.3.1/../../../../pic32c/lib/thumb/v6-m/nofp\libpic32c.a(data_init_wrapper.o)
 .debug_abbrev  0x000023a5       0x2e c:/program files/microchip/xc32/v4.20/bin/bin/../../lib/gcc/pic32c/8.3.1/../../../../pic32c/lib/thumb/v6-m/nofp\libpic32c.a(data_init_0_1.o)
 .debug_abbrev  0x000023d3      0x117 c:/program files/microchip/xc32/v4.20/bin/bin/../../lib/gcc/pic32c/8.3.1/../../../../pic32c/lib/thumb/v6-m/nofp\libc-musl.a(__libc_start_main.o)
 .debug_abbrev  0x000024ea       0xb8 c:/program files/microchip/xc32/v4.20/bin/bin/../../lib/gcc/pic32c/8.3.1/../../../../pic32c/lib/thumb/v6-m/nofp\libc-musl.a(libc.o)
 .debug_abbrev  0x000025a2       0x97 c:/program files/microchip/xc32/v4.20/bin/bin/../../lib/gcc/pic32c/8.3.1/../../../../pic32c/lib/thumb/v6-m/nofp\libc-musl.a(memset.o)
 .debug_abbrev  0x00002639       0x57 c:/program files/microchip/xc32/v4.20/bin/bin/../../lib/gcc/pic32c/8.3.1/../../../../pic32c/lib/thumb/v6-m/nofp\libc-musl.a(__environ.o)

.debug_loc      0x00000000     0x4d00
 .debug_loc     0x00000000      0x12a build/main/production/_ext/897574800/plib_adc0.o
 .debug_loc     0x0000012a      0x142 build/main/production/_ext/897574800/plib_adc1.o
 .debug_loc     0x0000026c      0x9a8 build/main/production/_ext/897576640/plib_can0.o
 .debug_loc     0x00000c14       0x45 build/main/production/_ext/716943618/plib_clock.o
 .debug_loc     0x00000c59      0x115 build/main/production/_ext/897578799/plib_eic.o
 .debug_loc     0x00000d6e      0x120 build/main/production/_ext/2055419890/plib_nvic.o
 .debug_loc     0x00000e8e      0x689 build/main/production/_ext/330986880/plib_nvmctrl.o
 .debug_loc     0x00001517      0x226 build/main/production/_ext/2055473041/plib_port.o
 .debug_loc     0x0000173d       0x45 build/main/production/_ext/779799956/initialization.o
 .debug_loc     0x00001782       0x20 build/main/production/_ext/779799956/startup_xc32.o
 .debug_loc     0x000017a2       0x76 build/main/production/_ext/779799956/freertos_hooks.o
 .debug_loc     0x00001818      0x14d build/main/production/_ext/1624415188/port.o
 .debug_loc     0x00001965       0x8f build/main/production/_ext/1665200909/heap_1.o
 .debug_loc     0x000019f4       0xa6 build/main/production/_ext/404212886/list.o
 .debug_loc     0x00001a9a     0x253f build/main/production/_ext/404212886/FreeRTOS_tasks.o
 .debug_loc     0x00003fd9       0x20 build/main/production/_ext/1360937237/main.o
 .debug_loc     0x00003ff9       0xa4 build/main/production/_ext/897593028/plib_tcc0.o
 .debug_loc     0x0000409d      0xad6 build/main/production/_ext/1716667835/plib_sercom3_i2c_master.o
 .debug_loc     0x00004b73       0x16 build/main/production/_ext/1360937237/app.o
 .debug_loc     0x00004b89       0x71 build/main/production/_ext/779799956/tasks.o
 .debug_loc     0x00004bfa       0x14 c:/program files/microchip/xc32/v4.20/bin/bin/../../lib/gcc/pic32c/8.3.1/../../../../pic32c/lib/thumb/v6-m/nofp\libpic32c.a(data_init_wrapper.o)
 .debug_loc     0x00004c0e       0x14 c:/program files/microchip/xc32/v4.20/bin/bin/../../lib/gcc/pic32c/8.3.1/../../../../pic32c/lib/thumb/v6-m/nofp\libpic32c.a(data_init_0_1.o)
 .debug_loc     0x00004c22       0x5e c:/program files/microchip/xc32/v4.20/bin/bin/../../lib/gcc/pic32c/8.3.1/../../../../pic32c/lib/thumb/v6-m/nofp\libc-musl.a(__libc_start_main.o)
 .debug_loc     0x00004c80       0x80 c:/program files/microchip/xc32/v4.20/bin/bin/../../lib/gcc/pic32c/8.3.1/../../../../pic32c/lib/thumb/v6-m/nofp\libc-musl.a(memset.o)

.debug_aranges  0x00000000      0x8c0
 .debug_aranges
                0x00000000       0x80 build/main/production/_ext/897574800/plib_adc0.o
 .debug_aranges
                0x00000080       0x88 build/main/production/_ext/897574800/plib_adc1.o
 .debug_aranges
                0x00000108       0x90 build/main/production/_ext/897576640/plib_can0.o
 .debug_aranges
                0x00000198       0x20 build/main/production/_ext/716943618/plib_clock.o
 .debug_aranges
                0x000001b8       0x50 build/main/production/_ext/897578799/plib_eic.o
 .debug_aranges
                0x00000208       0x20 build/main/production/_ext/714794132/plib_evsys.o
 .debug_aranges
                0x00000228       0x38 build/main/production/_ext/2055419890/plib_nvic.o
 .debug_aranges
                0x00000260       0xa0 build/main/production/_ext/330986880/plib_nvmctrl.o
 .debug_aranges
                0x00000300       0x70 build/main/production/_ext/2055473041/plib_port.o
 .debug_aranges
                0x00000370       0x20 build/main/production/_ext/779799956/initialization.o
 .debug_aranges
                0x00000390       0x20 build/main/production/_ext/779799956/interrupts.o
 .debug_aranges
                0x000003b0       0x28 build/main/production/_ext/779799956/exceptions.o
 .debug_aranges
                0x000003d8       0x28 build/main/production/_ext/779799956/startup_xc32.o
 .debug_aranges
                0x00000400       0x40 build/main/production/_ext/779799956/freertos_hooks.o
 .debug_aranges
                0x00000440       0x88 build/main/production/_ext/1624415188/port.o
 .debug_aranges
                0x000004c8       0x38 build/main/production/_ext/1665200909/heap_1.o
 .debug_aranges
                0x00000500       0x40 build/main/production/_ext/404212886/list.o
 .debug_aranges
                0x00000540      0x178 build/main/production/_ext/404212886/FreeRTOS_tasks.o
 .debug_aranges
                0x000006b8       0x20 build/main/production/_ext/1360937237/main.o
 .debug_aranges
                0x000006d8       0x70 build/main/production/_ext/897593028/plib_tcc0.o
 .debug_aranges
                0x00000748       0x70 build/main/production/_ext/1716667835/plib_sercom3_i2c_master.o
 .debug_aranges
                0x000007b8       0x28 build/main/production/_ext/1360937237/app.o
 .debug_aranges
                0x000007e0       0x28 build/main/production/_ext/779799956/tasks.o
 .debug_aranges
                0x00000808       0x20 c:/program files/microchip/xc32/v4.20/bin/bin/../../lib/gcc/pic32c/8.3.1/../../../../pic32c/lib/thumb/v6-m/nofp\libpic32c.a(data_init_wrapper.o)
 .debug_aranges
                0x00000828       0x20 c:/program files/microchip/xc32/v4.20/bin/bin/../../lib/gcc/pic32c/8.3.1/../../../../pic32c/lib/thumb/v6-m/nofp\libpic32c.a(data_init_0_1.o)
 .debug_aranges
                0x00000848       0x28 c:/program files/microchip/xc32/v4.20/bin/bin/../../lib/gcc/pic32c/8.3.1/../../../../pic32c/lib/thumb/v6-m/nofp\libc-musl.a(__libc_start_main.o)
 .debug_aranges
                0x00000870       0x18 c:/program files/microchip/xc32/v4.20/bin/bin/../../lib/gcc/pic32c/8.3.1/../../../../pic32c/lib/thumb/v6-m/nofp\libc-musl.a(libc.o)
 .debug_aranges
                0x00000888       0x20 c:/program files/microchip/xc32/v4.20/bin/bin/../../lib/gcc/pic32c/8.3.1/../../../../pic32c/lib/thumb/v6-m/nofp\libc-musl.a(memset.o)
 .debug_aranges
                0x000008a8       0x18 c:/program files/microchip/xc32/v4.20/bin/bin/../../lib/gcc/pic32c/8.3.1/../../../../pic32c/lib/thumb/v6-m/nofp\libc-musl.a(__environ.o)

.debug_ranges   0x00000000      0x9f0
 .debug_ranges  0x00000000       0x70 build/main/production/_ext/897574800/plib_adc0.o
 .debug_ranges  0x00000070       0x78 build/main/production/_ext/897574800/plib_adc1.o
 .debug_ranges  0x000000e8       0x80 build/main/production/_ext/897576640/plib_can0.o
 .debug_ranges  0x00000168       0x10 build/main/production/_ext/716943618/plib_clock.o
 .debug_ranges  0x00000178       0x40 build/main/production/_ext/897578799/plib_eic.o
 .debug_ranges  0x000001b8       0x10 build/main/production/_ext/714794132/plib_evsys.o
 .debug_ranges  0x000001c8       0x28 build/main/production/_ext/2055419890/plib_nvic.o
 .debug_ranges  0x000001f0       0x90 build/main/production/_ext/330986880/plib_nvmctrl.o
 .debug_ranges  0x00000280       0x60 build/main/production/_ext/2055473041/plib_port.o
 .debug_ranges  0x000002e0       0x10 build/main/production/_ext/779799956/initialization.o
 .debug_ranges  0x000002f0       0x10 build/main/production/_ext/779799956/interrupts.o
 .debug_ranges  0x00000300       0x18 build/main/production/_ext/779799956/exceptions.o
 .debug_ranges  0x00000318       0x18 build/main/production/_ext/779799956/startup_xc32.o
 .debug_ranges  0x00000330       0x30 build/main/production/_ext/779799956/freertos_hooks.o
 .debug_ranges  0x00000360       0x78 build/main/production/_ext/1624415188/port.o
 .debug_ranges  0x000003d8       0x28 build/main/production/_ext/1665200909/heap_1.o
 .debug_ranges  0x00000400       0x30 build/main/production/_ext/404212886/list.o
 .debug_ranges  0x00000430      0x3e0 build/main/production/_ext/404212886/FreeRTOS_tasks.o
 .debug_ranges  0x00000810       0x10 build/main/production/_ext/1360937237/main.o
 .debug_ranges  0x00000820       0x60 build/main/production/_ext/897593028/plib_tcc0.o
 .debug_ranges  0x00000880       0xe0 build/main/production/_ext/1716667835/plib_sercom3_i2c_master.o
 .debug_ranges  0x00000960       0x18 build/main/production/_ext/1360937237/app.o
 .debug_ranges  0x00000978       0x18 build/main/production/_ext/779799956/tasks.o
 .debug_ranges  0x00000990       0x10 c:/program files/microchip/xc32/v4.20/bin/bin/../../lib/gcc/pic32c/8.3.1/../../../../pic32c/lib/thumb/v6-m/nofp\libpic32c.a(data_init_wrapper.o)
 .debug_ranges  0x000009a0       0x10 c:/program files/microchip/xc32/v4.20/bin/bin/../../lib/gcc/pic32c/8.3.1/../../../../pic32c/lib/thumb/v6-m/nofp\libpic32c.a(data_init_0_1.o)
 .debug_ranges  0x000009b0       0x30 c:/program files/microchip/xc32/v4.20/bin/bin/../../lib/gcc/pic32c/8.3.1/../../../../pic32c/lib/thumb/v6-m/nofp\libc-musl.a(__libc_start_main.o)
 .debug_ranges  0x000009e0       0x10 c:/program files/microchip/xc32/v4.20/bin/bin/../../lib/gcc/pic32c/8.3.1/../../../../pic32c/lib/thumb/v6-m/nofp\libc-musl.a(memset.o)

.debug_line     0x00000000     0x587b
 .debug_line    0x00000000      0x365 build/main/production/_ext/897574800/plib_adc0.o
 .debug_line    0x00000365      0x39b build/main/production/_ext/897574800/plib_adc1.o
 .debug_line    0x00000700      0x5f8 build/main/production/_ext/897576640/plib_can0.o
 .debug_line    0x00000cf8      0x261 build/main/production/_ext/716943618/plib_clock.o
 .debug_line    0x00000f59      0x304 build/main/production/_ext/897578799/plib_eic.o
 .debug_line    0x0000125d       0x63 build/main/production/_ext/714794132/plib_evsys.o
 .debug_line    0x000012c0      0x368 build/main/production/_ext/2055419890/plib_nvic.o
 .debug_line    0x00001628      0x44b build/main/production/_ext/330986880/plib_nvmctrl.o
 .debug_line    0x00001a73      0x34f build/main/production/_ext/2055473041/plib_port.o
 .debug_line    0x00001dc2      0x339 build/main/production/_ext/779799956/initialization.o
 .debug_line    0x000020fb       0xb7 build/main/production/_ext/779799956/interrupts.o
 .debug_line    0x000021b2       0x6b build/main/production/_ext/779799956/exceptions.o
 .debug_line    0x0000221d      0x154 build/main/production/_ext/779799956/startup_xc32.o
 .debug_line    0x00002371      0x15e build/main/production/_ext/779799956/freertos_hooks.o
 .debug_line    0x000024cf      0x32a build/main/production/_ext/1624415188/port.o
 .debug_line    0x000027f9      0x20f build/main/production/_ext/1665200909/heap_1.o
 .debug_line    0x00002a08      0x2cd build/main/production/_ext/404212886/list.o
 .debug_line    0x00002cd5     0x1852 build/main/production/_ext/404212886/FreeRTOS_tasks.o
 .debug_line    0x00004527       0x6a build/main/production/_ext/1360937237/main.o
 .debug_line    0x00004591      0x330 build/main/production/_ext/897593028/plib_tcc0.o
 .debug_line    0x000048c1      0x7f2 build/main/production/_ext/1716667835/plib_sercom3_i2c_master.o
 .debug_line    0x000050b3       0x80 build/main/production/_ext/1360937237/app.o
 .debug_line    0x00005133      0x119 build/main/production/_ext/779799956/tasks.o
 .debug_line    0x0000524c       0xab c:/program files/microchip/xc32/v4.20/bin/bin/../../lib/gcc/pic32c/8.3.1/../../../../pic32c/lib/thumb/v6-m/nofp\libpic32c.a(data_init_wrapper.o)
 .debug_line    0x000052f7      0x113 c:/program files/microchip/xc32/v4.20/bin/bin/../../lib/gcc/pic32c/8.3.1/../../../../pic32c/lib/thumb/v6-m/nofp\libpic32c.a(data_init_0_1.o)
 .debug_line    0x0000540a      0x1c8 c:/program files/microchip/xc32/v4.20/bin/bin/../../lib/gcc/pic32c/8.3.1/../../../../pic32c/lib/thumb/v6-m/nofp\libc-musl.a(__libc_start_main.o)
 .debug_line    0x000055d2       0xbb c:/program files/microchip/xc32/v4.20/bin/bin/../../lib/gcc/pic32c/8.3.1/../../../../pic32c/lib/thumb/v6-m/nofp\libc-musl.a(libc.o)
 .debug_line    0x0000568d       0xe7 c:/program files/microchip/xc32/v4.20/bin/bin/../../lib/gcc/pic32c/8.3.1/../../../../pic32c/lib/thumb/v6-m/nofp\libc-musl.a(memset.o)
 .debug_line    0x00005774      0x107 c:/program files/microchip/xc32/v4.20/bin/bin/../../lib/gcc/pic32c/8.3.1/../../../../pic32c/lib/thumb/v6-m/nofp\libc-musl.a(__environ.o)

.debug_str      0x00000000      0x6d3
 .debug_str     0x00000000        0xe build/main/production/_ext/897574800/plib_adc0.o
 .debug_str     0x0000000e       0x17 build/main/production/_ext/897574800/plib_adc1.o
 .debug_str     0x00000025       0x35 build/main/production/_ext/897576640/plib_can0.o
 .debug_str     0x0000005a       0x1e build/main/production/_ext/716943618/plib_clock.o
 .debug_str     0x00000078       0x11 build/main/production/_ext/897578799/plib_eic.o
 .debug_str     0x00000089        0x0 build/main/production/_ext/714794132/plib_evsys.o
 .debug_str     0x00000089        0xa build/main/production/_ext/2055419890/plib_nvic.o
 .debug_str     0x00000093       0x16 build/main/production/_ext/330986880/plib_nvmctrl.o
 .debug_str     0x000000a9        0xb build/main/production/_ext/2055473041/plib_port.o
 .debug_str     0x000000b4       0xcf build/main/production/_ext/779799956/initialization.o
 .debug_str     0x00000183        0x0 build/main/production/_ext/779799956/interrupts.o
 .debug_str     0x00000183        0x0 build/main/production/_ext/779799956/exceptions.o
 .debug_str     0x00000183       0x2f build/main/production/_ext/779799956/startup_xc32.o
 .debug_str     0x000001b2       0x25 build/main/production/_ext/779799956/freertos_hooks.o
 .debug_str     0x000001d7       0x26 build/main/production/_ext/1624415188/port.o
 .debug_str     0x000001fd       0x3c build/main/production/_ext/1665200909/heap_1.o
 .debug_str     0x00000239       0x2b build/main/production/_ext/404212886/list.o
 .debug_str     0x00000264      0x2d5 build/main/production/_ext/404212886/FreeRTOS_tasks.o
 .debug_str     0x00000539       0x19 build/main/production/_ext/1360937237/main.o
 .debug_str     0x00000552        0x0 build/main/production/_ext/897593028/plib_tcc0.o
 .debug_str     0x00000552      0x157 build/main/production/_ext/1716667835/plib_sercom3_i2c_master.o
 .debug_str     0x000006a9        0x0 build/main/production/_ext/1360937237/app.o
 .debug_str     0x000006a9       0x2a build/main/production/_ext/779799956/tasks.o
 .debug_str     0x000006d3        0x0 c:/program files/microchip/xc32/v4.20/bin/bin/../../lib/gcc/pic32c/8.3.1/../../../../pic32c/lib/thumb/v6-m/nofp\libpic32c.a(data_init_wrapper.o)
 .debug_str     0x000006d3        0x0 c:/program files/microchip/xc32/v4.20/bin/bin/../../lib/gcc/pic32c/8.3.1/../../../../pic32c/lib/thumb/v6-m/nofp\libpic32c.a(data_init_0_1.o)
 .debug_str     0x000006d3        0x0 c:/program files/microchip/xc32/v4.20/bin/bin/../../lib/gcc/pic32c/8.3.1/../../../../pic32c/lib/thumb/v6-m/nofp\libc-musl.a(__libc_start_main.o)
 .debug_str     0x000006d3        0x0 c:/program files/microchip/xc32/v4.20/bin/bin/../../lib/gcc/pic32c/8.3.1/../../../../pic32c/lib/thumb/v6-m/nofp\libc-musl.a(libc.o)
 .debug_str     0x000006d3        0x0 c:/program files/microchip/xc32/v4.20/bin/bin/../../lib/gcc/pic32c/8.3.1/../../../../pic32c/lib/thumb/v6-m/nofp\libc-musl.a(memset.o)
 .debug_str     0x000006d3        0x0 c:/program files/microchip/xc32/v4.20/bin/bin/../../lib/gcc/pic32c/8.3.1/../../../../pic32c/lib/thumb/v6-m/nofp\libc-musl.a(__environ.o)

.debug_frame    0x00000000     0x10cc
 .debug_frame   0x00000000       0xe0 build/main/production/_ext/897574800/plib_adc0.o
 .debug_frame   0x000000e0       0xf8 build/main/production/_ext/897574800/plib_adc1.o
 .debug_frame   0x000001d8      0x144 build/main/production/_ext/897576640/plib_can0.o
 .debug_frame   0x0000031c       0x20 build/main/production/_ext/716943618/plib_clock.o
 .debug_frame   0x0000033c       0xa8 build/main/production/_ext/897578799/plib_eic.o
 .debug_frame   0x000003e4       0x20 build/main/production/_ext/714794132/plib_evsys.o
 .debug_frame   0x00000404       0x50 build/main/production/_ext/2055419890/plib_nvic.o
 .debug_frame   0x00000454      0x148 build/main/production/_ext/330986880/plib_nvmctrl.o
 .debug_frame   0x0000059c       0xcc build/main/production/_ext/2055473041/plib_port.o
 .debug_frame   0x00000668       0x28 build/main/production/_ext/779799956/initialization.o
 .debug_frame   0x00000690       0x20 build/main/production/_ext/779799956/interrupts.o
 .debug_frame   0x000006b0       0x30 build/main/production/_ext/779799956/exceptions.o
 .debug_frame   0x000006e0       0x38 build/main/production/_ext/779799956/startup_xc32.o
 .debug_frame   0x00000718       0x68 build/main/production/_ext/779799956/freertos_hooks.o
 .debug_frame   0x00000780      0x10c build/main/production/_ext/1624415188/port.o
 .debug_frame   0x0000088c       0x5c build/main/production/_ext/1665200909/heap_1.o
 .debug_frame   0x000008e8       0x6c build/main/production/_ext/404212886/list.o
 .debug_frame   0x00000954      0x470 build/main/production/_ext/404212886/FreeRTOS_tasks.o
 .debug_frame   0x00000dc4       0x28 build/main/production/_ext/1360937237/main.o
 .debug_frame   0x00000dec       0xc8 build/main/production/_ext/897593028/plib_tcc0.o
 .debug_frame   0x00000eb4       0xf8 build/main/production/_ext/1716667835/plib_sercom3_i2c_master.o
 .debug_frame   0x00000fac       0x30 build/main/production/_ext/1360937237/app.o
 .debug_frame   0x00000fdc       0x40 build/main/production/_ext/779799956/tasks.o
 .debug_frame   0x0000101c       0x28 c:/program files/microchip/xc32/v4.20/bin/bin/../../lib/gcc/pic32c/8.3.1/../../../../pic32c/lib/thumb/v6-m/nofp\libpic32c.a(data_init_wrapper.o)
 .debug_frame   0x00001044       0x30 c:/program files/microchip/xc32/v4.20/bin/bin/../../lib/gcc/pic32c/8.3.1/../../../../pic32c/lib/thumb/v6-m/nofp\libpic32c.a(data_init_0_1.o)
 .debug_frame   0x00001074       0x38 c:/program files/microchip/xc32/v4.20/bin/bin/../../lib/gcc/pic32c/8.3.1/../../../../pic32c/lib/thumb/v6-m/nofp\libc-musl.a(__libc_start_main.o)
 .debug_frame   0x000010ac       0x20 c:/program files/microchip/xc32/v4.20/bin/bin/../../lib/gcc/pic32c/8.3.1/../../../../pic32c/lib/thumb/v6-m/nofp\libc-musl.a(memset.o)

.note.GNU-stack
                0x00000000        0x0
 .note.GNU-stack
                0x00000000        0x0 c:/program files/microchip/xc32/v4.20/bin/bin/../../lib/gcc/pic32c/8.3.1/../../../../pic32c/lib/thumb/v6-m/nofp\libc-musl.a(__libc_start_main.o)
 .note.GNU-stack
                0x00000000        0x0 c:/program files/microchip/xc32/v4.20/bin/bin/../../lib/gcc/pic32c/8.3.1/../../../../pic32c/lib/thumb/v6-m/nofp\libc-musl.a(libc.o)
 .note.GNU-stack
                0x00000000        0x0 c:/program files/microchip/xc32/v4.20/bin/bin/../../lib/gcc/pic32c/8.3.1/../../../../pic32c/lib/thumb/v6-m/nofp\libc-musl.a(memset.o)
 .note.GNU-stack
                0x00000000        0x0 c:/program files/microchip/xc32/v4.20/bin/bin/../../lib/gcc/pic32c/8.3.1/../../../../pic32c/lib/thumb/v6-m/nofp\libc-musl.a(__environ.o)

.stack          0x200016d0      0x100
 .stack         0x200016d0      0x100 stack

.bss.ucHeap%1   0x20000000     0x1000
 .bss.ucHeap    0x20000000     0x1000 build/main/production/_ext/1665200909/heap_1.o

.bss.eicCallbackObject%2
                0x20001000       0xc0
 .bss.eicCallbackObject
                0x20001000       0xc0 build/main/production/_ext/897578799/plib_eic.o

.bss.pxReadyTasksLists%3
                0x200010c0       0x64
 .bss.pxReadyTasksLists
                0x200010c0       0x64 build/main/production/_ext/404212886/FreeRTOS_tasks.o

.bss%4          0x20001124       0x50
 .bss           0x20001124       0x50 c:/program files/microchip/xc32/v4.20/bin/bin/../../lib/gcc/pic32c/8.3.1/../../../../pic32c/lib/thumb/v6-m/nofp\libc-musl.a(libc.o)
                0x20001124                __progname_full
                0x20001124                program_invocation_name
                0x20001128                program_invocation_short_name
                0x20001128                __progname
                0x2000112c                __sysinfo
                0x20001130                __hwcap
                0x20001134                __libc

.bss.sercom3I2CObj%5
                0x20001174       0x2c
 .bss.sercom3I2CObj
                0x20001174       0x2c build/main/production/_ext/1716667835/plib_sercom3_i2c_master.o

.bss%6          0x200011a0       0x1c
 .bss           0x200011a0       0x1c c:/program files/microchip/xc32/v4.20/bin/bin/../../lib/gcc/pic32c/8.3.1/thumb/v6-m/nofp/crtbegin.o

.bss.can0Obj%7  0x200011bc       0x1c
 .bss.can0Obj   0x200011bc       0x1c build/main/production/_ext/897576640/plib_can0.o

.bss.xDelayedTaskList1%8
                0x200011d8       0x14
 .bss.xDelayedTaskList1
                0x200011d8       0x14 build/main/production/_ext/404212886/FreeRTOS_tasks.o

.bss.xDelayedTaskList2%9
                0x200011ec       0x14
 .bss.xDelayedTaskList2
                0x200011ec       0x14 build/main/production/_ext/404212886/FreeRTOS_tasks.o

.bss.xPendingReadyList%10
                0x20001200       0x14
 .bss.xPendingReadyList
                0x20001200       0x14 build/main/production/_ext/404212886/FreeRTOS_tasks.o

.bss.xSuspendedTaskList%11
                0x20001214       0x14
 .bss.xSuspendedTaskList
                0x20001214       0x14 build/main/production/_ext/404212886/FreeRTOS_tasks.o

.bss.xTasksWaitingTermination%12
                0x20001228       0x14
 .bss.xTasksWaitingTermination
                0x20001228       0x14 build/main/production/_ext/404212886/FreeRTOS_tasks.o

.bss.ADC1_CallbackObject%13
                0x2000123c        0x8
 .bss.ADC1_CallbackObject
                0x2000123c        0x8 build/main/production/_ext/897574800/plib_adc1.o

.bss.eicNMICallbackObject%14
                0x20001244        0x8
 .bss.eicNMICallbackObject
                0x20001244        0x8 build/main/production/_ext/897578799/plib_eic.o

.bss.TCC0_CallbackObject%15
                0x2000124c        0x8
 .bss.TCC0_CallbackObject
                0x2000124c        0x8 build/main/production/_ext/897593028/plib_tcc0.o

.bss.pucAlignedHeap.4854%16
                0x20001254        0x4
 .bss.pucAlignedHeap.4854
                0x20001254        0x4 build/main/production/_ext/1665200909/heap_1.o

.bss.xNextFreeByte%17
                0x20001258        0x4
 .bss.xNextFreeByte
                0x20001258        0x4 build/main/production/_ext/1665200909/heap_1.o

.bss.pxCurrentTCB%18
                0x2000125c        0x4
 .bss.pxCurrentTCB
                0x2000125c        0x4 build/main/production/_ext/404212886/FreeRTOS_tasks.o
                0x2000125c                pxCurrentTCB

.bss.pxDelayedTaskList%19
                0x20001260        0x4
 .bss.pxDelayedTaskList
                0x20001260        0x4 build/main/production/_ext/404212886/FreeRTOS_tasks.o

.bss.pxOverflowDelayedTaskList%20
                0x20001264        0x4
 .bss.pxOverflowDelayedTaskList
                0x20001264        0x4 build/main/production/_ext/404212886/FreeRTOS_tasks.o

.bss.uxCurrentNumberOfTasks%21
                0x20001268        0x4
 .bss.uxCurrentNumberOfTasks
                0x20001268        0x4 build/main/production/_ext/404212886/FreeRTOS_tasks.o

.bss.uxDeletedTasksWaitingCleanUp%22
                0x2000126c        0x4
 .bss.uxDeletedTasksWaitingCleanUp
                0x2000126c        0x4 build/main/production/_ext/404212886/FreeRTOS_tasks.o

.bss.uxSchedulerSuspended%23
                0x20001270        0x4
 .bss.uxSchedulerSuspended
                0x20001270        0x4 build/main/production/_ext/404212886/FreeRTOS_tasks.o

.bss.uxTaskNumber%24
                0x20001274        0x4
 .bss.uxTaskNumber
                0x20001274        0x4 build/main/production/_ext/404212886/FreeRTOS_tasks.o

.bss.uxTopReadyPriority%25
                0x20001278        0x4
 .bss.uxTopReadyPriority
                0x20001278        0x4 build/main/production/_ext/404212886/FreeRTOS_tasks.o

.bss.xIdleTaskHandle%26
                0x2000127c        0x4
 .bss.xIdleTaskHandle
                0x2000127c        0x4 build/main/production/_ext/404212886/FreeRTOS_tasks.o

.bss.xNextTaskUnblockTime%27
                0x20001280        0x4
 .bss.xNextTaskUnblockTime
                0x20001280        0x4 build/main/production/_ext/404212886/FreeRTOS_tasks.o

.bss.xNumOfOverflows%28
                0x20001284        0x4
 .bss.xNumOfOverflows
                0x20001284        0x4 build/main/production/_ext/404212886/FreeRTOS_tasks.o

.bss.xPendedTicks%29
                0x20001288        0x4
 .bss.xPendedTicks
                0x20001288        0x4 build/main/production/_ext/404212886/FreeRTOS_tasks.o

.bss.xSchedulerRunning%30
                0x2000128c        0x4
 .bss.xSchedulerRunning
                0x2000128c        0x4 build/main/production/_ext/404212886/FreeRTOS_tasks.o

.bss.xTickCount%31
                0x20001290        0x4
 .bss.xTickCount
                0x20001290        0x4 build/main/production/_ext/404212886/FreeRTOS_tasks.o

.bss.xYieldPending%32
                0x20001294        0x4
 .bss.xYieldPending
                0x20001294        0x4 build/main/production/_ext/404212886/FreeRTOS_tasks.o

.bss.xAPP_Tasks%33
                0x20001298        0x4
 .bss.xAPP_Tasks
                0x20001298        0x4 build/main/production/_ext/779799956/tasks.o
                0x20001298                xAPP_Tasks

.bss%34         0x2000129c        0x8
 .bss           0x2000129c        0x4 c:/program files/microchip/xc32/v4.20/bin/bin/../../lib/gcc/pic32c/8.3.1/../../../../pic32c/lib/thumb/v6-m/nofp\libpic32c.a(data_init_0_1.o)
 .bss           0x200012a0        0x4 c:/program files/microchip/xc32/v4.20/bin/bin/../../lib/gcc/pic32c/8.3.1/../../../../pic32c/lib/thumb/v6-m/nofp\libc-musl.a(__environ.o)
                0x200012a0                __environ
                0x200012a0                environ
                0x200012a0                ___environ
                0x200012a0                _environ

.bss.appData%36
                0x200012a4        0x1
 .bss.appData   0x200012a4        0x1 build/main/production/_ext/1360937237/app.o
                0x200012a4                appData

.data.uxCriticalNesting%37
                0x200012a8        0x4
 .data.uxCriticalNesting
                0x200012a8        0x4 build/main/production/_ext/1624415188/port.o

.data.uxTopUsedPriority%38
                0x200012ac        0x4
 .data.uxTopUsedPriority
                0x200012ac        0x4 build/main/production/_ext/404212886/FreeRTOS_tasks.o
                0x200012ac                uxTopUsedPriority

.eh_frame%z1    0x00000000        0x0
 .eh_frame      0x00000000        0x0 c:/program files/microchip/xc32/v4.20/bin/bin/../../lib/gcc/pic32c/8.3.1/thumb/v6-m/nofp/crtbegin.o

.config_00804000.__config_00804000%39
                0x00804000        0x4
 .config_00804000.__config_00804000
                0x00804000        0x4 build/main/production/_ext/779799956/initialization.o
                0x00804000                __config_00804000

.config_00804004.__config_00804004%40
                0x00804004        0x4
 .config_00804004.__config_00804004
                0x00804004        0x4 build/main/production/_ext/779799956/initialization.o
                0x00804004                __config_00804004

.text.xTaskCreate%41
                0x000000dc      0x208
 .text.xTaskCreate
                0x000000dc      0x208 build/main/production/_ext/404212886/FreeRTOS_tasks.o
                0x000000dc                xTaskCreate

.dinit%42       0x000002e4      0x1e0
 .dinit         0x000002e4      0x1e0 data_init

.text.SERCOM3_I2C_InterruptHandler%43
                0x000004c4      0x1b0
 .text.SERCOM3_I2C_InterruptHandler
                0x000004c4      0x1b0 build/main/production/_ext/1716667835/plib_sercom3_i2c_master.o
                0x000004c4                SERCOM3_I2C_InterruptHandler

.text.xTaskIncrementTick%44
                0x00000674      0x190
 .text.xTaskIncrementTick
                0x00000674      0x190 build/main/production/_ext/404212886/FreeRTOS_tasks.o
                0x00000674                xTaskIncrementTick

.text.xTaskResumeAll%45
                0x00000804      0x164
 .text.xTaskResumeAll
                0x00000804      0x164 build/main/production/_ext/404212886/FreeRTOS_tasks.o
                0x00000804                xTaskResumeAll

.text.CLOCK_Initialize%46
                0x00000968       0xec
 .text.CLOCK_Initialize
                0x00000968       0xec build/main/production/_ext/716943618/plib_clock.o
                0x00000968                CLOCK_Initialize

.text.vTaskSwitchContext%47
                0x00000a54       0xc4
 .text.vTaskSwitchContext
                0x00000a54       0xc4 build/main/production/_ext/404212886/FreeRTOS_tasks.o
                0x00000a54                vTaskSwitchContext

.text.pvPortMalloc%48
                0x00000b18       0x90
 .text.pvPortMalloc
                0x00000b18       0x90 build/main/production/_ext/1665200909/heap_1.o
                0x00000b18                pvPortMalloc

.text.EIC_Initialize%49
                0x00000ba8       0x88
 .text.EIC_Initialize
                0x00000ba8       0x88 build/main/production/_ext/897578799/plib_eic.o
                0x00000ba8                EIC_Initialize

.text.PORT_Initialize%50
                0x00000c30       0x82
 .text.PORT_Initialize
                0x00000c30       0x82 build/main/production/_ext/2055473041/plib_port.o
                0x00000c30                PORT_Initialize

.text.NVIC_Initialize%51
                0x00000cb4       0x70
 .text.NVIC_Initialize
                0x00000cb4       0x70 build/main/production/_ext/2055419890/plib_nvic.o
                0x00000cb4                NVIC_Initialize

.text.__pic32c_data_initialization_impl%52
                0x00000d24       0x70
 .text.__pic32c_data_initialization_impl
                0x00000d24       0x70 c:/program files/microchip/xc32/v4.20/bin/bin/../../lib/gcc/pic32c/8.3.1/../../../../pic32c/lib/thumb/v6-m/nofp\libpic32c.a(data_init_0_1.o)
                0x00000d24                __copy_needed
                0x00000d24                __pic32c_data_initialization_impl

.text.prvIdleTask%53
                0x00000d94       0x68
 .text.prvIdleTask
                0x00000d94       0x68 build/main/production/_ext/404212886/FreeRTOS_tasks.o

.text.SERCOM3_I2C_Initialize%54
                0x00000dfc       0x60
 .text.SERCOM3_I2C_Initialize
                0x00000dfc       0x60 build/main/production/_ext/1716667835/plib_sercom3_i2c_master.o
                0x00000dfc                SERCOM3_I2C_Initialize

.text.vTaskStartScheduler%55
                0x00000e5c       0x5c
 .text.vTaskStartScheduler
                0x00000e5c       0x5c build/main/production/_ext/404212886/FreeRTOS_tasks.o
                0x00000e5c                vTaskStartScheduler

.text.__libc_start_init%56
                0x00000eb8       0x5c
 .text.__libc_start_init
                0x00000eb8       0x5c c:/program files/microchip/xc32/v4.20/bin/bin/../../lib/gcc/pic32c/8.3.1/../../../../pic32c/lib/thumb/v6-m/nofp\libc-musl.a(__libc_start_main.o)
                0x00000eb8                __libc_init_array

.text.ADC1_Initialize%57
                0x00000f14       0x58
 .text.ADC1_Initialize
                0x00000f14       0x58 build/main/production/_ext/897574800/plib_adc1.o
                0x00000f14                ADC1_Initialize

.text.CAN0_Initialize%58
                0x00000f6c       0x54
 .text.CAN0_Initialize
                0x00000f6c       0x54 build/main/production/_ext/897576640/plib_can0.o
                0x00000f6c                CAN0_Initialize

.text.SERCOM3_I2C_InitiateTransfer%59
                0x00000fc0       0x54
 .text.SERCOM3_I2C_InitiateTransfer
                0x00000fc0       0x54 build/main/production/_ext/1716667835/plib_sercom3_i2c_master.o

.text.ADC0_Initialize%60
                0x00001014       0x50
 .text.ADC0_Initialize
                0x00001014       0x50 build/main/production/_ext/897574800/plib_adc0.o
                0x00001014                ADC0_Initialize

.text%61        0x00001064       0x48
 .text          0x00001064       0x48 c:/program files/microchip/xc32/v4.20/bin/bin/../../lib/gcc/pic32c/8.3.1/thumb/v6-m/nofp/crtbegin.o

.text.EIC_InterruptHandler%62
                0x000010ac       0x48
 .text.EIC_InterruptHandler
                0x000010ac       0x48 build/main/production/_ext/897578799/plib_eic.o
                0x000010ac                EIC_InterruptHandler

.text.Reset_Handler%63
                0x000010f4       0x48
 .text.Reset_Handler
                0x000010f4       0x48 build/main/production/_ext/779799956/startup_xc32.o
                0x000010f4                Reset_Handler

.text.xPortPendSVHandler%64
                0x00001140       0x44
 .text.xPortPendSVHandler
                0x00001140       0x44 build/main/production/_ext/1624415188/port.o
                0x00001140                xPortPendSVHandler

.text.SYS_Initialize%65
                0x00001184       0x40
 .text.SYS_Initialize
                0x00001184       0x40 build/main/production/_ext/779799956/initialization.o
                0x00001184                SYS_Initialize

.text.TCC0_TimerInitialize%66
                0x000011c4       0x40
 .text.TCC0_TimerInitialize
                0x000011c4       0x40 build/main/production/_ext/897593028/plib_tcc0.o
                0x000011c4                TCC0_TimerInitialize

.text.xPortStartScheduler%67
                0x00001204       0x3c
 .text.xPortStartScheduler
                0x00001204       0x3c build/main/production/_ext/1624415188/port.o
                0x00001204                xPortStartScheduler

.text.vPortStartFirstTask%68
                0x00001240       0x34
 .text.vPortStartFirstTask
                0x00001240       0x34 build/main/production/_ext/1624415188/port.o

.text.prvResetNextTaskUnblockTime%69
                0x00001274       0x2c
 .text.prvResetNextTaskUnblockTime
                0x00001274       0x2c build/main/production/_ext/404212886/FreeRTOS_tasks.o

.text.SYS_Tasks%70
                0x000012a0       0x2c
 .text.SYS_Tasks
                0x000012a0       0x2c build/main/production/_ext/779799956/tasks.o
                0x000012a0                SYS_Tasks

.text.NMI_InterruptHandler%71
                0x000012cc       0x28
 .text.NMI_InterruptHandler
                0x000012cc       0x28 build/main/production/_ext/897578799/plib_eic.o
                0x000012cc                NMI_InterruptHandler

.text.vPortSetupTimerInterrupt%72
                0x000012f4       0x28
 .text.vPortSetupTimerInterrupt
                0x000012f4       0x28 build/main/production/_ext/1624415188/port.o
                0x000012f4                vPortSetupTimerInterrupt

.text.TCC0_InterruptHandler%73
                0x0000131c       0x28
 .text.TCC0_InterruptHandler
                0x0000131c       0x28 build/main/production/_ext/897593028/plib_tcc0.o
                0x0000131c                TCC0_InterruptHandler

.text.uxListRemove%74
                0x00001344       0x26
 .text.uxListRemove
                0x00001344       0x26 build/main/production/_ext/404212886/list.o
                0x00001344                uxListRemove

.text.ADC1_InterruptHandler%75
                0x0000136c       0x24
 .text.ADC1_InterruptHandler
                0x0000136c       0x24 build/main/production/_ext/897574800/plib_adc1.o
                0x0000136c                ADC1_InterruptHandler

.text.xPortSysTickHandler%76
                0x00001390       0x24
 .text.xPortSysTickHandler
                0x00001390       0x24 build/main/production/_ext/1624415188/port.o
                0x00001390                xPortSysTickHandler

.text.pxPortInitialiseStack%77
                0x000013b4       0x20
 .text.pxPortInitialiseStack
                0x000013b4       0x20 build/main/production/_ext/1624415188/port.o
                0x000013b4                pxPortInitialiseStack

.text.vPortYield%78
                0x000013d4       0x18
 .text.vPortYield
                0x000013d4       0x18 build/main/production/_ext/1624415188/port.o
                0x000013d4                vPortYield

.text.vPortEnterCritical%79
                0x000013ec       0x18
 .text.vPortEnterCritical
                0x000013ec       0x18 build/main/production/_ext/1624415188/port.o
                0x000013ec                vPortEnterCritical

.text.vListInitialise%80
                0x00001404       0x16
 .text.vListInitialise
                0x00001404       0x16 build/main/production/_ext/404212886/list.o
                0x00001404                vListInitialise

.text.vPortExitCritical%81
                0x0000141c       0x14
 .text.vPortExitCritical
                0x0000141c       0x14 build/main/production/_ext/1624415188/port.o
                0x0000141c                vPortExitCritical

.text.APP_Tasks%82
                0x00001430       0x14
 .text.APP_Tasks
                0x00001430       0x14 build/main/production/_ext/1360937237/app.o
                0x00001430                APP_Tasks

.text.prvTaskExitError%83
                0x00001444       0x12
 .text.prvTaskExitError
                0x00001444       0x12 build/main/production/_ext/1624415188/port.o

.text.vTaskSuspendAll%84
                0x00001458       0x10
 .text.vTaskSuspendAll
                0x00001458       0x10 build/main/production/_ext/404212886/FreeRTOS_tasks.o
                0x00001458                vTaskSuspendAll

.text.memset%85
                0x00001468       0x10
 .text.memset   0x00001468       0x10 c:/program files/microchip/xc32/v4.20/bin/bin/../../lib/gcc/pic32c/8.3.1/../../../../pic32c/lib/thumb/v6-m/nofp\libc-musl.a(memset.o)
                0x00001468                memset

.text.main%86   0x00001478        0xe
 .text.main     0x00001478        0xe build/main/production/_ext/1360937237/main.o
                0x00001478                main

.text.NVMCTRL_Initialize%87
                0x00001488        0xc
 .text.NVMCTRL_Initialize
                0x00001488        0xc build/main/production/_ext/330986880/plib_nvmctrl.o
                0x00001488                NVMCTRL_Initialize

.text.APP_Initialize%88
                0x00001494        0xc
 .text.APP_Initialize
                0x00001494        0xc build/main/production/_ext/1360937237/app.o
                0x00001494                APP_Initialize

.rodata%89      0x000014a0        0xc
 .rodata        0x000014a0        0xc build/main/production/_ext/779799956/tasks.o

.text.ulSetInterruptMaskFromISR%90
                0x000014ac        0x8
 .text.ulSetInterruptMaskFromISR
                0x000014ac        0x8 build/main/production/_ext/1624415188/port.o
                0x000014ac                ulSetInterruptMaskFromISR

.rodata%91      0x000014b4        0x8
 .rodata        0x000014b4        0x8 build/main/production/_ext/404212886/FreeRTOS_tasks.o

.text._APP_Tasks%92
                0x000014bc        0x8
 .text._APP_Tasks
                0x000014bc        0x8 build/main/production/_ext/779799956/tasks.o
                0x000014bc                _APP_Tasks

.text.__pic32c_data_initialization%93
                0x000014c4        0x8
 .text.__pic32c_data_initialization
                0x000014c4        0x8 c:/program files/microchip/xc32/v4.20/bin/bin/../../lib/gcc/pic32c/8.3.1/../../../../pic32c/lib/thumb/v6-m/nofp\libpic32c.a(data_init_wrapper.o)
                0x000014c4                __pic32c_data_initialization

.text.vClearInterruptMaskFromISR%94
                0x000014cc        0x6
 .text.vClearInterruptMaskFromISR
                0x000014cc        0x6 build/main/production/_ext/1624415188/port.o
                0x000014cc                vClearInterruptMaskFromISR

.text.vListInitialiseItem%95
                0x000014d2        0x6
 .text.vListInitialiseItem
                0x000014d2        0x6 build/main/production/_ext/404212886/list.o
                0x000014d2                vListInitialiseItem

.text.vApplicationStackOverflowHook%96
                0x0000113c        0x4
 .text.vApplicationStackOverflowHook
                0x0000113c        0x4 build/main/production/_ext/779799956/freertos_hooks.o
                0x0000113c                vApplicationStackOverflowHook

.text.vApplicationMallocFailedHook%97
                0x000014d8        0x4
 .text.vApplicationMallocFailedHook
                0x000014d8        0x4 build/main/production/_ext/779799956/freertos_hooks.o
                0x000014d8                vApplicationMallocFailedHook

.text.EVSYS_Initialize%98
                0x00000cb2        0x2
 .text.EVSYS_Initialize
                0x00000cb2        0x2 build/main/production/_ext/714794132/plib_evsys.o
                0x00000cb2                EVSYS_Initialize

.text.Dummy_Handler%99
                0x0000136a        0x2
 .text.Dummy_Handler
                0x0000136a        0x2 build/main/production/_ext/779799956/interrupts.o
                0x0000136a                DMAC_Handler
                0x0000136a                TC2_Handler
                0x0000136a                AC_Handler
                0x0000136a                SERCOM1_Handler
                0x0000136a                TCC1_Handler
                0x0000136a                SERCOM2_Handler
                0x0000136a                RTC_Handler
                0x0000136a                WDT_Handler
                0x0000136a                CAN0_Handler
                0x0000136a                TC4_Handler
                0x0000136a                TC1_Handler
                0x0000136a                TC3_Handler
                0x0000136a                SDADC_Handler
                0x0000136a                Dummy_Handler
                0x0000136a                ADC0_Handler
                0x0000136a                TSENS_Handler
                0x0000136a                TCC2_Handler
                0x0000136a                EVSYS_Handler
                0x0000136a                NVMCTRL_Handler
                0x0000136a                SYSTEM_Handler
                0x0000136a                SERCOM0_Handler
                0x0000136a                DAC_Handler
                0x0000136a                PTC_Handler
                0x0000136a                FREQM_Handler
                0x0000136a                TC0_Handler

.text.HardFault_Handler%100
                0x0000141a        0x2
 .text.HardFault_Handler
                0x0000141a        0x2 build/main/production/_ext/779799956/exceptions.o
                0x0000141a                HardFault_Handler

.text.Dummy_App_Func%101
                0x00001456        0x2
 .text.Dummy_App_Func
                0x00001456        0x2 build/main/production/_ext/779799956/startup_xc32.o
                0x00001456                _on_reset
                0x00001456                _on_bootstrap
                0x00001456                __xc32_on_reset
                0x00001456                Dummy_App_Func
                0x00001456                __xc32_on_bootstrap

.text.vPortSVCHandler%102
                0x00001486        0x2
 .text.vPortSVCHandler
                0x00001486        0x2 build/main/production/_ext/1624415188/port.o
                0x00001486                vPortSVCHandler

.text.vPortFree%103
                0x000014dc        0x2
 .text.vPortFree
                0x000014dc        0x2 build/main/production/_ext/1665200909/heap_1.o
                0x000014dc                vPortFree

.text.__dummy%104
                0x000014de        0x2
 .text.__dummy  0x000014de        0x2 c:/program files/microchip/xc32/v4.20/bin/bin/../../lib/gcc/pic32c/8.3.1/../../../../pic32c/lib/thumb/v6-m/nofp\libc-musl.a(__libc_start_main.o)
                0x000014de                __init_stdio
                0x000014de                __init_host
