Microchip MPLAB XC8 Compiler V2.40

Linker command line:

-W-3 \
  --edf=C:\Program Files\Microchip\xc8\v2.40\pic\dat\20220703182018_en.msgs \
  -cn -h+dist/default/production\mcc.X.production.sym \
  --cmf=dist/default/production\mcc.X.production.cmf -z -Q16F1508 \
  -oC:\Users\pcguy\AppData\Local\Temp\xcAsh84.4 --defsym=__MPLAB_BUILD=1 \
  --fixupoverflow=error -Mdist/default/production/mcc.X.production.map \
  --md=C:\Users\pcguy\AppData\Local\Temp\xcAsh84.dat -E1 -ver=XC8 Compiler \
  --acfsm=1493 -ACODE=00h-07FFhx2 -ASTRCODE=00h-0FFFh -ASTRING=00h-0FFhx16 \
  -ACONST=00h-0FFhx16 -AENTRY=00h-0FFhx16 -ACOMMON=070h-07Fh \
  -ABANK0=020h-06Fh -ABANK1=0A0h-0EFh -ABANK2=0120h-016Fh \
  -ABIGRAM=02000h-020EFh -ARAM=020h-06Fh,0A0h-0EFh,0120h-016Fh \
  -AABS1=020h-07Fh,0A0h-0EFh,0120h-016Fh -ASFR0=00h-01Fh -ASFR1=080h-09Fh \
  -ASFR2=0100h-011Fh -ASFR3=0180h-01EFh -ASFR4=0200h-026Fh \
  -ASFR5=0280h-02EFh -ASFR6=0300h-036Fh -ASFR7=0380h-03EFh \
  -ASFR8=0400h-046Fh -ASFR9=0480h-04EFh -ASFR10=0500h-056Fh \
  -ASFR11=0580h-05EFh -ASFR12=0600h-066Fh -ASFR13=0680h-06EFh \
  -ASFR14=0700h-076Fh -ASFR15=0780h-07EFh -ASFR16=0800h-086Fh \
  -ASFR17=0880h-08EFh -ASFR18=0900h-096Fh -ASFR19=0980h-09EFh \
  -ASFR20=0A00h-0A6Fh -ASFR21=0A80h-0AEFh -ASFR22=0B00h-0B6Fh \
  -ASFR23=0B80h-0BEFh -ASFR24=0C00h-0C6Fh -ASFR25=0C80h-0CEFh \
  -ASFR26=0D00h-0D6Fh -ASFR27=0D80h-0DEFh -ASFR28=0E00h-0E6Fh \
  -ASFR29=0E80h-0EEFh -ASFR30=0F00h-0F6Fh -ASFR31=0F80h-0FEFh \
  -ACONFIG=08007h-08008h -DCONFIG=2 -AIDLOC=08000h-08003h -DIDLOC=2 \
  -DCODE=2 -DSTRCODE=2 -DSTRING=2 -DCONST=2 -DENTRY=2 \
  -preset_vec=00h,intentry=04h,init,end_init -ppowerup=CODE -pcinit=CODE \
  -pfunctab=ENTRY -k C:\Users\pcguy\AppData\Local\Temp\xcAsh84.o \
  dist/default/production\mcc.X.production.o 

Object code version is 3.11

Machine type is 16F1508



                Name                               Link     Load   Length Selector   Space Scale
C:\Users\pcguy\AppData\Local\Temp\xcAsh84.o
                end_init                             2D       2D        2        8       0
                reset_vec                             0        0        2        0       0
                config                             8007     8007        2        0       4
                idloc                              8000     8000        4        0       5
dist/default/production\mcc.X.production.o
                cinit                                2F       2F       15        8       0
                intentry                              4        4       29        8       0
                config                             8007     8007        2        0       4
                idloc                              8000     8000        4        0       5
                text38                              1FA      1FA        1      346       0
                text37                              15B      15B        C        8       0
                text36                              1F5      1F5        3      346       0
                text35                              1E5      1E5        4      346       0
                text34                              172      172        B        8       0
                text33                              1F2      1F2        3      346       0
                text32                              196      196        7        8       0
                text31                              1CC      1CC        5      346       0
                text30                              1E1      1E1        4      346       0
                text29                              18F      18F        7        8       0
                text28                              1DD      1DD        4      346       0
                text27                              17D      17D        A        8       0
                text26                              1EF      1EF        3      346       0
                text25                              1C7      1C7        5      346       0
                text24                              1D9      1D9        4      346       0
                text23                              167      167        B        8       0
                text22                               44       44       53        8       0
                text21                              1F8      1F8        2      346       0
                text20                              140      140        F        8       0
                text19                              10C      10C       14        8       0
                text17                              1C1      1C1        6      346       0
                text16                              120      120       11        8       0
                text15                              1D5      1D5        4      346       0
                text14                              14F      14F        C        8       0
                text13                              1BB      1BB        6      346       0
                text12                               D9       D9       1A        8       0
                text11                              1B5      1B5        6      346       0
                text10                              1AF      1AF        6      346       0
                text9                               1A9      1A9        6      346       0
                text8                               1A3      1A3        6      346       0
                text7                                F3       F3       19        8       0
                text6                               1D1      1D1        4      346       0
                text5                                BB       BB       1E        8       0
                text4                               131      131        F        8       0
                text3                               187      187        8        8       0
                text2                               1EC      1EC        3      346       0
                text1                               1E9      1E9        3      346       0
                maintext                             97       97       24        8       0
                cstackBANK0                          2E       2E        2       20       1
                cstackCOMMON                         78       78        3       70       1
                bssBANK0                             20       20        8       20       1
                bssCOMMON                            70       70        8       70       1
                nvBANK0                              28       28        6       20       1
                stringtext1                         19D      19D        6      33A       0

TOTAL           Name                               Link     Load   Length     Space
        CLASS   CODE           
                end_init                             2D       2D        2         0
                cinit                                2F       2F       15         0
                intentry                              4        4       29         0
                reset_vec                             0        0        2         0
                text38                              1FA      1FA        1         0
                text37                              15B      15B        C         0
                text36                              1F5      1F5        3         0
                text35                              1E5      1E5        4         0
                text34                              172      172        B         0
                text33                              1F2      1F2        3         0
                text32                              196      196        7         0
                text31                              1CC      1CC        5         0
                text30                              1E1      1E1        4         0
                text29                              18F      18F        7         0
                text28                              1DD      1DD        4         0
                text27                              17D      17D        A         0
                text26                              1EF      1EF        3         0
                text25                              1C7      1C7        5         0
                text24                              1D9      1D9        4         0
                text23                              167      167        B         0
                text22                               44       44       53         0
                text21                              1F8      1F8        2         0
                text20                              140      140        F         0
                text19                              10C      10C       14         0
                text17                              1C1      1C1        6         0
                text16                              120      120       11         0
                text15                              1D5      1D5        4         0
                text14                              14F      14F        C         0
                text13                              1BB      1BB        6         0
                text12                               D9       D9       1A         0
                text11                              1B5      1B5        6         0
                text10                              1AF      1AF        6         0
                text9                               1A9      1A9        6         0
                text8                               1A3      1A3        6         0
                text7                                F3       F3       19         0
                text6                               1D1      1D1        4         0
                text5                                BB       BB       1E         0
                text4                               131      131        F         0
                text3                               187      187        8         0
                text2                               1EC      1EC        3         0
                text1                               1E9      1E9        3         0
                maintext                             97       97       24         0

        CLASS   STRCODE        
                stringtext1                         19D      19D        6         0

        CLASS   STRING         

        CLASS   CONST          

        CLASS   ENTRY          

        CLASS   COMMON         
                cstackCOMMON                         78       78        3         1
                bssCOMMON                            70       70        8         1

        CLASS   BANK0          
                cstackBANK0                          2E       2E        2         1
                bssBANK0                             20       20        8         1
                nvBANK0                              28       28        6         1

        CLASS   BANK1          

        CLASS   BANK2          

        CLASS   BIGRAM         

        CLASS   RAM            

        CLASS   ABS1           
                abs_s1                               7E       7E        2         1

        CLASS   SFR0           

        CLASS   SFR1           

        CLASS   SFR2           

        CLASS   SFR3           

        CLASS   SFR4           

        CLASS   SFR5           

        CLASS   SFR6           

        CLASS   SFR7           

        CLASS   SFR8           

        CLASS   SFR9           

        CLASS   SFR10          

        CLASS   SFR11          

        CLASS   SFR12          

        CLASS   SFR13          

        CLASS   SFR14          

        CLASS   SFR15          

        CLASS   SFR16          

        CLASS   SFR17          

        CLASS   SFR18          

        CLASS   SFR19          

        CLASS   SFR20          

        CLASS   SFR21          

        CLASS   SFR22          

        CLASS   SFR23          

        CLASS   SFR24          

        CLASS   SFR25          

        CLASS   SFR26          

        CLASS   SFR27          

        CLASS   SFR28          

        CLASS   SFR29          

        CLASS   SFR30          

        CLASS   SFR31          

        CLASS   CONFIG         
                config                             8007     8007        2         4

        CLASS   IDLOC          
                idloc                              8000     8000        4         5

        CLASS   BANK31         

        CLASS   BANK30         

        CLASS   BANK29         

        CLASS   BANK28         

        CLASS   BANK27         

        CLASS   BANK26         

        CLASS   BANK25         

        CLASS   BANK24         

        CLASS   BANK23         

        CLASS   BANK22         

        CLASS   BANK21         

        CLASS   BANK20         

        CLASS   BANK19         

        CLASS   BANK18         

        CLASS   BANK17         

        CLASS   BANK16         

        CLASS   BANK15         

        CLASS   BANK14         

        CLASS   BANK13         

        CLASS   BANK12         

        CLASS   BANK11         

        CLASS   BANK10         

        CLASS   BANK9          

        CLASS   BANK8          

        CLASS   BANK7          

        CLASS   BANK6          

        CLASS   BANK5          

        CLASS   BANK4          

        CLASS   BANK3          

        CLASS   HEAP           

        CLASS   STACK          

        CLASS   EEDATA         



SEGMENTS        Name                           Load    Length   Top    Selector   Space  Class     Delta

                reset_vec                      000000  000002  000002         0       0  CODE        2
                intentry                       000004  000199  00019D         8       0  CODE        2
                bssBANK0                       000020  000010  000030        20       1  BANK0       1
                bssCOMMON                      000070  00000B  00007B        70       1  COMMON      1
                stringtext1                    00019D  000006  0001A3       33A       0  STRCODE     2
                text8                          0001A3  000058  0001FB       346       0  CODE        2


UNUSED ADDRESS RANGES

        Name                Unused          Largest block    Delta
        BANK0            00030-0006F              40           1
        BANK1            000A0-000EF              50           1
        BANK2            00120-0016F              50           1
        BIGRAM           02000-020EF              F0           1
        CODE             00002-00003               2           2
                         001FB-00FFF             605
        COMMON           0007B-0007D               3           1
        CONST            00002-00003               2           2
                         001FB-00FFF             100
        ENTRY            00002-00003               2           2
                         001FB-00FFF             100
        RAM              00030-0006F              40           1
                         000A0-000EF              50
                         00120-0016F              50
        SFR0             00000-0001F              20           1
        SFR1             00080-0009F              20           1
        SFR10            00500-0056F              70           1
        SFR11            00580-005EF              70           1
        SFR12            00600-0066F              70           1
        SFR13            00680-006EF              70           1
        SFR14            00700-0076F              70           1
        SFR15            00780-007EF              70           1
        SFR16            00800-0086F              70           1
        SFR17            00880-008EF              70           1
        SFR18            00900-0096F              70           1
        SFR19            00980-009EF              70           1
        SFR2             00100-0011F              20           1
        SFR20            00A00-00A6F              70           1
        SFR21            00A80-00AEF              70           1
        SFR22            00B00-00B6F              70           1
        SFR23            00B80-00BEF              70           1
        SFR24            00C00-00C6F              70           1
        SFR25            00C80-00CEF              70           1
        SFR26            00D00-00D6F              70           1
        SFR27            00D80-00DEF              70           1
        SFR28            00E00-00E6F              70           1
        SFR29            00E80-00EEF              70           1
        SFR3             00180-001EF              70           1
        SFR30            00F00-00F6F              70           1
        SFR31            00F80-00FEF              70           1
        SFR4             00200-0026F              70           1
        SFR5             00280-002EF              70           1
        SFR6             00300-0036F              70           1
        SFR7             00380-003EF              70           1
        SFR8             00400-0046F              70           1
        SFR9             00480-004EF              70           1
        STRCODE          00002-00003               2           2
                         001FB-00FFF             E05
        STRING           00002-00003               2           2
                         001FB-00FFF             100

                                  Symbol Table

ADC_SetInterruptHandler@InterruptHandler  cstackBANK0  0002E
I2C_SlaveSendTxData@data                  cstackCOMMON 00078
TMR1_SetInterruptHandler@InterruptHandler cstackBANK0  0002E
TMR1_WriteTimer@timerVal                  cstackBANK0  0002E
_ADCON0                                   (abs)        0009D
_ADCON0bits                               (abs)        0009D
_ADCON1                                   (abs)        0009E
_ADCON2                                   (abs)        0009F
_ADC_DefaultInterruptHandler              text38       001FA
_ADC_ISR                                  text37       0015B
_ADC_Initialize                           text16       00120
_ADC_InterruptHandler                     nvBANK0      0002C
_ADC_SetInterruptHandler                  text17       001C1
_ADRESH                                   (abs)        0009C
_ADRESL                                   (abs)        0009B
_ANSELA                                   (abs)        0018C
_ANSELB                                   (abs)        0018D
_ANSELC                                   (abs)        0018E
_APFCON                                   (abs)        0011D
_BORCON                                   (abs)        00116
_FVRCON                                   (abs)        00117
_FVRCONbits                               (abs)        00117
_FVR_Initialize                           text15       001D5
_I2C_Initialize                           text14       0014F
_I2C_Isr                                  text22       00044
_I2C_SlaveAddrCallBack                    text34       00172
_I2C_SlaveAddrInterruptHandler            bssBANK0     00024
_I2C_SlaveBusColInterruptHandler          bssBANK0     00022
_I2C_SlaveClearIrq                        text33       001F2
_I2C_SlaveDefAddrInterruptHandler         text35       001E5
_I2C_SlaveDefBusColInterruptHandler       (abs)        00000
_I2C_SlaveDefRdInterruptHandler           text28       001DD
_I2C_SlaveDefWrColInterruptHandler        (abs)        00000
_I2C_SlaveDefWrInterruptHandler           text24       001D9
_I2C_SlaveGetRxData                       text36       001F5
_I2C_SlaveIsAddr                          text32       00196
_I2C_SlaveIsRead                          text31       001CC
_I2C_SlaveIsRxBufFull                     text30       001E1
_I2C_SlaveIsTxBufEmpty                    text29       0018F
_I2C_SlaveRdCallBack                      text27       0017D
_I2C_SlaveRdInterruptHandler              bssCOMMON    00070
_I2C_SlaveReleaseClock                    text26       001EF
_I2C_SlaveSendTxData                      text25       001C7
_I2C_SlaveWrCallBack                      text23       00167
_I2C_SlaveWrColInterruptHandler           bssBANK0     00020
_I2C_SlaveWrInterruptHandler              bssBANK0     00026
_INTCONbits                               (abs)        0000B
_INTERRUPT_InterruptManager               intentry     00004
_LATA                                     (abs)        0010C
_LATB                                     (abs)        0010D
_LATC                                     (abs)        0010E
_MSSP_InterruptHandler                    bssCOMMON    00072
_OPTION_REGbits                           (abs)        00095
_OSCCON                                   (abs)        00099
_OSCILLATOR_Initialize                    text13       001BB
_PIE1bits                                 (abs)        00091
_PIE2bits                                 (abs)        00092
_PIN_MANAGER_Initialize                   text12       000D9
_PIR1bits                                 (abs)        00011
_PIR2bits                                 (abs)        00012
_PWM1CON                                  (abs)        00613
_PWM1DCH                                  (abs)        00612
_PWM1DCL                                  (abs)        00611
_PWM1_Initialize                          text11       001B5
_PWM2CON                                  (abs)        00616
_PWM2DCH                                  (abs)        00615
_PWM2DCL                                  (abs)        00614
_PWM2_Initialize                          text10       001AF
_PWM4CON                                  (abs)        0061C
_PWM4DCH                                  (abs)        0061B
_PWM4DCL                                  (abs)        0061A
_PWM4_Initialize                          text9        001A9
_SSP1ADD                                  (abs)        00212
_SSP1BUF                                  (abs)        00211
_SSP1CON1                                 (abs)        00215
_SSP1CON1bits                             (abs)        00215
_SSP1CON2                                 (abs)        00216
_SSP1CON2bits                             (abs)        00216
_SSP1MSK                                  (abs)        00213
_SSP1STAT                                 (abs)        00214
_SSP1STATbits                             (abs)        00214
_SYSTEM_Initialize                        text5        000BB
_T1CON                                    (abs)        00018
_T1CONbits                                (abs)        00018
_T1GCON                                   (abs)        00019
_T1GCONbits                               (abs)        00019
_TMR1H                                    (abs)        00017
_TMR1L                                    (abs)        00016
_TMR1_DefaultInterruptHandler             text21       001F8
_TMR1_ISR                                 text19       0010C
_TMR1_Initialize                          text7        000F3
_TMR1_InterruptHandler                    nvBANK0      00028
_TMR1_Reload                              text3        00187
_TMR1_SetInterruptHandler                 text8        001A3
_TMR1_StartTimer                          text2        001EC
_TMR1_StopTimer                           text1        001E9
_TMR1_WriteTimer                          text4        00131
_TRISA                                    (abs)        0008C
_TRISB                                    (abs)        0008D
_TRISC                                    (abs)        0008E
_WDTCON                                   (abs)        00097
_WDT_Initialize                           text6        001D1
_WPUA                                     (abs)        0020C
_WPUB                                     (abs)        0020D
__Habs1                                   abs1         00000
__Hbank0                                  bank0        00000
__Hbank1                                  bank1        00000
__Hbank10                                 bank10       00000
__Hbank11                                 bank11       00000
__Hbank12                                 bank12       00000
__Hbank13                                 bank13       00000
__Hbank14                                 bank14       00000
__Hbank15                                 bank15       00000
__Hbank16                                 bank16       00000
__Hbank17                                 bank17       00000
__Hbank18                                 bank18       00000
__Hbank19                                 bank19       00000
__Hbank2                                  bank2        00000
__Hbank20                                 bank20       00000
__Hbank21                                 bank21       00000
__Hbank22                                 bank22       00000
__Hbank23                                 bank23       00000
__Hbank24                                 bank24       00000
__Hbank25                                 bank25       00000
__Hbank26                                 bank26       00000
__Hbank27                                 bank27       00000
__Hbank28                                 bank28       00000
__Hbank29                                 bank29       00000
__Hbank3                                  bank3        00000
__Hbank30                                 bank30       00000
__Hbank31                                 bank31       00000
__Hbank4                                  bank4        00000
__Hbank5                                  bank5        00000
__Hbank6                                  bank6        00000
__Hbank7                                  bank7        00000
__Hbank8                                  bank8        00000
__Hbank9                                  bank9        00000
__Hbigram                                 bigram       00000
__HbssBANK0                               bssBANK0     00000
__HbssCOMMON                              bssCOMMON    00000
__Hcinit                                  cinit        00044
__Hclrtext                                clrtext      00000
__Hcode                                   code         00000
__Hcommon                                 common       00000
__Hconfig                                 config       08009
__HcstackBANK0                            cstackBANK0  00000
__HcstackCOMMON                           cstackCOMMON 00000
__Heeprom_data                            eeprom_data  00000
__Hend_init                               end_init     0002F
__Hfunctab                                functab      00000
__Hheap                                   heap         00000
__Hidloc                                  idloc        08004
__Hinit                                   init         0002D
__Hintentry                               intentry     0002D
__Hmaintext                               maintext     00000
__HnvBANK0                                nvBANK0      00000
__Hpowerup                                powerup      00000
__Hram                                    ram          00000
__Hreset_vec                              reset_vec    00002
__Hsfr0                                   sfr0         00000
__Hsfr1                                   sfr1         00000
__Hsfr10                                  sfr10        00000
__Hsfr11                                  sfr11        00000
__Hsfr12                                  sfr12        00000
__Hsfr13                                  sfr13        00000
__Hsfr14                                  sfr14        00000
__Hsfr15                                  sfr15        00000
__Hsfr16                                  sfr16        00000
__Hsfr17                                  sfr17        00000
__Hsfr18                                  sfr18        00000
__Hsfr19                                  sfr19        00000
__Hsfr2                                   sfr2         00000
__Hsfr20                                  sfr20        00000
__Hsfr21                                  sfr21        00000
__Hsfr22                                  sfr22        00000
__Hsfr23                                  sfr23        00000
__Hsfr24                                  sfr24        00000
__Hsfr25                                  sfr25        00000
__Hsfr26                                  sfr26        00000
__Hsfr27                                  sfr27        00000
__Hsfr28                                  sfr28        00000
__Hsfr29                                  sfr29        00000
__Hsfr3                                   sfr3         00000
__Hsfr30                                  sfr30        00000
__Hsfr31                                  sfr31        00000
__Hsfr4                                   sfr4         00000
__Hsfr5                                   sfr5         00000
__Hsfr6                                   sfr6         00000
__Hsfr7                                   sfr7         00000
__Hsfr8                                   sfr8         00000
__Hsfr9                                   sfr9         00000
__Hspace_0                                (abs)        001FB
__Hspace_1                                (abs)        0007B
__Hspace_2                                (abs)        00000
__Hspace_3                                (abs)        00000
__Hspace_4                                (abs)        10010
__Hstack                                  stack        00000
__Hstrings                                strings      00000
__Hstringtext1                            stringtext1  00000
__Htext                                   text         00000
__Labs1                                   abs1         00000
__Lbank0                                  bank0        00000
__Lbank1                                  bank1        00000
__Lbank10                                 bank10       00000
__Lbank11                                 bank11       00000
__Lbank12                                 bank12       00000
__Lbank13                                 bank13       00000
__Lbank14                                 bank14       00000
__Lbank15                                 bank15       00000
__Lbank16                                 bank16       00000
__Lbank17                                 bank17       00000
__Lbank18                                 bank18       00000
__Lbank19                                 bank19       00000
__Lbank2                                  bank2        00000
__Lbank20                                 bank20       00000
__Lbank21                                 bank21       00000
__Lbank22                                 bank22       00000
__Lbank23                                 bank23       00000
__Lbank24                                 bank24       00000
__Lbank25                                 bank25       00000
__Lbank26                                 bank26       00000
__Lbank27                                 bank27       00000
__Lbank28                                 bank28       00000
__Lbank29                                 bank29       00000
__Lbank3                                  bank3        00000
__Lbank30                                 bank30       00000
__Lbank31                                 bank31       00000
__Lbank4                                  bank4        00000
__Lbank5                                  bank5        00000
__Lbank6                                  bank6        00000
__Lbank7                                  bank7        00000
__Lbank8                                  bank8        00000
__Lbank9                                  bank9        00000
__Lbigram                                 bigram       00000
__LbssBANK0                               bssBANK0     00000
__LbssCOMMON                              bssCOMMON    00000
__Lcinit                                  cinit        0002F
__Lclrtext                                clrtext      00000
__Lcode                                   code         00000
__Lcommon                                 common       00000
__Lconfig                                 config       00000
__LcstackBANK0                            cstackBANK0  00000
__LcstackCOMMON                           cstackCOMMON 00000
__Leeprom_data                            eeprom_data  00000
__Lend_init                               end_init     0002D
__Lfunctab                                functab      00000
__Lheap                                   heap         00000
__Lidloc                                  idloc        00000
__Linit                                   init         0002D
__Lintentry                               intentry     00004
__Lmaintext                               maintext     00000
__LnvBANK0                                nvBANK0      00000
__Lpowerup                                powerup      00000
__Lram                                    ram          00000
__Lreset_vec                              reset_vec    00000
__Lsfr0                                   sfr0         00000
__Lsfr1                                   sfr1         00000
__Lsfr10                                  sfr10        00000
__Lsfr11                                  sfr11        00000
__Lsfr12                                  sfr12        00000
__Lsfr13                                  sfr13        00000
__Lsfr14                                  sfr14        00000
__Lsfr15                                  sfr15        00000
__Lsfr16                                  sfr16        00000
__Lsfr17                                  sfr17        00000
__Lsfr18                                  sfr18        00000
__Lsfr19                                  sfr19        00000
__Lsfr2                                   sfr2         00000
__Lsfr20                                  sfr20        00000
__Lsfr21                                  sfr21        00000
__Lsfr22                                  sfr22        00000
__Lsfr23                                  sfr23        00000
__Lsfr24                                  sfr24        00000
__Lsfr25                                  sfr25        00000
__Lsfr26                                  sfr26        00000
__Lsfr27                                  sfr27        00000
__Lsfr28                                  sfr28        00000
__Lsfr29                                  sfr29        00000
__Lsfr3                                   sfr3         00000
__Lsfr30                                  sfr30        00000
__Lsfr31                                  sfr31        00000
__Lsfr4                                   sfr4         00000
__Lsfr5                                   sfr5         00000
__Lsfr6                                   sfr6         00000
__Lsfr7                                   sfr7         00000
__Lsfr8                                   sfr8         00000
__Lsfr9                                   sfr9         00000
__Lspace_0                                (abs)        00000
__Lspace_1                                (abs)        00000
__Lspace_2                                (abs)        00000
__Lspace_3                                (abs)        00000
__Lspace_4                                (abs)        00000
__Lstack                                  stack        00000
__Lstrings                                strings      00000
__Lstringtext1                            stringtext1  00000
__Ltext                                   text         00000
__S0                                      (abs)        001FB
__S1                                      (abs)        0007B
___heap_hi                                (abs)        00000
___heap_lo                                (abs)        00000
___int_sp                                 stack        00000
___latbits                                (abs)        00001
___sp                                     stack        00000
___stackhi                                (abs)        00000
___stacklo                                (abs)        00000
__end_of_ADC_DefaultInterruptHandler      text38       001FB
__end_of_ADC_ISR                          text37       00167
__end_of_ADC_Initialize                   text16       00131
__end_of_ADC_SetInterruptHandler          text17       001C7
__end_of_FVR_Initialize                   text15       001D9
__end_of_I2C_Initialize                   text14       0015B
__end_of_I2C_Isr                          text22       00097
__end_of_I2C_SlaveAddrCallBack            text34       0017D
__end_of_I2C_SlaveClearIrq                text33       001F5
__end_of_I2C_SlaveDefAddrInterruptHandler text35       001E9
__end_of_I2C_SlaveDefRdInterruptHandler   text28       001E1
__end_of_I2C_SlaveDefWrInterruptHandler   text24       001DD
__end_of_I2C_SlaveGetRxData               text36       001F8
__end_of_I2C_SlaveIsAddr                  text32       0019D
__end_of_I2C_SlaveIsRead                  text31       001D1
__end_of_I2C_SlaveIsRxBufFull             text30       001E5
__end_of_I2C_SlaveIsTxBufEmpty            text29       00196
__end_of_I2C_SlaveRdCallBack              text27       00187
__end_of_I2C_SlaveReleaseClock            text26       001F2
__end_of_I2C_SlaveSendTxData              text25       001CC
__end_of_I2C_SlaveWrCallBack              text23       00172
__end_of_INTERRUPT_InterruptManager       intentry     0002D
__end_of_OSCILLATOR_Initialize            text13       001C1
__end_of_PIN_MANAGER_Initialize           text12       000F3
__end_of_PWM1_Initialize                  text11       001BB
__end_of_PWM2_Initialize                  text10       001B5
__end_of_PWM4_Initialize                  text9        001AF
__end_of_SYSTEM_Initialize                text5        000D9
__end_of_TMR1_DefaultInterruptHandler     text21       001FA
__end_of_TMR1_ISR                         text19       00120
__end_of_TMR1_Initialize                  text7        0010C
__end_of_TMR1_Reload                      text3        0018F
__end_of_TMR1_SetInterruptHandler         text8        001A9
__end_of_TMR1_StartTimer                  text2        001EF
__end_of_TMR1_StopTimer                   text1        001EC
__end_of_TMR1_WriteTimer                  text4        00140
__end_of_WDT_Initialize                   text6        001D5
__end_of__initialization                  cinit        00040
__end_of_main                             maintext     000BB
__end_ofi1_TMR1_WriteTimer                text20       0014F
__end_ofmain@safety                       stringtext1  001A3
__initialization                          cinit        0002F
__pbssBANK0                               bssBANK0     00020
__pbssCOMMON                              bssCOMMON    00070
__pcstackBANK0                            cstackBANK0  0002E
__pcstackCOMMON                           cstackCOMMON 00078
__pintentry                               intentry     00004
__pmaintext                               maintext     00097
__pnvBANK0                                nvBANK0      00028
__pstringtext1                            stringtext1  0019D
__ptext1                                  text1        001E9
__ptext10                                 text10       001AF
__ptext11                                 text11       001B5
__ptext12                                 text12       000D9
__ptext13                                 text13       001BB
__ptext14                                 text14       0014F
__ptext15                                 text15       001D5
__ptext16                                 text16       00120
__ptext17                                 text17       001C1
__ptext19                                 text19       0010C
__ptext2                                  text2        001EC
__ptext20                                 text20       00140
__ptext21                                 text21       001F8
__ptext22                                 text22       00044
__ptext23                                 text23       00167
__ptext24                                 text24       001D9
__ptext25                                 text25       001C7
__ptext26                                 text26       001EF
__ptext27                                 text27       0017D
__ptext28                                 text28       001DD
__ptext29                                 text29       0018F
__ptext3                                  text3        00187
__ptext30                                 text30       001E1
__ptext31                                 text31       001CC
__ptext32                                 text32       00196
__ptext33                                 text33       001F2
__ptext34                                 text34       00172
__ptext35                                 text35       001E5
__ptext36                                 text36       001F5
__ptext37                                 text37       0015B
__ptext38                                 text38       001FA
__ptext4                                  text4        00131
__ptext5                                  text5        000BB
__ptext6                                  text6        001D1
__ptext7                                  text7        000F3
__ptext8                                  text8        001A3
__ptext9                                  text9        001A9
_i2cRdData                                bssCOMMON    00076
_i2cSlaveAddr                             bssCOMMON    00075
_i2cSlaveState                            bssCOMMON    00074
_i2cWrData                                bssCOMMON    00077
_main                                     maintext     00097
_timer1ReloadVal                          nvBANK0      0002A
btemp                                     (abs)        0007E
end_of_initialization                     cinit        00040
i1TMR1_WriteTimer@timerVal                cstackCOMMON 00078
i1_TMR1_WriteTimer                        text20       00140
int$flags                                 (abs)        0007E
intlevel0                                 functab      00000
intlevel1                                 functab      00000
intlevel2                                 functab      00000
intlevel3                                 functab      00000
intlevel4                                 functab      00000
intlevel5                                 functab      00000
reset_vec                                 reset_vec    00000
start                                     init         0002D
start_initialization                      cinit        0002F
wtemp0                                    (abs)        0007E


MODULE INFORMATION

Module		Function		Class		Link	Load	Size
mcc_generated_files/fvr.c
		_FVR_Initialize		CODE           	01D5	0000	4

mcc_generated_files/fvr.c estimated size: 4

mcc_generated_files/i2c_slave.c
		_I2C_SlaveDefRdInterruptHandler		CODE           	01DD	0000	4
		_I2C_SlaveDefWrInterruptHandler		CODE           	01D9	0000	4
		_I2C_SlaveIsRxBufFull		CODE           	01E1	0000	4
		_I2C_SlaveClearIrq		CODE           	01F2	0000	3
		_I2C_SlaveGetRxData		CODE           	01F5	0000	3
		_I2C_Isr       		CODE           	0044	0000	83
		_I2C_SlaveDefAddrInterruptHandler		CODE           	01E5	0000	4
		_I2C_SlaveIsRead		CODE           	01CC	0000	5
		_I2C_SlaveIsAddr		CODE           	0196	0000	7
		_I2C_SlaveSendTxData		CODE           	01C7	0000	5
		_I2C_SlaveRdCallBack		CODE           	017D	0000	10
		_I2C_SlaveWrCallBack		CODE           	0167	0000	11
		_I2C_SlaveAddrCallBack		CODE           	0172	0000	11
		_I2C_Initialize		CODE           	014F	0000	12
		_I2C_SlaveIsTxBufEmpty		CODE           	018F	0000	7
		_I2C_SlaveReleaseClock		CODE           	01EF	0000	3

mcc_generated_files/i2c_slave.c estimated size: 176

mcc_generated_files/pwm4.c
		_PWM4_Initialize		CODE           	01A9	0000	6

mcc_generated_files/pwm4.c estimated size: 6

mcc_generated_files/interrupt_manager.c
		_INTERRUPT_InterruptManager		CODE           	0004	0000	41

mcc_generated_files/interrupt_manager.c estimated size: 41

mcc_generated_files/pwm2.c
		_PWM2_Initialize		CODE           	01AF	0000	6

mcc_generated_files/pwm2.c estimated size: 6

mcc_generated_files/pin_manager.c
		_PIN_MANAGER_Initialize		CODE           	00D9	0000	26

mcc_generated_files/pin_manager.c estimated size: 26

mcc_generated_files/adc.c
		_ADC_DefaultInterruptHandler		CODE           	01FA	0000	1
		_ADC_Initialize		CODE           	0120	0000	17
		_ADC_SetInterruptHandler		CODE           	01C1	0000	6
		_ADC_ISR       		CODE           	015B	0000	12

mcc_generated_files/adc.c estimated size: 36

shared
		main@safety    		STRCODE        	0000	0000	0
		__initialization		CODE           	002F	0000	17
		i1_TMR1_WriteTimer		CODE           	0140	0000	15

shared estimated size: 32

mcc_generated_files/mcc.c
		_WDT_Initialize		CODE           	01D1	0000	4
		_OSCILLATOR_Initialize		CODE           	01BB	0000	6
		_SYSTEM_Initialize		CODE           	00BB	0000	30

mcc_generated_files/mcc.c estimated size: 40

mcc_generated_files/tmr1.c
		_TMR1_Initialize		CODE           	00F3	0000	25
		_TMR1_SetInterruptHandler		CODE           	01A3	0000	6
		_TMR1_StopTimer		CODE           	01E9	0000	3
		_TMR1_Reload   		CODE           	0187	0000	8
		_TMR1_DefaultInterruptHandler		CODE           	01F8	0000	2
		_TMR1_WriteTimer		CODE           	0131	0000	15
		_TMR1_StartTimer		CODE           	01EC	0000	3
		_TMR1_ISR      		CODE           	010C	0000	20

mcc_generated_files/tmr1.c estimated size: 82

mcc_generated_files/pwm1.c
		_PWM1_Initialize		CODE           	01B5	0000	6

mcc_generated_files/pwm1.c estimated size: 6

main.c
		_main          		CODE           	0097	0000	36

main.c estimated size: 36

