Microchip MPLAB XC8 Compiler V2.40

Linker command line:

-W-3 \
  --edf=C:\Program Files\Microchip\xc8\v2.40\pic\dat\20220703182018_en.msgs \
  -cn -h+dist/default/production\cell.X.production.sym \
  --cmf=dist/default/production\cell.X.production.cmf -z -Q16F1508 \
  -oC:\Users\pcguy\AppData\Local\Temp\xcAsnkk.4 --defsym=__MPLAB_BUILD=1 \
  --fixupoverflow=error -Mdist/default/production/cell.X.production.map \
  --md=C:\Users\pcguy\AppData\Local\Temp\xcAsnkk.dat -E1 -ver=XC8 Compiler \
  --acfsm=1493 -ACODE=00h-07FFhx2 -ASTRCODE=00h-0FFFh -ASTRING=00h-0FFhx16 \
  -ACONST=00h-0FFhx16 -AENTRY=00h-0FFhx16 -ACOMMON=070h-07Fh \
  -ABANK0=020h-06Fh -ABANK1=0A0h-0EFh -ABANK2=0120h-016Fh \
  -ABIGRAM=02000h-020EFh -ARAM=020h-06Fh,0A0h-0EFh,0120h-016Fh \
  -AABS1=020h-07Fh,0A0h-0EFh,0120h-016Fh -ASFR0=00h-01Fh -ASFR1=080h-09Fh \
  -ASFR2=0100h-011Fh -ASFR3=0180h-01EFh -ASFR4=0200h-026Fh \
  -ASFR5=0280h-02EFh -ASFR6=0300h-036Fh -ASFR7=0380h-03EFh \
  -ASFR8=0400h-046Fh -ASFR9=0480h-04EFh -ASFR10=0500h-056Fh \
  -ASFR11=0580h-05EFh -ASFR12=0600h-066Fh -ASFR13=0680h-06EFh \
  -ASFR14=0700h-076Fh -ASFR15=0780h-07EFh -ASFR16=0800h-086Fh \
  -ASFR17=0880h-08EFh -ASFR18=0900h-096Fh -ASFR19=0980h-09EFh \
  -ASFR20=0A00h-0A6Fh -ASFR21=0A80h-0AEFh -ASFR22=0B00h-0B6Fh \
  -ASFR23=0B80h-0BEFh -ASFR24=0C00h-0C6Fh -ASFR25=0C80h-0CEFh \
  -ASFR26=0D00h-0D6Fh -ASFR27=0D80h-0DEFh -ASFR28=0E00h-0E6Fh \
  -ASFR29=0E80h-0EEFh -ASFR30=0F00h-0F6Fh -ASFR31=0F80h-0FEFh \
  -ACONFIG=08007h-08008h -DCONFIG=2 -AIDLOC=08000h-08003h -DIDLOC=2 \
  -DCODE=2 -DSTRCODE=2 -DSTRING=2 -DCONST=2 -DENTRY=2 \
  -preset_vec=00h,intentry=04h,init,end_init -ppowerup=CODE -pcinit=CODE \
  -pfunctab=ENTRY -k C:\Users\pcguy\AppData\Local\Temp\xcAsnkk.o \
  dist/default/production\cell.X.production.o 

Object code version is 3.11

Machine type is 16F1508



                Name                               Link     Load   Length Selector   Space Scale
C:\Users\pcguy\AppData\Local\Temp\xcAsnkk.o
                end_init                             35       35        2        8       0
                reset_vec                             0        0        2        0       0
                config                             8007     8007        2        0       4
                idloc                              8000     8000        4        0       5
dist/default/production\cell.X.production.o
                cinit                                37       37        F        8       0
                intentry                              4        4       31        8       0
                config                             8007     8007        2        0       4
                idloc                              8000     8000        4        0       5
                text36                              3A2      3A2        3      600       0
                text35                              36F      36F        6      600       0
                text34                              31A      31A        D      600       0
                text33                              39F      39F        3      600       0
                text32                              34A      34A        7      600       0
                text31                              384      384        5      600       0
                text30                              395      395        4      600       0
                text29                              343      343        7      600       0
                text28                              369      369        6      600       0
                text27                              30D      30D        D      600       0
                text26                              39C      39C        3      600       0
                text25                              37F      37F        5      600       0
                text24                              37A      37A        5      600       0
                text23                              300      300        D      600       0
                text22                              1DF      1DF       69        8       0
                text21                              3A5      3A5        1      600       0
                text20                              2DF      2DF       11        8       0
                text19                              2C9      2C9       16        8       0
                text17                              248      248       1B        8       0
                text16                              399      399        3      600       0
                text15                              391      391        4      600       0
                text14                              331      331        A      600       0
                text13                              38D      38D        4      600       0
                text12                              327      327        A      600       0
                text11                              363      363        6      600       0
                text10                              27D      27D       1A        8       0
                text9                               35D      35D        6      600       0
                text8                               2B0      2B0       19        8       0
                text7                               33B      33B        8      600       0
                text6                               389      389        4      600       0
                text5                               297      297       19        8       0
                text4                               375      375        5      600       0
                text3                               357      357        6      600       0
                text2                               118      118       C7        8       0
                text1                               263      263       1A        8       0
                maintext                             46       46       D2        8       0
                cstackBANK0                          43       43        4       20       1
                cstackCOMMON                         70       70        7       70       1
                clrtext                             351      351        6      600       0
                bssBANK0                             20       20       1F       20       1
                bssCOMMON                            77       77        3       70       1
                nvBANK0                              3F       3F        4       20       1
                stringtext1                         2F0      2F0       10      5E0       0

TOTAL           Name                               Link     Load   Length     Space
        CLASS   CODE           
                end_init                             35       35        2         0
                cinit                                37       37        F         0
                intentry                              4        4       31         0
                reset_vec                             0        0        2         0
                text36                              3A2      3A2        3         0
                text35                              36F      36F        6         0
                text34                              31A      31A        D         0
                text33                              39F      39F        3         0
                text32                              34A      34A        7         0
                text31                              384      384        5         0
                text30                              395      395        4         0
                text29                              343      343        7         0
                text28                              369      369        6         0
                text27                              30D      30D        D         0
                text26                              39C      39C        3         0
                text25                              37F      37F        5         0
                text24                              37A      37A        5         0
                text23                              300      300        D         0
                text22                              1DF      1DF       69         0
                text21                              3A5      3A5        1         0
                text20                              2DF      2DF       11         0
                text19                              2C9      2C9       16         0
                text17                              248      248       1B         0
                text16                              399      399        3         0
                text15                              391      391        4         0
                text14                              331      331        A         0
                text13                              38D      38D        4         0
                text12                              327      327        A         0
                text11                              363      363        6         0
                text10                              27D      27D       1A         0
                text9                               35D      35D        6         0
                text8                               2B0      2B0       19         0
                text7                               33B      33B        8         0
                text6                               389      389        4         0
                text5                               297      297       19         0
                text4                               375      375        5         0
                text3                               357      357        6         0
                text2                               118      118       C7         0
                text1                               263      263       1A         0
                maintext                             46       46       D2         0
                clrtext                             351      351        6         0

        CLASS   STRCODE        
                stringtext1                         2F0      2F0       10         0

        CLASS   STRING         

        CLASS   CONST          

        CLASS   ENTRY          

        CLASS   COMMON         
                cstackCOMMON                         70       70        7         1
                bssCOMMON                            77       77        3         1

        CLASS   BANK0          
                cstackBANK0                          43       43        4         1
                bssBANK0                             20       20       1F         1
                nvBANK0                              3F       3F        4         1

        CLASS   BANK1          

        CLASS   BANK2          

        CLASS   BIGRAM         

        CLASS   RAM            

        CLASS   ABS1           
                abs_s1                               7E       7E        2         1

        CLASS   SFR0           

        CLASS   SFR1           

        CLASS   SFR2           

        CLASS   SFR3           

        CLASS   SFR4           

        CLASS   SFR5           

        CLASS   SFR6           

        CLASS   SFR7           

        CLASS   SFR8           

        CLASS   SFR9           

        CLASS   SFR10          

        CLASS   SFR11          

        CLASS   SFR12          

        CLASS   SFR13          

        CLASS   SFR14          

        CLASS   SFR15          

        CLASS   SFR16          

        CLASS   SFR17          

        CLASS   SFR18          

        CLASS   SFR19          

        CLASS   SFR20          

        CLASS   SFR21          

        CLASS   SFR22          

        CLASS   SFR23          

        CLASS   SFR24          

        CLASS   SFR25          

        CLASS   SFR26          

        CLASS   SFR27          

        CLASS   SFR28          

        CLASS   SFR29          

        CLASS   SFR30          

        CLASS   SFR31          

        CLASS   CONFIG         
                config                             8007     8007        2         4

        CLASS   IDLOC          
                idloc                              8000     8000        4         5

        CLASS   BANK31         

        CLASS   BANK30         

        CLASS   BANK29         

        CLASS   BANK28         

        CLASS   BANK27         

        CLASS   BANK26         

        CLASS   BANK25         

        CLASS   BANK24         

        CLASS   BANK23         

        CLASS   BANK22         

        CLASS   BANK21         

        CLASS   BANK20         

        CLASS   BANK19         

        CLASS   BANK18         

        CLASS   BANK17         

        CLASS   BANK16         

        CLASS   BANK15         

        CLASS   BANK14         

        CLASS   BANK13         

        CLASS   BANK12         

        CLASS   BANK11         

        CLASS   BANK10         

        CLASS   BANK9          

        CLASS   BANK8          

        CLASS   BANK7          

        CLASS   BANK6          

        CLASS   BANK5          

        CLASS   BANK4          

        CLASS   BANK3          

        CLASS   HEAP           

        CLASS   STACK          

        CLASS   EEDATA         



SEGMENTS        Name                           Load    Length   Top    Selector   Space  Class     Delta

                reset_vec                      000000  000002  000002         0       0  CODE        2
                intentry                       000004  0002EC  0002F0         8       0  CODE        2
                bssBANK0                       000020  000027  000047        20       1  BANK0       1
                cstackCOMMON                   000070  00000A  00007A        70       1  COMMON      1
                stringtext1                    0002F0  000010  000300       5E0       0  STRCODE     2
                text23                         000300  0000A6  0003A6       600       0  CODE        2


UNUSED ADDRESS RANGES

        Name                Unused          Largest block    Delta
        BANK0            00047-0006F              29           1
        BANK1            000A0-000EF              50           1
        BANK2            00120-0016F              50           1
        BIGRAM           02000-020EF              F0           1
        CODE             00002-00003               2           2
                         003A6-00FFF             45A
        COMMON           0007A-0007D               4           1
        CONST            00002-00003               2           2
                         003A6-00FFF             100
        ENTRY            00002-00003               2           2
                         003A6-00FFF             100
        RAM              00047-0006F              29           1
                         000A0-000EF              50
                         00120-0016F              50
        SFR0             00000-0001F              20           1
        SFR1             00080-0009F              20           1
        SFR10            00500-0056F              70           1
        SFR11            00580-005EF              70           1
        SFR12            00600-0066F              70           1
        SFR13            00680-006EF              70           1
        SFR14            00700-0076F              70           1
        SFR15            00780-007EF              70           1
        SFR16            00800-0086F              70           1
        SFR17            00880-008EF              70           1
        SFR18            00900-0096F              70           1
        SFR19            00980-009EF              70           1
        SFR2             00100-0011F              20           1
        SFR20            00A00-00A6F              70           1
        SFR21            00A80-00AEF              70           1
        SFR22            00B00-00B6F              70           1
        SFR23            00B80-00BEF              70           1
        SFR24            00C00-00C6F              70           1
        SFR25            00C80-00CEF              70           1
        SFR26            00D00-00D6F              70           1
        SFR27            00D80-00DEF              70           1
        SFR28            00E00-00E6F              70           1
        SFR29            00E80-00EEF              70           1
        SFR3             00180-001EF              70           1
        SFR30            00F00-00F6F              70           1
        SFR31            00F80-00FEF              70           1
        SFR4             00200-0026F              70           1
        SFR5             00280-002EF              70           1
        SFR6             00300-0036F              70           1
        SFR7             00380-003EF              70           1
        SFR8             00400-0046F              70           1
        SFR9             00480-004EF              70           1
        STRCODE          00002-00003               2           2
                         003A6-00FFF             C5A
        STRING           00002-00003               2           2
                         003A6-00FFF             100

                                  Symbol Table

?_ADC_GetConversion                       cstackCOMMON 00073
ADC_GetConversion@channel                 cstackCOMMON 00076
I2C_SlaveSendTxData@data                  cstackCOMMON 00073
I2C_Write@data                            cstackCOMMON 00074
TMR1_SetInterruptHandler@InterruptHandler cstackCOMMON 00073
TMR1_WriteTimer@timerVal                  cstackCOMMON 00070
_ADCON0                                   (abs)        0009D
_ADCON0bits                               (abs)        0009D
_ADCON1                                   (abs)        0009E
_ADCON2                                   (abs)        0009F
_ADC_GetConversion                        text17       00248
_ADC_Initialize                           text14       00331
_ADRESH                                   (abs)        0009C
_ADRESL                                   (abs)        0009B
_ANSELA                                   (abs)        0018C
_ANSELB                                   (abs)        0018D
_ANSELC                                   (abs)        0018E
_APFCON                                   (abs)        0011D
_BORCON                                   (abs)        00116
_FVRCON                                   (abs)        00117
_FVRCONbits                               (abs)        00117
_FVR_Initialize                           text13       0038D
_I2C_Command                              bssBANK0     0003E
_I2C_Initialize                           text12       00327
_I2C_Isr                                  text22       001DF
_I2C_Read                                 text15       00391
_I2C_SlaveAddrCallBack                    text34       0031A
_I2C_SlaveAddrInterruptHandler            bssBANK0     00033
_I2C_SlaveBusColInterruptHandler          bssBANK0     00031
_I2C_SlaveClearIrq                        text33       0039F
_I2C_SlaveDefAddrInterruptHandler         text35       0036F
_I2C_SlaveDefBusColInterruptHandler       (abs)        00000
_I2C_SlaveDefRdInterruptHandler           text28       00369
_I2C_SlaveDefWrColInterruptHandler        (abs)        00000
_I2C_SlaveDefWrInterruptHandler           text24       0037A
_I2C_SlaveGetRxData                       text16       00399
_I2C_SlaveIsAddr                          text32       0034A
_I2C_SlaveIsRead                          text31       00384
_I2C_SlaveIsRxBufFull                     text30       00395
_I2C_SlaveIsTxBufEmpty                    text29       00343
_I2C_SlaveRdCallBack                      text27       0030D
_I2C_SlaveRdInterruptHandler              bssBANK0     00037
_I2C_SlaveReleaseClock                    text26       0039C
_I2C_SlaveSendTxData                      text4        00375
_I2C_SlaveWrCallBack                      text23       00300
_I2C_SlaveWrColInterruptHandler           bssBANK0     0002F
_I2C_SlaveWrInterruptHandler              bssBANK0     00035
_I2C_Write                                text3        00357
_INTCONbits                               (abs)        0000B
_INTERRUPT_InterruptManager               intentry     00004
_LATA                                     (abs)        0010C
_LATB                                     (abs)        0010D
_LATC                                     (abs)        0010E
_MSSP_InterruptHandler                    bssBANK0     00039
_OPTION_REGbits                           (abs)        00095
_OSCCON                                   (abs)        00099
_OSCILLATOR_Initialize                    text11       00363
_PIE1bits                                 (abs)        00091
_PIE2bits                                 (abs)        00092
_PIN_MANAGER_Initialize                   text10       0027D
_PIR1bits                                 (abs)        00011
_PIR2bits                                 (abs)        00012
_PR2                                      (abs)        0001B
_SSP1ADD                                  (abs)        00212
_SSP1BUF                                  (abs)        00211
_SSP1CON1                                 (abs)        00215
_SSP1CON1bits                             (abs)        00215
_SSP1CON2                                 (abs)        00216
_SSP1CON2bits                             (abs)        00216
_SSP1MSK                                  (abs)        00213
_SSP1STAT                                 (abs)        00214
_SSP1STATbits                             (abs)        00214
_SYSTEM_Initialize                        text5        00297
_T1CON                                    (abs)        00018
_T1CONbits                                (abs)        00018
_T1GCON                                   (abs)        00019
_T1GCONbits                               (abs)        00019
_T2CON                                    (abs)        0001C
_T2CONbits                                (abs)        0001C
_TMR1H                                    (abs)        00017
_TMR1L                                    (abs)        00016
_TMR1_DefaultInterruptHandler             text21       003A5
_TMR1_ISR                                 text19       002C9
_TMR1_Initialize                          text8        002B0
_TMR1_InterruptHandler                    nvBANK0      0003F
_TMR1_SetInterruptHandler                 text9        0035D
_TMR1_WriteTimer                          text20       002DF
_TMR2                                     (abs)        0001A
_TMR2_Initialize                          text7        0033B
_TRISA                                    (abs)        0008C
_TRISB                                    (abs)        0008D
_TRISC                                    (abs)        0008E
_WDTCON                                   (abs)        00097
_WDTCONbits                               (abs)        00097
_WDT_Initialize                           text6        00389
_WPUA                                     (abs)        0020C
_WPUB                                     (abs)        0020D
__Habs1                                   abs1         00000
__Hbank0                                  bank0        00000
__Hbank1                                  bank1        00000
__Hbank10                                 bank10       00000
__Hbank11                                 bank11       00000
__Hbank12                                 bank12       00000
__Hbank13                                 bank13       00000
__Hbank14                                 bank14       00000
__Hbank15                                 bank15       00000
__Hbank16                                 bank16       00000
__Hbank17                                 bank17       00000
__Hbank18                                 bank18       00000
__Hbank19                                 bank19       00000
__Hbank2                                  bank2        00000
__Hbank20                                 bank20       00000
__Hbank21                                 bank21       00000
__Hbank22                                 bank22       00000
__Hbank23                                 bank23       00000
__Hbank24                                 bank24       00000
__Hbank25                                 bank25       00000
__Hbank26                                 bank26       00000
__Hbank27                                 bank27       00000
__Hbank28                                 bank28       00000
__Hbank29                                 bank29       00000
__Hbank3                                  bank3        00000
__Hbank30                                 bank30       00000
__Hbank31                                 bank31       00000
__Hbank4                                  bank4        00000
__Hbank5                                  bank5        00000
__Hbank6                                  bank6        00000
__Hbank7                                  bank7        00000
__Hbank8                                  bank8        00000
__Hbank9                                  bank9        00000
__Hbigram                                 bigram       00000
__HbssBANK0                               bssBANK0     00000
__HbssCOMMON                              bssCOMMON    00000
__Hcinit                                  cinit        00046
__Hclrtext                                clrtext      00000
__Hcode                                   code         00000
__Hcommon                                 common       00000
__Hconfig                                 config       08009
__HcstackBANK0                            cstackBANK0  00000
__HcstackCOMMON                           cstackCOMMON 00000
__Heeprom_data                            eeprom_data  00000
__Hend_init                               end_init     00037
__Hfunctab                                functab      00000
__Hheap                                   heap         00000
__Hidloc                                  idloc        08004
__Hinit                                   init         00035
__Hintentry                               intentry     00035
__Hmaintext                               maintext     00000
__HnvBANK0                                nvBANK0      00000
__Hpowerup                                powerup      00000
__Hram                                    ram          00000
__Hreset_vec                              reset_vec    00002
__Hsfr0                                   sfr0         00000
__Hsfr1                                   sfr1         00000
__Hsfr10                                  sfr10        00000
__Hsfr11                                  sfr11        00000
__Hsfr12                                  sfr12        00000
__Hsfr13                                  sfr13        00000
__Hsfr14                                  sfr14        00000
__Hsfr15                                  sfr15        00000
__Hsfr16                                  sfr16        00000
__Hsfr17                                  sfr17        00000
__Hsfr18                                  sfr18        00000
__Hsfr19                                  sfr19        00000
__Hsfr2                                   sfr2         00000
__Hsfr20                                  sfr20        00000
__Hsfr21                                  sfr21        00000
__Hsfr22                                  sfr22        00000
__Hsfr23                                  sfr23        00000
__Hsfr24                                  sfr24        00000
__Hsfr25                                  sfr25        00000
__Hsfr26                                  sfr26        00000
__Hsfr27                                  sfr27        00000
__Hsfr28                                  sfr28        00000
__Hsfr29                                  sfr29        00000
__Hsfr3                                   sfr3         00000
__Hsfr30                                  sfr30        00000
__Hsfr31                                  sfr31        00000
__Hsfr4                                   sfr4         00000
__Hsfr5                                   sfr5         00000
__Hsfr6                                   sfr6         00000
__Hsfr7                                   sfr7         00000
__Hsfr8                                   sfr8         00000
__Hsfr9                                   sfr9         00000
__Hspace_0                                (abs)        003A6
__Hspace_1                                (abs)        0007A
__Hspace_2                                (abs)        00000
__Hspace_3                                (abs)        00000
__Hspace_4                                (abs)        10010
__Hstack                                  stack        00000
__Hstrings                                strings      00000
__Hstringtext1                            stringtext1  00000
__Htext                                   text         00000
__Labs1                                   abs1         00000
__Lbank0                                  bank0        00000
__Lbank1                                  bank1        00000
__Lbank10                                 bank10       00000
__Lbank11                                 bank11       00000
__Lbank12                                 bank12       00000
__Lbank13                                 bank13       00000
__Lbank14                                 bank14       00000
__Lbank15                                 bank15       00000
__Lbank16                                 bank16       00000
__Lbank17                                 bank17       00000
__Lbank18                                 bank18       00000
__Lbank19                                 bank19       00000
__Lbank2                                  bank2        00000
__Lbank20                                 bank20       00000
__Lbank21                                 bank21       00000
__Lbank22                                 bank22       00000
__Lbank23                                 bank23       00000
__Lbank24                                 bank24       00000
__Lbank25                                 bank25       00000
__Lbank26                                 bank26       00000
__Lbank27                                 bank27       00000
__Lbank28                                 bank28       00000
__Lbank29                                 bank29       00000
__Lbank3                                  bank3        00000
__Lbank30                                 bank30       00000
__Lbank31                                 bank31       00000
__Lbank4                                  bank4        00000
__Lbank5                                  bank5        00000
__Lbank6                                  bank6        00000
__Lbank7                                  bank7        00000
__Lbank8                                  bank8        00000
__Lbank9                                  bank9        00000
__Lbigram                                 bigram       00000
__LbssBANK0                               bssBANK0     00000
__LbssCOMMON                              bssCOMMON    00000
__Lcinit                                  cinit        00037
__Lclrtext                                clrtext      00000
__Lcode                                   code         00000
__Lcommon                                 common       00000
__Lconfig                                 config       00000
__LcstackBANK0                            cstackBANK0  00000
__LcstackCOMMON                           cstackCOMMON 00000
__Leeprom_data                            eeprom_data  00000
__Lend_init                               end_init     00035
__Lfunctab                                functab      00000
__Lheap                                   heap         00000
__Lidloc                                  idloc        00000
__Linit                                   init         00035
__Lintentry                               intentry     00004
__Lmaintext                               maintext     00000
__LnvBANK0                                nvBANK0      00000
__Lpowerup                                powerup      00000
__Lram                                    ram          00000
__Lreset_vec                              reset_vec    00000
__Lsfr0                                   sfr0         00000
__Lsfr1                                   sfr1         00000
__Lsfr10                                  sfr10        00000
__Lsfr11                                  sfr11        00000
__Lsfr12                                  sfr12        00000
__Lsfr13                                  sfr13        00000
__Lsfr14                                  sfr14        00000
__Lsfr15                                  sfr15        00000
__Lsfr16                                  sfr16        00000
__Lsfr17                                  sfr17        00000
__Lsfr18                                  sfr18        00000
__Lsfr19                                  sfr19        00000
__Lsfr2                                   sfr2         00000
__Lsfr20                                  sfr20        00000
__Lsfr21                                  sfr21        00000
__Lsfr22                                  sfr22        00000
__Lsfr23                                  sfr23        00000
__Lsfr24                                  sfr24        00000
__Lsfr25                                  sfr25        00000
__Lsfr26                                  sfr26        00000
__Lsfr27                                  sfr27        00000
__Lsfr28                                  sfr28        00000
__Lsfr29                                  sfr29        00000
__Lsfr3                                   sfr3         00000
__Lsfr30                                  sfr30        00000
__Lsfr31                                  sfr31        00000
__Lsfr4                                   sfr4         00000
__Lsfr5                                   sfr5         00000
__Lsfr6                                   sfr6         00000
__Lsfr7                                   sfr7         00000
__Lsfr8                                   sfr8         00000
__Lsfr9                                   sfr9         00000
__Lspace_0                                (abs)        00000
__Lspace_1                                (abs)        00000
__Lspace_2                                (abs)        00000
__Lspace_3                                (abs)        00000
__Lspace_4                                (abs)        00000
__Lstack                                  stack        00000
__Lstrings                                strings      00000
__Lstringtext1                            stringtext1  00000
__Ltext                                   text         00000
__S0                                      (abs)        003A6
__S1                                      (abs)        0007A
___heap_hi                                (abs)        00000
___heap_lo                                (abs)        00000
___int_sp                                 stack        00000
___latbits                                (abs)        00001
___sp                                     stack        00000
___stackhi                                (abs)        00000
___stacklo                                (abs)        00000
__end_of_ADC_GetConversion                text17       00263
__end_of_ADC_Initialize                   text14       0033B
__end_of_FVR_Initialize                   text13       00391
__end_of_I2C_Initialize                   text12       00331
__end_of_I2C_Isr                          text22       00248
__end_of_I2C_Read                         text15       00395
__end_of_I2C_SlaveAddrCallBack            text34       00327
__end_of_I2C_SlaveClearIrq                text33       003A2
__end_of_I2C_SlaveDefAddrInterruptHandler text35       00375
__end_of_I2C_SlaveDefRdInterruptHandler   text28       0036F
__end_of_I2C_SlaveDefWrInterruptHandler   text24       0037F
__end_of_I2C_SlaveGetRxData               text16       0039C
__end_of_I2C_SlaveIsAddr                  text32       00351
__end_of_I2C_SlaveIsRead                  text31       00389
__end_of_I2C_SlaveIsRxBufFull             text30       00399
__end_of_I2C_SlaveIsTxBufEmpty            text29       0034A
__end_of_I2C_SlaveRdCallBack              text27       0031A
__end_of_I2C_SlaveReleaseClock            text26       0039F
__end_of_I2C_SlaveSendTxData              text4        0037A
__end_of_I2C_SlaveWrCallBack              text23       0030D
__end_of_I2C_Write                        text3        0035D
__end_of_INTERRUPT_InterruptManager       intentry     00035
__end_of_OSCILLATOR_Initialize            text11       00369
__end_of_PIN_MANAGER_Initialize           text10       00297
__end_of_SYSTEM_Initialize                text5        002B0
__end_of_TMR1_DefaultInterruptHandler     text21       003A6
__end_of_TMR1_ISR                         text19       002DF
__end_of_TMR1_Initialize                  text8        002C9
__end_of_TMR1_SetInterruptHandler         text9        00363
__end_of_TMR1_WriteTimer                  text20       002F0
__end_of_TMR2_Initialize                  text7        00343
__end_of_WDT_Initialize                   text6        0038D
__end_of__initialization                  cinit        00042
__end_of_main                             maintext     00118
__end_of_safety                           stringtext1  00300
__end_of_sendAllDatatoMaster              text2        001DF
__end_of_sendDataToMaster                 text1        0027D
__end_ofi1_I2C_SlaveGetRxData             text36       003A5
__end_ofi1_I2C_SlaveSendTxData            text25       00384
__initialization                          cinit        00037
__pbssBANK0                               bssBANK0     00020
__pbssCOMMON                              bssCOMMON    00077
__pcstackBANK0                            cstackBANK0  00043
__pcstackCOMMON                           cstackCOMMON 00070
__pintentry                               intentry     00004
__pmaintext                               maintext     00046
__pnvBANK0                                nvBANK0      0003F
__pstringtext1                            stringtext1  002F0
__ptext1                                  text1        00263
__ptext10                                 text10       0027D
__ptext11                                 text11       00363
__ptext12                                 text12       00327
__ptext13                                 text13       0038D
__ptext14                                 text14       00331
__ptext15                                 text15       00391
__ptext16                                 text16       00399
__ptext17                                 text17       00248
__ptext19                                 text19       002C9
__ptext2                                  text2        00118
__ptext20                                 text20       002DF
__ptext21                                 text21       003A5
__ptext22                                 text22       001DF
__ptext23                                 text23       00300
__ptext24                                 text24       0037A
__ptext25                                 text25       0037F
__ptext26                                 text26       0039C
__ptext27                                 text27       0030D
__ptext28                                 text28       00369
__ptext29                                 text29       00343
__ptext3                                  text3        00357
__ptext30                                 text30       00395
__ptext31                                 text31       00384
__ptext32                                 text32       0034A
__ptext33                                 text33       0039F
__ptext34                                 text34       0031A
__ptext35                                 text35       0036F
__ptext36                                 text36       003A2
__ptext4                                  text4        00375
__ptext5                                  text5        00297
__ptext6                                  text6        00389
__ptext7                                  text7        0033B
__ptext8                                  text8        002B0
__ptext9                                  text9        0035D
_currentlyBalancing                       bssBANK0     0003D
_i2cRdData                                bssBANK0     0003C
_i2cSlaveAddr                             bssBANK0     0003B
_i2cSlaveState                            bssCOMMON    00077
_i2cWrData                                bssCOMMON    00078
_main                                     maintext     00046
_memory                                   bssBANK0     00020
_selectedReference                        bssCOMMON    00079
_sendAllDatatoMaster                      text2        00118
_sendDataToMaster                         text1        00263
_timer1ReloadVal                          nvBANK0      00041
btemp                                     (abs)        0007E
clear_ram0                                clrtext      00351
end_of_initialization                     cinit        00042
i1I2C_SlaveSendTxData@data                cstackCOMMON 00070
i1_I2C_SlaveGetRxData                     text36       003A2
i1_I2C_SlaveSendTxData                    text25       0037F
int$flags                                 (abs)        0007E
intlevel0                                 functab      00000
intlevel1                                 functab      00000
intlevel2                                 functab      00000
intlevel3                                 functab      00000
intlevel4                                 functab      00000
intlevel5                                 functab      00000
reset_vec                                 reset_vec    00000
sendAllDatatoMaster@high                  cstackCOMMON 00075
sendAllDatatoMaster@low                   cstackCOMMON 00076
sendDataToMaster@high                     cstackBANK0  00043
sendDataToMaster@low                      cstackBANK0  00044
sendDataToMaster@toSend                   cstackCOMMON 00075
start                                     init         00035
start_initialization                      cinit        00037
wtemp0                                    (abs)        0007E


MODULE INFORMATION

Module		Function		Class		Link	Load	Size
mcc_generated_files/fvr.c
		_FVR_Initialize		CODE           	038D	0000	4

mcc_generated_files/fvr.c estimated size: 4

mcc_generated_files/i2c_slave.c
		_I2C_SlaveDefRdInterruptHandler		CODE           	0369	0000	6
		_I2C_SlaveDefWrInterruptHandler		CODE           	037A	0000	5
		_I2C_Write     		CODE           	0357	0000	6
		_I2C_SlaveIsRxBufFull		CODE           	0395	0000	4
		_I2C_SlaveClearIrq		CODE           	039F	0000	3
		_I2C_SlaveGetRxData		CODE           	0399	0000	3
		_I2C_Isr       		CODE           	01DF	0000	105
		_I2C_Read      		CODE           	0391	0000	4
		_I2C_SlaveDefAddrInterruptHandler		CODE           	036F	0000	6
		_I2C_SlaveIsRead		CODE           	0384	0000	5
		_I2C_SlaveIsAddr		CODE           	034A	0000	7
		_I2C_SlaveSendTxData		CODE           	0375	0000	5
		_I2C_SlaveRdCallBack		CODE           	030D	0000	13
		_I2C_SlaveWrCallBack		CODE           	0300	0000	13
		_I2C_SlaveAddrCallBack		CODE           	031A	0000	13
		_I2C_Initialize		CODE           	0327	0000	10
		_I2C_SlaveIsTxBufEmpty		CODE           	0343	0000	7
		_I2C_SlaveReleaseClock		CODE           	039C	0000	3

mcc_generated_files/i2c_slave.c estimated size: 218

mcc_generated_files/tmr2.c
		_TMR2_Initialize		CODE           	033B	0000	8

mcc_generated_files/tmr2.c estimated size: 8

mcc_generated_files/interrupt_manager.c
		_INTERRUPT_InterruptManager		CODE           	0004	0000	49

mcc_generated_files/interrupt_manager.c estimated size: 49

mcc_generated_files/pin_manager.c
		_PIN_MANAGER_Initialize		CODE           	027D	0000	26

mcc_generated_files/pin_manager.c estimated size: 26

mcc_generated_files/adc.c
		_ADC_Initialize		CODE           	0331	0000	10
		_ADC_GetConversion		CODE           	0248	0000	27

mcc_generated_files/adc.c estimated size: 37

shared
		i1_I2C_SlaveSendTxData		CODE           	037F	0000	5
		_safety        		STRCODE        	0000	0000	0
		__initialization		CODE           	0037	0000	11
		i1_I2C_SlaveGetRxData		CODE           	03A2	0000	3

shared estimated size: 19

mcc_generated_files/mcc.c
		_WDT_Initialize		CODE           	0389	0000	4
		_OSCILLATOR_Initialize		CODE           	0363	0000	6
		_SYSTEM_Initialize		CODE           	0297	0000	25

mcc_generated_files/mcc.c estimated size: 35

mcc_generated_files/tmr1.c
		_TMR1_Initialize		CODE           	02B0	0000	25
		_TMR1_SetInterruptHandler		CODE           	035D	0000	6
		_TMR1_DefaultInterruptHandler		CODE           	03A5	0000	1
		_TMR1_WriteTimer		CODE           	02DF	0000	17
		_TMR1_ISR      		CODE           	02C9	0000	22

mcc_generated_files/tmr1.c estimated size: 71

main.c
		_main          		CODE           	0046	0000	210
		_sendDataToMaster		CODE           	0263	0000	26
		_sendAllDatatoMaster		CODE           	0118	0000	199

main.c estimated size: 435

