Microchip MPLAB XC8 Compiler V2.40

Linker command line:

-W-3 \
  --edf=C:\Program Files\Microchip\xc8\v2.40\pic\dat\20220703182018_en.msgs \
  -cn -h+dist/default/production\cell.X.production.sym \
  --cmf=dist/default/production\cell.X.production.cmf -z -Q16F1508 \
  -oC:\Users\pcguy\AppData\Local\Temp\xcAs4os.4 --defsym=__MPLAB_BUILD=1 \
  --fixupoverflow=error -Mdist/default/production/cell.X.production.map \
  --md=C:\Users\pcguy\AppData\Local\Temp\xcAs4os.dat -E1 -ver=XC8 Compiler \
  --acfsm=1493 -ACODE=00h-07FFhx2 -ASTRCODE=00h-0FFFh -ASTRING=00h-0FFhx16 \
  -ACONST=00h-0FFhx16 -AENTRY=00h-0FFhx16 -ACOMMON=070h-07Fh \
  -ABANK0=020h-06Fh -ABANK1=0A0h-0EFh -ABANK2=0120h-016Fh \
  -ABIGRAM=02000h-020EFh -ARAM=020h-06Fh,0A0h-0EFh,0120h-016Fh \
  -AABS1=020h-07Fh,0A0h-0EFh,0120h-016Fh -ASFR0=00h-01Fh -ASFR1=080h-09Fh \
  -ASFR2=0100h-011Fh -ASFR3=0180h-01EFh -ASFR4=0200h-026Fh \
  -ASFR5=0280h-02EFh -ASFR6=0300h-036Fh -ASFR7=0380h-03EFh \
  -ASFR8=0400h-046Fh -ASFR9=0480h-04EFh -ASFR10=0500h-056Fh \
  -ASFR11=0580h-05EFh -ASFR12=0600h-066Fh -ASFR13=0680h-06EFh \
  -ASFR14=0700h-076Fh -ASFR15=0780h-07EFh -ASFR16=0800h-086Fh \
  -ASFR17=0880h-08EFh -ASFR18=0900h-096Fh -ASFR19=0980h-09EFh \
  -ASFR20=0A00h-0A6Fh -ASFR21=0A80h-0AEFh -ASFR22=0B00h-0B6Fh \
  -ASFR23=0B80h-0BEFh -ASFR24=0C00h-0C6Fh -ASFR25=0C80h-0CEFh \
  -ASFR26=0D00h-0D6Fh -ASFR27=0D80h-0DEFh -ASFR28=0E00h-0E6Fh \
  -ASFR29=0E80h-0EEFh -ASFR30=0F00h-0F6Fh -ASFR31=0F80h-0FEFh \
  -ACONFIG=08007h-08008h -DCONFIG=2 -AIDLOC=08000h-08003h -DIDLOC=2 \
  -DCODE=2 -DSTRCODE=2 -DSTRING=2 -DCONST=2 -DENTRY=2 \
  -preset_vec=00h,intentry=04h,init,end_init -ppowerup=CODE -pcinit=CODE \
  -pfunctab=ENTRY -k C:\Users\pcguy\AppData\Local\Temp\xcAs4os.o \
  dist/default/production\cell.X.production.o 

Object code version is 3.11

Machine type is 16F1508



                Name                               Link     Load   Length Selector   Space Scale
C:\Users\pcguy\AppData\Local\Temp\xcAs4os.o
                end_init                             35       35        2        8       0
                reset_vec                             0        0        2        0       0
                config                             8007     8007        2        0       4
                idloc                              8000     8000        4        0       5
dist/default/production\cell.X.production.o
                cinit                                37       37        F        8       0
                intentry                              4        4       31        8       0
                config                             8007     8007        2        0       4
                idloc                              8000     8000        4        0       5
                text54                              CF8      CF8        3     19F0       0
                text53                              D3A      D3A        6     1A74       0
                text52                              DA4      DA4        D     1B48       0
                text51                              CFB      CFB        3     19F6       0
                text50                              D7C      D7C        7     1AF8       0
                text49                              D17      D17        5     1A2E       0
                text48                              D07      D07        4     1A0E       0
                text47                              D83      D83        7     1B06       0
                text46                              D1C      D1C        5     1A38       0
                text45                              DB1      DB1        D     1B62       0
                text44                              CFE      CFE        3     19FC       0
                text43                              D21      D21        5     1A42       0
                text42                              D26      D26        5     1A4C       0
                text41                              DBE      DBE        D     1B7C       0
                text40                              F8B      F8B       75     1F16       0
                text39                                3        3        1        6       0
                text38                              DD8      DD8       11     1BB0       0
                text37                              DE9      DE9       16     1BD2       0
                text35                              7E5      7E5       1B        8       0
                text34                              D01      D01        3     1A02       0
                text33                              DCB      DCB        D     1B96       0
                text32                              D40      D40        6     1A80       0
                text31                              D46      D46        6     1A8C       0
                text30                              D4C      D4C        6     1A98       0
                text29                              D52      D52        6     1AA4       0
                text28                              D2B      D2B        5     1A56       0
                text27                              D30      D30        5     1A60       0
                text26                              D58      D58        6     1AB0       0
                text25                              D5E      D5E        6     1ABC       0
                text24                              EBA      EBA       39     1D74       0
                text23                              D04      D04        3     1A08       0
                text22                              D0B      D0B        4     1A16       0
                text21                              D92      D92        9     1B24       0
                text20                              D0F      D0F        4     1A1E       0
                text19                              D9B      D9B        9     1B36       0
                text18                              D64      D64        6     1AC8       0
                text17                              E31      E31       1A     1C62       0
                text16                              D6A      D6A        6     1AD4       0
                text15                              DFF      DFF       19     1BFE       0
                text14                              D8A      D8A        8     1B14       0
                text13                              D13      D13        4     1A26       0
                text12                              E18      E18       19     1C30       0
                text11                              505      505      1AA        8       0
                text10                              75A      75A       8B        8       0
                text9                               E65      E65       24     1CCA       0
                text8                               2CA      2CA      23B        8       0
                text7                               6AF      6AF       AB        8       0
                text6                               D35      D35        5     1A6A       0
                text5                               D70      D70        6     1AE0       0
                text4                               E4B      E4B       1A     1C96       0
                text3                               EF3      EF3       3B     1DE6       0
                text2                               E89      E89       31     1D12       0
                text1                               F2E      F2E       5D     1E5C       0
                maintext                             46       46      284        8       0
                cstackBANK0                          20       20       28       20       1
                cstackCOMMON                         70       70        7       70       1
                cstackBANK1                          A0       A0        6       A0       1
                clrtext                             D76      D76        6     1AEC       0
                bssBANK0                             48       48       20       20       1
                bssCOMMON                            77       77        3       70       1
                nvBANK0                              68       68        4       20       1
                stringtext1                         800      800        C     1000       0

TOTAL           Name                               Link     Load   Length     Space
        CLASS   CODE           
                end_init                             35       35        2         0
                cinit                                37       37        F         0
                intentry                              4        4       31         0
                reset_vec                             0        0        2         0
                text54                              CF8      CF8        3         0
                text53                              D3A      D3A        6         0
                text52                              DA4      DA4        D         0
                text51                              CFB      CFB        3         0
                text50                              D7C      D7C        7         0
                text49                              D17      D17        5         0
                text48                              D07      D07        4         0
                text47                              D83      D83        7         0
                text46                              D1C      D1C        5         0
                text45                              DB1      DB1        D         0
                text44                              CFE      CFE        3         0
                text43                              D21      D21        5         0
                text42                              D26      D26        5         0
                text41                              DBE      DBE        D         0
                text40                              F8B      F8B       75         0
                text39                                3        3        1         0
                text38                              DD8      DD8       11         0
                text37                              DE9      DE9       16         0
                text35                              7E5      7E5       1B         0
                text34                              D01      D01        3         0
                text33                              DCB      DCB        D         0
                text32                              D40      D40        6         0
                text31                              D46      D46        6         0
                text30                              D4C      D4C        6         0
                text29                              D52      D52        6         0
                text28                              D2B      D2B        5         0
                text27                              D30      D30        5         0
                text26                              D58      D58        6         0
                text25                              D5E      D5E        6         0
                text24                              EBA      EBA       39         0
                text23                              D04      D04        3         0
                text22                              D0B      D0B        4         0
                text21                              D92      D92        9         0
                text20                              D0F      D0F        4         0
                text19                              D9B      D9B        9         0
                text18                              D64      D64        6         0
                text17                              E31      E31       1A         0
                text16                              D6A      D6A        6         0
                text15                              DFF      DFF       19         0
                text14                              D8A      D8A        8         0
                text13                              D13      D13        4         0
                text12                              E18      E18       19         0
                text11                              505      505      1AA         0
                text10                              75A      75A       8B         0
                text9                               E65      E65       24         0
                text8                               2CA      2CA      23B         0
                text7                               6AF      6AF       AB         0
                text6                               D35      D35        5         0
                text5                               D70      D70        6         0
                text4                               E4B      E4B       1A         0
                text3                               EF3      EF3       3B         0
                text2                               E89      E89       31         0
                text1                               F2E      F2E       5D         0
                maintext                             46       46      284         0
                clrtext                             D76      D76        6         0

        CLASS   STRCODE        
                stringtext1                         800      800        C         0

        CLASS   STRING         

        CLASS   CONST          

        CLASS   ENTRY          

        CLASS   COMMON         
                cstackCOMMON                         70       70        7         1
                bssCOMMON                            77       77        3         1

        CLASS   BANK0          
                cstackBANK0                          20       20       28         1
                bssBANK0                             48       48       20         1
                nvBANK0                              68       68        4         1

        CLASS   BANK1          
                cstackBANK1                          A0       A0        6         1

        CLASS   BANK2          

        CLASS   BIGRAM         

        CLASS   RAM            

        CLASS   ABS1           
                abs_s1                               7E       7E        2         1

        CLASS   SFR0           

        CLASS   SFR1           

        CLASS   SFR2           

        CLASS   SFR3           

        CLASS   SFR4           

        CLASS   SFR5           

        CLASS   SFR6           

        CLASS   SFR7           

        CLASS   SFR8           

        CLASS   SFR9           

        CLASS   SFR10          

        CLASS   SFR11          

        CLASS   SFR12          

        CLASS   SFR13          

        CLASS   SFR14          

        CLASS   SFR15          

        CLASS   SFR16          

        CLASS   SFR17          

        CLASS   SFR18          

        CLASS   SFR19          

        CLASS   SFR20          

        CLASS   SFR21          

        CLASS   SFR22          

        CLASS   SFR23          

        CLASS   SFR24          

        CLASS   SFR25          

        CLASS   SFR26          

        CLASS   SFR27          

        CLASS   SFR28          

        CLASS   SFR29          

        CLASS   SFR30          

        CLASS   SFR31          

        CLASS   CONFIG         
                config                             8007     8007        2         4

        CLASS   IDLOC          
                idloc                              8000     8000        4         5

        CLASS   BANK31         

        CLASS   BANK30         

        CLASS   BANK29         

        CLASS   BANK28         

        CLASS   BANK27         

        CLASS   BANK26         

        CLASS   BANK25         

        CLASS   BANK24         

        CLASS   BANK23         

        CLASS   BANK22         

        CLASS   BANK21         

        CLASS   BANK20         

        CLASS   BANK19         

        CLASS   BANK18         

        CLASS   BANK17         

        CLASS   BANK16         

        CLASS   BANK15         

        CLASS   BANK14         

        CLASS   BANK13         

        CLASS   BANK12         

        CLASS   BANK11         

        CLASS   BANK10         

        CLASS   BANK9          

        CLASS   BANK8          

        CLASS   BANK7          

        CLASS   BANK6          

        CLASS   BANK5          

        CLASS   BANK4          

        CLASS   BANK3          

        CLASS   HEAP           

        CLASS   STACK          

        CLASS   EEDATA         



SEGMENTS        Name                           Load    Length   Top    Selector   Space  Class     Delta

                reset_vec                      000000  000002  000002         0       0  CODE        2
                text39                         000003  000001  000004         6       0  CODE        2
                intentry                       000004  0007FC  000800         8       0  CODE        2
                cstackBANK0                    000020  00004C  00006C        20       1  BANK0       1
                cstackCOMMON                   000070  00000A  00007A        70       1  COMMON      1
                cstackBANK1                    0000A0  000006  0000A6        A0       1  BANK1       1
                stringtext1                    000800  00000C  00080C      1000       0  STRCODE     2
                text54                         000CF8  000003  000CFB      19F0       0  CODE        2
                text51                         000CFB  000003  000CFE      19F6       0  CODE        2
                text44                         000CFE  000003  000D01      19FC       0  CODE        2
                text34                         000D01  000003  000D04      1A02       0  CODE        2
                text23                         000D04  000003  000D07      1A08       0  CODE        2
                text48                         000D07  000004  000D0B      1A0E       0  CODE        2
                text22                         000D0B  000004  000D0F      1A16       0  CODE        2
                text20                         000D0F  000004  000D13      1A1E       0  CODE        2
                text13                         000D13  000004  000D17      1A26       0  CODE        2
                text49                         000D17  000005  000D1C      1A2E       0  CODE        2
                text46                         000D1C  000005  000D21      1A38       0  CODE        2
                text43                         000D21  000005  000D26      1A42       0  CODE        2
                text42                         000D26  000005  000D2B      1A4C       0  CODE        2
                text28                         000D2B  000005  000D30      1A56       0  CODE        2
                text27                         000D30  000005  000D35      1A60       0  CODE        2
                text6                          000D35  000005  000D3A      1A6A       0  CODE        2
                text53                         000D3A  000006  000D40      1A74       0  CODE        2
                text32                         000D40  000006  000D46      1A80       0  CODE        2
                text31                         000D46  000006  000D4C      1A8C       0  CODE        2
                text30                         000D4C  000006  000D52      1A98       0  CODE        2
                text29                         000D52  000006  000D58      1AA4       0  CODE        2
                text26                         000D58  000006  000D5E      1AB0       0  CODE        2
                text25                         000D5E  000006  000D64      1ABC       0  CODE        2
                text18                         000D64  000006  000D6A      1AC8       0  CODE        2
                text16                         000D6A  000006  000D70      1AD4       0  CODE        2
                text5                          000D70  000006  000D76      1AE0       0  CODE        2
                clrtext                        000D76  000006  000D7C      1AEC       0  CODE        2
                text50                         000D7C  000007  000D83      1AF8       0  CODE        2
                text47                         000D83  000007  000D8A      1B06       0  CODE        2
                text14                         000D8A  000008  000D92      1B14       0  CODE        2
                text21                         000D92  000009  000D9B      1B24       0  CODE        2
                text19                         000D9B  000009  000DA4      1B36       0  CODE        2
                text52                         000DA4  00000D  000DB1      1B48       0  CODE        2
                text45                         000DB1  00000D  000DBE      1B62       0  CODE        2
                text41                         000DBE  00000D  000DCB      1B7C       0  CODE        2
                text33                         000DCB  00000D  000DD8      1B96       0  CODE        2
                text38                         000DD8  000011  000DE9      1BB0       0  CODE        2
                text37                         000DE9  000016  000DFF      1BD2       0  CODE        2
                text15                         000DFF  000019  000E18      1BFE       0  CODE        2
                text12                         000E18  000019  000E31      1C30       0  CODE        2
                text17                         000E31  00001A  000E4B      1C62       0  CODE        2
                text4                          000E4B  00001A  000E65      1C96       0  CODE        2
                text9                          000E65  000024  000E89      1CCA       0  CODE        2
                text2                          000E89  000031  000EBA      1D12       0  CODE        2
                text24                         000EBA  000039  000EF3      1D74       0  CODE        2
                text3                          000EF3  00003B  000F2E      1DE6       0  CODE        2
                text1                          000F2E  00005D  000F8B      1E5C       0  CODE        2
                text40                         000F8B  000075  001000      1F16       0  CODE        2


UNUSED ADDRESS RANGES

        Name                Unused          Largest block    Delta
        BANK0            0006C-0006F               4           1
        BANK1            000A6-000EF              4A           1
        BANK2            00120-0016F              50           1
        BIGRAM           02000-020EF              F0           1
        CODE             00002-00002               1           2
                         0080C-00CF7             4EC
        COMMON           0007A-0007D               4           1
        CONST            00002-00002               1           2
                         0080C-00CF7             100
        ENTRY            00002-00002               1           2
                         0080C-00CF7             100
        RAM              0006C-0006F               4           1
                         000A6-000EF              4A
                         00120-0016F              50
        SFR0             00000-0001F              20           1
        SFR1             00080-0009F              20           1
        SFR10            00500-0056F              70           1
        SFR11            00580-005EF              70           1
        SFR12            00600-0066F              70           1
        SFR13            00680-006EF              70           1
        SFR14            00700-0076F              70           1
        SFR15            00780-007EF              70           1
        SFR16            00800-0086F              70           1
        SFR17            00880-008EF              70           1
        SFR18            00900-0096F              70           1
        SFR19            00980-009EF              70           1
        SFR2             00100-0011F              20           1
        SFR20            00A00-00A6F              70           1
        SFR21            00A80-00AEF              70           1
        SFR22            00B00-00B6F              70           1
        SFR23            00B80-00BEF              70           1
        SFR24            00C00-00C6F              70           1
        SFR25            00C80-00CEF              70           1
        SFR26            00D00-00D6F              70           1
        SFR27            00D80-00DEF              70           1
        SFR28            00E00-00E6F              70           1
        SFR29            00E80-00EEF              70           1
        SFR3             00180-001EF              70           1
        SFR30            00F00-00F6F              70           1
        SFR31            00F80-00FEF              70           1
        SFR4             00200-0026F              70           1
        SFR5             00280-002EF              70           1
        SFR6             00300-0036F              70           1
        SFR7             00380-003EF              70           1
        SFR8             00400-0046F              70           1
        SFR9             00480-004EF              70           1
        STRCODE          00002-00002               1           2
                         0080C-00CF7             4EC
        STRING           00002-00002               1           2
                         0080C-00CF7             100

                                  Symbol Table

?_ADC_GetConversion                       cstackCOMMON 00073
?__Umul8_16                               cstackCOMMON 00073
?___fldiv                                 cstackBANK0  0002A
?___flmul                                 cstackBANK0  00025
?___xxtofl                                cstackCOMMON 00073
ADC_GetConversion@channel                 cstackCOMMON 00076
I2C_SlaveSendTxData@data                  cstackCOMMON 00073
I2C_SlaveSetAddrIntHandler@handler        cstackCOMMON 00073
I2C_SlaveSetBusColIntHandler@handler      cstackCOMMON 00073
I2C_SlaveSetIsrHandler@handler            cstackCOMMON 00073
I2C_SlaveSetReadIntHandler@handler        cstackCOMMON 00073
I2C_SlaveSetSlaveAddr@slaveAddr           cstackCOMMON 00073
I2C_SlaveSetSlaveMask@maskAddr            cstackCOMMON 00073
I2C_SlaveSetWrColIntHandler@handler       cstackCOMMON 00073
I2C_SlaveSetWriteIntHandler@handler       cstackCOMMON 00073
I2C_Write@data                            cstackCOMMON 00074
TMR1_SetInterruptHandler@InterruptHandler cstackCOMMON 00073
TMR1_WriteTimer@timerVal                  cstackCOMMON 00070
_ADCON0                                   (abs)        0009D
_ADCON0bits                               (abs)        0009D
_ADCON1                                   (abs)        0009E
_ADCON2                                   (abs)        0009F
_ADC_GetConversion                        text35       007E5
_ADC_Initialize                           text21       00D92
_ADRESH                                   (abs)        0009C
_ADRESL                                   (abs)        0009B
_ANSELA                                   (abs)        0018C
_ANSELB                                   (abs)        0018D
_ANSELC                                   (abs)        0018E
_APFCON                                   (abs)        0011D
_BORCON                                   (abs)        00116
_FVRCON                                   (abs)        00117
_FVRCONbits                               (abs)        00117
_FVR_Initialize                           text20       00D0F
_I2C_Command                              bssBANK0     00065
_I2C_Initialize                           text19       00D9B
_I2C_Isr                                  text40       00F8B
_I2C_Open                                 text24       00EBA
_I2C_Read                                 text22       00D0B
_I2C_SlaveAddrCallBack                    text52       00DA4
_I2C_SlaveAddrInterruptHandler            bssBANK0     0005D
_I2C_SlaveBusColInterruptHandler          bssBANK0     0005B
_I2C_SlaveClearIrq                        text51       00CFB
_I2C_SlaveDefAddrInterruptHandler         text53       00D3A
_I2C_SlaveDefBusColInterruptHandler       (abs)        00000
_I2C_SlaveDefRdInterruptHandler           text46       00D1C
_I2C_SlaveDefWrColInterruptHandler        (abs)        00000
_I2C_SlaveDefWrInterruptHandler           text42       00D26
_I2C_SlaveEnableIrq                       text34       00D01
_I2C_SlaveGetRxData                       text23       00D04
_I2C_SlaveIsAddr                          text50       00D7C
_I2C_SlaveIsRead                          text49       00D17
_I2C_SlaveIsRxBufFull                     text48       00D07
_I2C_SlaveIsTxBufEmpty                    text47       00D83
_I2C_SlaveOpen                            text33       00DCB
_I2C_SlaveRdCallBack                      text45       00DB1
_I2C_SlaveRdInterruptHandler              bssBANK0     00061
_I2C_SlaveReleaseClock                    text44       00CFE
_I2C_SlaveSendTxData                      text6        00D35
_I2C_SlaveSetAddrIntHandler               text32       00D40
_I2C_SlaveSetBusColIntHandler             text31       00D46
_I2C_SlaveSetIsrHandler                   text30       00D4C
_I2C_SlaveSetReadIntHandler               text29       00D52
_I2C_SlaveSetSlaveAddr                    text28       00D2B
_I2C_SlaveSetSlaveMask                    text27       00D30
_I2C_SlaveSetWrColIntHandler              text26       00D58
_I2C_SlaveSetWriteIntHandler              text25       00D5E
_I2C_SlaveWrCallBack                      text41       00DBE
_I2C_SlaveWrColInterruptHandler           bssBANK0     00059
_I2C_SlaveWrInterruptHandler              bssBANK0     0005F
_I2C_Write                                text5        00D70
_INTCONbits                               (abs)        0000B
_INTERRUPT_InterruptManager               intentry     00004
_LATA                                     (abs)        0010C
_LATB                                     (abs)        0010D
_LATBbits                                 (abs)        0010D
_LATC                                     (abs)        0010E
_LATCbits                                 (abs)        0010E
_MSSP_InterruptHandler                    bssBANK0     00063
_OPTION_REGbits                           (abs)        00095
_OSCCON                                   (abs)        00099
_OSCILLATOR_Initialize                    text18       00D64
_PIE1bits                                 (abs)        00091
_PIE2bits                                 (abs)        00092
_PIN_MANAGER_Initialize                   text17       00E31
_PIR1bits                                 (abs)        00011
_PIR2bits                                 (abs)        00012
_PR2                                      (abs)        0001B
_SSP1ADD                                  (abs)        00212
_SSP1BUF                                  (abs)        00211
_SSP1CON1                                 (abs)        00215
_SSP1CON1bits                             (abs)        00215
_SSP1CON2                                 (abs)        00216
_SSP1CON2bits                             (abs)        00216
_SSP1MSK                                  (abs)        00213
_SSP1STAT                                 (abs)        00214
_SSP1STATbits                             (abs)        00214
_SYSTEM_Initialize                        text12       00E18
_T1CON                                    (abs)        00018
_T1CONbits                                (abs)        00018
_T1GCON                                   (abs)        00019
_T1GCONbits                               (abs)        00019
_T2CON                                    (abs)        0001C
_T2CONbits                                (abs)        0001C
_TMR1H                                    (abs)        00017
_TMR1L                                    (abs)        00016
_TMR1_DefaultInterruptHandler             text39       00003
_TMR1_ISR                                 text37       00DE9
_TMR1_Initialize                          text15       00DFF
_TMR1_InterruptHandler                    nvBANK0      00068
_TMR1_SetInterruptHandler                 text16       00D6A
_TMR1_WriteTimer                          text38       00DD8
_TMR2                                     (abs)        0001A
_TMR2_Initialize                          text14       00D8A
_TRISA                                    (abs)        0008C
_TRISB                                    (abs)        0008D
_TRISC                                    (abs)        0008E
_WDTCON                                   (abs)        00097
_WDTCONbits                               (abs)        00097
_WDT_Initialize                           text13       00D13
_WPUA                                     (abs)        0020C
_WPUB                                     (abs)        0020D
__Habs1                                   abs1         00000
__Hbank0                                  bank0        00000
__Hbank1                                  bank1        00000
__Hbank10                                 bank10       00000
__Hbank11                                 bank11       00000
__Hbank12                                 bank12       00000
__Hbank13                                 bank13       00000
__Hbank14                                 bank14       00000
__Hbank15                                 bank15       00000
__Hbank16                                 bank16       00000
__Hbank17                                 bank17       00000
__Hbank18                                 bank18       00000
__Hbank19                                 bank19       00000
__Hbank2                                  bank2        00000
__Hbank20                                 bank20       00000
__Hbank21                                 bank21       00000
__Hbank22                                 bank22       00000
__Hbank23                                 bank23       00000
__Hbank24                                 bank24       00000
__Hbank25                                 bank25       00000
__Hbank26                                 bank26       00000
__Hbank27                                 bank27       00000
__Hbank28                                 bank28       00000
__Hbank29                                 bank29       00000
__Hbank3                                  bank3        00000
__Hbank30                                 bank30       00000
__Hbank31                                 bank31       00000
__Hbank4                                  bank4        00000
__Hbank5                                  bank5        00000
__Hbank6                                  bank6        00000
__Hbank7                                  bank7        00000
__Hbank8                                  bank8        00000
__Hbank9                                  bank9        00000
__Hbigram                                 bigram       00000
__HbssBANK0                               bssBANK0     00000
__HbssCOMMON                              bssCOMMON    00000
__Hcinit                                  cinit        00046
__Hclrtext                                clrtext      00000
__Hcode                                   code         00000
__Hcommon                                 common       00000
__Hconfig                                 config       08009
__HcstackBANK0                            cstackBANK0  00000
__HcstackBANK1                            cstackBANK1  00000
__HcstackCOMMON                           cstackCOMMON 00000
__Heeprom_data                            eeprom_data  00000
__Hend_init                               end_init     00037
__Hfunctab                                functab      00000
__Hheap                                   heap         00000
__Hidloc                                  idloc        08004
__Hinit                                   init         00035
__Hintentry                               intentry     00035
__Hmaintext                               maintext     00000
__HnvBANK0                                nvBANK0      00000
__Hpowerup                                powerup      00000
__Hram                                    ram          00000
__Hreset_vec                              reset_vec    00002
__Hsfr0                                   sfr0         00000
__Hsfr1                                   sfr1         00000
__Hsfr10                                  sfr10        00000
__Hsfr11                                  sfr11        00000
__Hsfr12                                  sfr12        00000
__Hsfr13                                  sfr13        00000
__Hsfr14                                  sfr14        00000
__Hsfr15                                  sfr15        00000
__Hsfr16                                  sfr16        00000
__Hsfr17                                  sfr17        00000
__Hsfr18                                  sfr18        00000
__Hsfr19                                  sfr19        00000
__Hsfr2                                   sfr2         00000
__Hsfr20                                  sfr20        00000
__Hsfr21                                  sfr21        00000
__Hsfr22                                  sfr22        00000
__Hsfr23                                  sfr23        00000
__Hsfr24                                  sfr24        00000
__Hsfr25                                  sfr25        00000
__Hsfr26                                  sfr26        00000
__Hsfr27                                  sfr27        00000
__Hsfr28                                  sfr28        00000
__Hsfr29                                  sfr29        00000
__Hsfr3                                   sfr3         00000
__Hsfr30                                  sfr30        00000
__Hsfr31                                  sfr31        00000
__Hsfr4                                   sfr4         00000
__Hsfr5                                   sfr5         00000
__Hsfr6                                   sfr6         00000
__Hsfr7                                   sfr7         00000
__Hsfr8                                   sfr8         00000
__Hsfr9                                   sfr9         00000
__Hspace_0                                (abs)        01000
__Hspace_1                                (abs)        000A6
__Hspace_2                                (abs)        00000
__Hspace_3                                (abs)        00000
__Hspace_4                                (abs)        10010
__Hstack                                  stack        00000
__Hstrings                                strings      00000
__Hstringtext1                            stringtext1  00000
__Htext                                   text         00000
__Labs1                                   abs1         00000
__Lbank0                                  bank0        00000
__Lbank1                                  bank1        00000
__Lbank10                                 bank10       00000
__Lbank11                                 bank11       00000
__Lbank12                                 bank12       00000
__Lbank13                                 bank13       00000
__Lbank14                                 bank14       00000
__Lbank15                                 bank15       00000
__Lbank16                                 bank16       00000
__Lbank17                                 bank17       00000
__Lbank18                                 bank18       00000
__Lbank19                                 bank19       00000
__Lbank2                                  bank2        00000
__Lbank20                                 bank20       00000
__Lbank21                                 bank21       00000
__Lbank22                                 bank22       00000
__Lbank23                                 bank23       00000
__Lbank24                                 bank24       00000
__Lbank25                                 bank25       00000
__Lbank26                                 bank26       00000
__Lbank27                                 bank27       00000
__Lbank28                                 bank28       00000
__Lbank29                                 bank29       00000
__Lbank3                                  bank3        00000
__Lbank30                                 bank30       00000
__Lbank31                                 bank31       00000
__Lbank4                                  bank4        00000
__Lbank5                                  bank5        00000
__Lbank6                                  bank6        00000
__Lbank7                                  bank7        00000
__Lbank8                                  bank8        00000
__Lbank9                                  bank9        00000
__Lbigram                                 bigram       00000
__LbssBANK0                               bssBANK0     00000
__LbssCOMMON                              bssCOMMON    00000
__Lcinit                                  cinit        00037
__Lclrtext                                clrtext      00000
__Lcode                                   code         00000
__Lcommon                                 common       00000
__Lconfig                                 config       00000
__LcstackBANK0                            cstackBANK0  00000
__LcstackBANK1                            cstackBANK1  00000
__LcstackCOMMON                           cstackCOMMON 00000
__Leeprom_data                            eeprom_data  00000
__Lend_init                               end_init     00035
__Lfunctab                                functab      00000
__Lheap                                   heap         00000
__Lidloc                                  idloc        00000
__Linit                                   init         00035
__Lintentry                               intentry     00004
__Lmaintext                               maintext     00000
__LnvBANK0                                nvBANK0      00000
__Lpowerup                                powerup      00000
__Lram                                    ram          00000
__Lreset_vec                              reset_vec    00000
__Lsfr0                                   sfr0         00000
__Lsfr1                                   sfr1         00000
__Lsfr10                                  sfr10        00000
__Lsfr11                                  sfr11        00000
__Lsfr12                                  sfr12        00000
__Lsfr13                                  sfr13        00000
__Lsfr14                                  sfr14        00000
__Lsfr15                                  sfr15        00000
__Lsfr16                                  sfr16        00000
__Lsfr17                                  sfr17        00000
__Lsfr18                                  sfr18        00000
__Lsfr19                                  sfr19        00000
__Lsfr2                                   sfr2         00000
__Lsfr20                                  sfr20        00000
__Lsfr21                                  sfr21        00000
__Lsfr22                                  sfr22        00000
__Lsfr23                                  sfr23        00000
__Lsfr24                                  sfr24        00000
__Lsfr25                                  sfr25        00000
__Lsfr26                                  sfr26        00000
__Lsfr27                                  sfr27        00000
__Lsfr28                                  sfr28        00000
__Lsfr29                                  sfr29        00000
__Lsfr3                                   sfr3         00000
__Lsfr30                                  sfr30        00000
__Lsfr31                                  sfr31        00000
__Lsfr4                                   sfr4         00000
__Lsfr5                                   sfr5         00000
__Lsfr6                                   sfr6         00000
__Lsfr7                                   sfr7         00000
__Lsfr8                                   sfr8         00000
__Lsfr9                                   sfr9         00000
__Lspace_0                                (abs)        00000
__Lspace_1                                (abs)        00000
__Lspace_2                                (abs)        00000
__Lspace_3                                (abs)        00000
__Lspace_4                                (abs)        00000
__Lstack                                  stack        00000
__Lstrings                                strings      00000
__Lstringtext1                            stringtext1  00000
__Ltext                                   text         00000
__S0                                      (abs)        01000
__S1                                      (abs)        000A6
__Umul8_16                                text9        00E65
__Umul8_16@multiplicand                   cstackCOMMON 00073
__Umul8_16@multiplier                     cstackBANK0  00024
__Umul8_16@product                        cstackBANK0  00020
__Umul8_16@word_mpld                      cstackBANK0  00022
___fldiv                                  text11       00505
___fldiv@a                                cstackBANK0  0002A
___fldiv@aexp                             cstackBANK0  00043
___fldiv@b                                cstackBANK0  0002E
___fldiv@bexp                             cstackBANK0  00042
___fldiv@grs                              cstackBANK0  0003E
___fldiv@new_exp                          cstackBANK0  0003C
___fldiv@rem                              cstackBANK0  00037
___fldiv@sign                             cstackBANK0  0003B
___flge                                   text10       0075A
___flge@ff1                               cstackBANK0  00020
___flge@ff2                               cstackBANK0  00024
___flmul                                  text8        002CA
___flmul@a                                cstackBANK0  00029
___flmul@aexp                             cstackBANK0  00033
___flmul@b                                cstackBANK0  00025
___flmul@bexp                             cstackBANK0  00038
___flmul@grs                              cstackBANK0  00034
___flmul@prod                             cstackBANK0  00039
___flmul@sign                             cstackBANK0  00032
___flmul@temp                             cstackBANK0  0003D
___heap_hi                                (abs)        00000
___heap_lo                                (abs)        00000
___int_sp                                 stack        00000
___latbits                                (abs)        00001
___sp                                     stack        00000
___stackhi                                (abs)        00000
___stacklo                                (abs)        00000
___xxtofl                                 text7        006AF
___xxtofl@arg                             cstackBANK0  00026
___xxtofl@exp                             cstackBANK0  00025
___xxtofl@sign                            cstackBANK0  00024
___xxtofl@val                             cstackCOMMON 00073
__end_of_ADC_GetConversion                text35       00800
__end_of_ADC_Initialize                   text21       00D9B
__end_of_FVR_Initialize                   text20       00D13
__end_of_I2C_Initialize                   text19       00DA4
__end_of_I2C_Isr                          text40       01000
__end_of_I2C_Open                         text24       00EF3
__end_of_I2C_Read                         text22       00D0F
__end_of_I2C_SlaveAddrCallBack            text52       00DB1
__end_of_I2C_SlaveClearIrq                text51       00CFE
__end_of_I2C_SlaveDefAddrInterruptHandler text53       00D40
__end_of_I2C_SlaveDefRdInterruptHandler   text46       00D21
__end_of_I2C_SlaveDefWrInterruptHandler   text42       00D2B
__end_of_I2C_SlaveEnableIrq               text34       00D04
__end_of_I2C_SlaveGetRxData               text23       00D07
__end_of_I2C_SlaveIsAddr                  text50       00D83
__end_of_I2C_SlaveIsRead                  text49       00D1C
__end_of_I2C_SlaveIsRxBufFull             text48       00D0B
__end_of_I2C_SlaveIsTxBufEmpty            text47       00D8A
__end_of_I2C_SlaveOpen                    text33       00DD8
__end_of_I2C_SlaveRdCallBack              text45       00DBE
__end_of_I2C_SlaveReleaseClock            text44       00D01
__end_of_I2C_SlaveSendTxData              text6        00D3A
__end_of_I2C_SlaveSetAddrIntHandler       text32       00D46
__end_of_I2C_SlaveSetBusColIntHandler     text31       00D4C
__end_of_I2C_SlaveSetIsrHandler           text30       00D52
__end_of_I2C_SlaveSetReadIntHandler       text29       00D58
__end_of_I2C_SlaveSetSlaveAddr            text28       00D30
__end_of_I2C_SlaveSetSlaveMask            text27       00D35
__end_of_I2C_SlaveSetWrColIntHandler      text26       00D5E
__end_of_I2C_SlaveSetWriteIntHandler      text25       00D64
__end_of_I2C_SlaveWrCallBack              text41       00DCB
__end_of_I2C_Write                        text5        00D76
__end_of_INTERRUPT_InterruptManager       intentry     00035
__end_of_OSCILLATOR_Initialize            text18       00D6A
__end_of_PIN_MANAGER_Initialize           text17       00E4B
__end_of_SYSTEM_Initialize                text12       00E31
__end_of_TMR1_DefaultInterruptHandler     text39       00004
__end_of_TMR1_ISR                         text37       00DFF
__end_of_TMR1_Initialize                  text15       00E18
__end_of_TMR1_SetInterruptHandler         text16       00D70
__end_of_TMR1_WriteTimer                  text38       00DE9
__end_of_TMR2_Initialize                  text14       00D92
__end_of_WDT_Initialize                   text13       00D17
__end_of__Umul8_16                        text9        00E89
__end_of___fldiv                          text11       006AF
__end_of___flge                           text10       007E5
__end_of___flmul                          text8        00505
__end_of___xxtofl                         text7        0075A
__end_of__initialization                  cinit        00042
__end_of_main                             maintext     002CA
__end_of_safety                           stringtext1  0080C
__end_of_sendAllDatatoMaster              text2        00EBA
__end_of_sendDataToMaster                 text4        00E65
__end_of_sendVSNSDataToMaster             text3        00F2E
__end_of_setDangerSignalLine              text1        00F8B
__end_ofi1_I2C_SlaveGetRxData             text54       00CFB
__end_ofi1_I2C_SlaveSendTxData            text43       00D26
__initialization                          cinit        00037
__pbssBANK0                               bssBANK0     00048
__pbssCOMMON                              bssCOMMON    00077
__pcstackBANK0                            cstackBANK0  00020
__pcstackBANK1                            cstackBANK1  000A0
__pcstackCOMMON                           cstackCOMMON 00070
__pintentry                               intentry     00004
__pmaintext                               maintext     00046
__pnvBANK0                                nvBANK0      00068
__pstringtext1                            stringtext1  00800
__ptext1                                  text1        00F2E
__ptext10                                 text10       0075A
__ptext11                                 text11       00505
__ptext12                                 text12       00E18
__ptext13                                 text13       00D13
__ptext14                                 text14       00D8A
__ptext15                                 text15       00DFF
__ptext16                                 text16       00D6A
__ptext17                                 text17       00E31
__ptext18                                 text18       00D64
__ptext19                                 text19       00D9B
__ptext2                                  text2        00E89
__ptext20                                 text20       00D0F
__ptext21                                 text21       00D92
__ptext22                                 text22       00D0B
__ptext23                                 text23       00D04
__ptext24                                 text24       00EBA
__ptext25                                 text25       00D5E
__ptext26                                 text26       00D58
__ptext27                                 text27       00D30
__ptext28                                 text28       00D2B
__ptext29                                 text29       00D52
__ptext3                                  text3        00EF3
__ptext30                                 text30       00D4C
__ptext31                                 text31       00D46
__ptext32                                 text32       00D40
__ptext33                                 text33       00DCB
__ptext34                                 text34       00D01
__ptext35                                 text35       007E5
__ptext37                                 text37       00DE9
__ptext38                                 text38       00DD8
__ptext39                                 text39       00003
__ptext4                                  text4        00E4B
__ptext40                                 text40       00F8B
__ptext41                                 text41       00DBE
__ptext42                                 text42       00D26
__ptext43                                 text43       00D21
__ptext44                                 text44       00CFE
__ptext45                                 text45       00DB1
__ptext46                                 text46       00D1C
__ptext47                                 text47       00D83
__ptext48                                 text48       00D07
__ptext49                                 text49       00D17
__ptext5                                  text5        00D70
__ptext50                                 text50       00D7C
__ptext51                                 text51       00CFB
__ptext52                                 text52       00DA4
__ptext53                                 text53       00D3A
__ptext54                                 text54       00CF8
__ptext6                                  text6        00D35
__ptext7                                  text7        006AF
__ptext8                                  text8        002CA
__ptext9                                  text9        00E65
_converter                                bssBANK0     00053
_i2cRdData                                bssCOMMON    00078
_i2cSlaveAddr                             bssBANK0     00067
_i2cSlaveState                            bssCOMMON    00077
_i2cWrData                                bssCOMMON    00079
_main                                     maintext     00046
_memory                                   bssBANK0     00048
_safety                                   stringtext1  00800
_selectedReference                        bssBANK0     00066
_sendAllDatatoMaster                      text2        00E89
_sendDataToMaster                         text4        00E4B
_sendVSNSDataToMaster                     text3        00EF3
_setDangerSignalLine                      text1        00F2E
_timer1ReloadVal                          nvBANK0      0006A
btemp                                     (abs)        0007E
clear_ram0                                clrtext      00D76
end_of_initialization                     cinit        00042
i1I2C_SlaveSendTxData@data                cstackCOMMON 00070
i1_I2C_SlaveGetRxData                     text54       00CF8
i1_I2C_SlaveSendTxData                    text43       00D21
int$flags                                 (abs)        0007E
intlevel0                                 functab      00000
intlevel1                                 functab      00000
intlevel2                                 functab      00000
intlevel3                                 functab      00000
intlevel4                                 functab      00000
intlevel5                                 functab      00000
main@Vbit                                 cstackBANK1  000A0
main@fvr_Test                             cstackBANK1  000A4
reset_vec                                 reset_vec    00000
sendDataToMaster@high                     cstackBANK0  00020
sendDataToMaster@low                      cstackBANK0  00021
sendDataToMaster@toSend                   cstackCOMMON 00075
setDangerSignalLine@i                     cstackBANK0  00021
setDangerSignalLine@i_1261                cstackBANK0  00023
setDangerSignalLine@isTurnOff             cstackBANK0  00020
start                                     init         00035
start_initialization                      cinit        00037
wtemp0                                    (abs)        0007E


MODULE INFORMATION

Module		Function		Class		Link	Load	Size
C:\Program Files\Microchip\xc8\v2.40\pic\sources\c99\common\sprcmul.c
		___flmul       		CODE           	02CA	0000	571

C:\Program Files\Microchip\xc8\v2.40\pic\sources\c99\common\sprcmul.c estimated size: 571

C:\Program Files\Microchip\xc8\v2.40\pic\sources\c99\common\sprcdiv.c
		___fldiv       		CODE           	0505	0000	426

C:\Program Files\Microchip\xc8\v2.40\pic\sources\c99\common\sprcdiv.c estimated size: 426

mcc_generated_files/fvr.c
		_FVR_Initialize		CODE           	0D0F	0000	4

mcc_generated_files/fvr.c estimated size: 4

mcc_generated_files/i2c_slave.c
		_I2C_SlaveDefRdInterruptHandler		CODE           	0D1C	0000	5
		_I2C_SlaveDefWrInterruptHandler		CODE           	0D26	0000	5
		_I2C_SlaveSetWrColIntHandler		CODE           	0D58	0000	6
		_I2C_SlaveSetWriteIntHandler		CODE           	0D5E	0000	6
		_I2C_SlaveOpen 		CODE           	0DCB	0000	13
		_I2C_SlaveSetSlaveAddr		CODE           	0D2B	0000	5
		_I2C_Write     		CODE           	0D70	0000	6
		_I2C_SlaveIsRxBufFull		CODE           	0D07	0000	4
		_I2C_SlaveClearIrq		CODE           	0CFB	0000	3
		_I2C_SlaveGetRxData		CODE           	0D04	0000	3
		_I2C_SlaveSetSlaveMask		CODE           	0D30	0000	5
		_I2C_Isr       		CODE           	0F8B	0000	117
		_I2C_Read      		CODE           	0D0B	0000	4
		_I2C_SlaveDefAddrInterruptHandler		CODE           	0D3A	0000	6
		_I2C_Open      		CODE           	0EBA	0000	57
		_I2C_SlaveIsRead		CODE           	0D17	0000	5
		_I2C_SlaveSetIsrHandler		CODE           	0D4C	0000	6
		_I2C_SlaveIsAddr		CODE           	0D7C	0000	7
		_I2C_SlaveSetBusColIntHandler		CODE           	0D46	0000	6
		_I2C_SlaveEnableIrq		CODE           	0D01	0000	3
		_I2C_SlaveSendTxData		CODE           	0D35	0000	5
		_I2C_SlaveRdCallBack		CODE           	0DB1	0000	13
		_I2C_SlaveWrCallBack		CODE           	0DBE	0000	13
		_I2C_SlaveSetReadIntHandler		CODE           	0D52	0000	6
		_I2C_SlaveAddrCallBack		CODE           	0DA4	0000	13
		_I2C_Initialize		CODE           	0D9B	0000	9
		_I2C_SlaveIsTxBufEmpty		CODE           	0D83	0000	7
		_I2C_SlaveSetAddrIntHandler		CODE           	0D40	0000	6
		_I2C_SlaveReleaseClock		CODE           	0CFE	0000	3

mcc_generated_files/i2c_slave.c estimated size: 347

mcc_generated_files/tmr2.c
		_TMR2_Initialize		CODE           	0D8A	0000	8

mcc_generated_files/tmr2.c estimated size: 8

mcc_generated_files/interrupt_manager.c
		_INTERRUPT_InterruptManager		CODE           	0004	0000	49

mcc_generated_files/interrupt_manager.c estimated size: 49

mcc_generated_files/pin_manager.c
		_PIN_MANAGER_Initialize		CODE           	0E31	0000	26

mcc_generated_files/pin_manager.c estimated size: 26

mcc_generated_files/adc.c
		_ADC_Initialize		CODE           	0D92	0000	9
		_ADC_GetConversion		CODE           	07E5	0000	27

mcc_generated_files/adc.c estimated size: 36

C:\Program Files\Microchip\xc8\v2.40\pic\sources\c99\common\xxtofl.c
		___xxtofl      		CODE           	06AF	0000	171

C:\Program Files\Microchip\xc8\v2.40\pic\sources\c99\common\xxtofl.c estimated size: 171

shared
		i1_I2C_SlaveSendTxData		CODE           	0D21	0000	5
		_safety        		STRCODE        	0800	0000	12
		__initialization		CODE           	0037	0000	11
		i1_I2C_SlaveGetRxData		CODE           	0CF8	0000	3

shared estimated size: 31

mcc_generated_files/mcc.c
		_WDT_Initialize		CODE           	0D13	0000	4
		_OSCILLATOR_Initialize		CODE           	0D64	0000	6
		_SYSTEM_Initialize		CODE           	0E18	0000	25

mcc_generated_files/mcc.c estimated size: 35

C:\Program Files\Microchip\xc8\v2.40\pic\sources\c99\common\flge.c
		___flge        		CODE           	075A	0000	139

C:\Program Files\Microchip\xc8\v2.40\pic\sources\c99\common\flge.c estimated size: 139

mcc_generated_files/tmr1.c
		_TMR1_Initialize		CODE           	0DFF	0000	25
		_TMR1_SetInterruptHandler		CODE           	0D6A	0000	6
		_TMR1_DefaultInterruptHandler		CODE           	0003	0000	1
		_TMR1_WriteTimer		CODE           	0DD8	0000	17
		_TMR1_ISR      		CODE           	0DE9	0000	22

mcc_generated_files/tmr1.c estimated size: 71

C:\Program Files\Microchip\xc8\v2.40\pic\sources\c99\common\Umul8_16.c
		__Umul8_16     		CODE           	0E65	0000	36

C:\Program Files\Microchip\xc8\v2.40\pic\sources\c99\common\Umul8_16.c estimated size: 36

main.c
		_main          		CODE           	0046	0000	644
		_setDangerSignalLine		CODE           	0F2E	0000	93
		_sendVSNSDataToMaster		CODE           	0EF3	0000	59
		_sendDataToMaster		CODE           	0E4B	0000	26
		_sendAllDatatoMaster		CODE           	0E89	0000	49

main.c estimated size: 871

