Microchip MPLAB XC8 Compiler V2.41

Linker command line:

-W-3 \
  --edf=C:\Program Files\Microchip\xc8\v2.41\pic\dat\20230208172133_en.msgs \
  -cn -h+dist/default/production\BMS_Slave.X.production.sym \
  --cmf=dist/default/production\BMS_Slave.X.production.cmf -z -Q16F1508 \
  -oC:\Users\Henry\AppData\Local\Temp\xcAsghk.\driver_tmp_3.o \
  --defsym=__MPLAB_BUILD=1 --fixupoverflow=error \
  -Mdist/default/production/BMS_Slave.X.production.map \
  --md=C:\Users\Henry\AppData\Local\Temp\xcAsghk.\driver_tmp_0.dat -E1 \
  -ver=XC8 Compiler --acfsm=1493 -ACODE=00h-07FFhx2 -ASTRCODE=00h-0FFFh \
  -ASTRING=00h-0FFhx16 -ACONST=00h-0FFhx16 -AENTRY=00h-0FFhx16 \
  -ACOMMON=070h-07Fh -ABANK0=020h-06Fh -ABANK1=0A0h-0EFh \
  -ABANK2=0120h-016Fh -ABIGRAM=02000h-020EFh \
  -ARAM=020h-06Fh,0A0h-0EFh,0120h-016Fh \
  -AABS1=020h-07Fh,0A0h-0EFh,0120h-016Fh -ASFR0=00h-01Fh -ASFR1=080h-09Fh \
  -ASFR2=0100h-011Fh -ASFR3=0180h-01EFh -ASFR4=0200h-026Fh \
  -ASFR5=0280h-02EFh -ASFR6=0300h-036Fh -ASFR7=0380h-03EFh \
  -ASFR8=0400h-046Fh -ASFR9=0480h-04EFh -ASFR10=0500h-056Fh \
  -ASFR11=0580h-05EFh -ASFR12=0600h-066Fh -ASFR13=0680h-06EFh \
  -ASFR14=0700h-076Fh -ASFR15=0780h-07EFh -ASFR16=0800h-086Fh \
  -ASFR17=0880h-08EFh -ASFR18=0900h-096Fh -ASFR19=0980h-09EFh \
  -ASFR20=0A00h-0A6Fh -ASFR21=0A80h-0AEFh -ASFR22=0B00h-0B6Fh \
  -ASFR23=0B80h-0BEFh -ASFR24=0C00h-0C6Fh -ASFR25=0C80h-0CEFh \
  -ASFR26=0D00h-0D6Fh -ASFR27=0D80h-0DEFh -ASFR28=0E00h-0E6Fh \
  -ASFR29=0E80h-0EEFh -ASFR30=0F00h-0F6Fh -ASFR31=0F80h-0FEFh \
  -ACONFIG=08007h-08008h -DCONFIG=2 -AIDLOC=08000h-08003h -DIDLOC=2 \
  -DCODE=2 -DSTRCODE=2 -DSTRING=2 -DCONST=2 -DENTRY=2 \
  -preset_vec=00h,intentry=04h,init,end_init -ppowerup=CODE -pcinit=CODE \
  -pfunctab=ENTRY -k \
  C:\Users\Henry\AppData\Local\Temp\xcAsghk.\driver_tmp_12.o \
  dist/default/production\BMS_Slave.X.production.o 

Object code version is 3.11

Machine type is 16F1508



                Name                               Link     Load   Length Selector   Space Scale
C:\Users\Henry\AppData\Local\Temp\xcAsghk.\driver_tmp_12.o
                end_init                             27       27        2        8       0
                reset_vec                             0        0        2        0       0
                config                             8007     8007        2        0       4
                idloc                              8000     8000        4        0       5
dist/default/production\BMS_Slave.X.production.o
                cinit                                29       29       20        8       0
                intentry                              4        4       23        8       0
                config                             8007     8007        2        0       4
                idloc                              8000     8000        4        0       5
                text35                              2C0      2C0        3        8       0
                text34                              287      287        6        8       0
                text33                              223      223        D        8       0
                text32                              2BD      2BD        3        8       0
                text31                              24A      24A        7        8       0
                text30                              2A6      2A6        5        8       0
                text29                              2B3      2B3        4        8       0
                text28                              243      243        7        8       0
                text27                              2A1      2A1        5        8       0
                text26                              11D      11D       57        8       0
                text25                              2BA      2BA        3        8       0
                text24                              29C      29C        5        8       0
                text23                              297      297        5        8       0
                text22                              1CB      1CB       1D        8       0
                text21                               B4       B4       69        8       0
                text19                              1AD      1AD       1E        8       0
                text18                              2B7      2B7        3        8       0
                text17                              215      215        E        8       0
                text16                              281      281        6        8       0
                text15                              27B      27B        6        8       0
                text14                              275      275        6        8       0
                text13                              26F      26F        6        8       0
                text12                              292      292        5        8       0
                text11                              28D      28D        5        8       0
                text10                              269      269        6        8       0
                text9                               263      263        6        8       0
                text8                               174      174       39        8       0
                text7                               23A      23A        9        8       0
                text6                               2AF      2AF        4        8       0
                text5                               230      230        A        8       0
                text4                               25D      25D        6        8       0
                text3                               1E8      1E8       1A        8       0
                text2                               2AB      2AB        4        8       0
                text1                               202      202       13        8       0
                maintext                             49       49       6B        8       0
                cstackBANK0                          45       45        4       20       1
                cstackCOMMON                         70       70        6       70       1
                clrtext                             257      257        6        8       0
                dataBANK0                            3F       3F        6       20       1
                bssBANK0                             20       20       1F       20       1
                bssCOMMON                            76       76        4       70       1
                idataBANK0                          251      251        6        8       0

TOTAL           Name                               Link     Load   Length     Space
        CLASS   CODE           
                end_init                             27       27        2         0
                cinit                                29       29       20         0
                intentry                              4        4       23         0
                reset_vec                             0        0        2         0
                text35                              2C0      2C0        3         0
                text34                              287      287        6         0
                text33                              223      223        D         0
                text32                              2BD      2BD        3         0
                text31                              24A      24A        7         0
                text30                              2A6      2A6        5         0
                text29                              2B3      2B3        4         0
                text28                              243      243        7         0
                text27                              2A1      2A1        5         0
                text26                              11D      11D       57         0
                text25                              2BA      2BA        3         0
                text24                              29C      29C        5         0
                text23                              297      297        5         0
                text22                              1CB      1CB       1D         0
                text21                               B4       B4       69         0
                text19                              1AD      1AD       1E         0
                text18                              2B7      2B7        3         0
                text17                              215      215        E         0
                text16                              281      281        6         0
                text15                              27B      27B        6         0
                text14                              275      275        6         0
                text13                              26F      26F        6         0
                text12                              292      292        5         0
                text11                              28D      28D        5         0
                text10                              269      269        6         0
                text9                               263      263        6         0
                text8                               174      174       39         0
                text7                               23A      23A        9         0
                text6                               2AF      2AF        4         0
                text5                               230      230        A         0
                text4                               25D      25D        6         0
                text3                               1E8      1E8       1A         0
                text2                               2AB      2AB        4         0
                text1                               202      202       13         0
                maintext                             49       49       6B         0
                clrtext                             257      257        6         0
                idataBANK0                          251      251        6         0

        CLASS   STRCODE        

        CLASS   STRING         

        CLASS   CONST          

        CLASS   ENTRY          

        CLASS   COMMON         
                cstackCOMMON                         70       70        6         1
                bssCOMMON                            76       76        4         1

        CLASS   BANK0          
                cstackBANK0                          45       45        4         1
                dataBANK0                            3F       3F        6         1
                bssBANK0                             20       20       1F         1

        CLASS   BANK1          

        CLASS   BANK2          

        CLASS   BIGRAM         

        CLASS   RAM            

        CLASS   ABS1           
                abs_s1                               7E       7E        2         1

        CLASS   SFR0           

        CLASS   SFR1           

        CLASS   SFR2           

        CLASS   SFR3           

        CLASS   SFR4           

        CLASS   SFR5           

        CLASS   SFR6           

        CLASS   SFR7           

        CLASS   SFR8           

        CLASS   SFR9           

        CLASS   SFR10          

        CLASS   SFR11          

        CLASS   SFR12          

        CLASS   SFR13          

        CLASS   SFR14          

        CLASS   SFR15          

        CLASS   SFR16          

        CLASS   SFR17          

        CLASS   SFR18          

        CLASS   SFR19          

        CLASS   SFR20          

        CLASS   SFR21          

        CLASS   SFR22          

        CLASS   SFR23          

        CLASS   SFR24          

        CLASS   SFR25          

        CLASS   SFR26          

        CLASS   SFR27          

        CLASS   SFR28          

        CLASS   SFR29          

        CLASS   SFR30          

        CLASS   SFR31          

        CLASS   CONFIG         
                config                             8007     8007        2         4

        CLASS   IDLOC          
                idloc                              8000     8000        4         5

        CLASS   BANK31         

        CLASS   BANK30         

        CLASS   BANK29         

        CLASS   BANK28         

        CLASS   BANK27         

        CLASS   BANK26         

        CLASS   BANK25         

        CLASS   BANK24         

        CLASS   BANK23         

        CLASS   BANK22         

        CLASS   BANK21         

        CLASS   BANK20         

        CLASS   BANK19         

        CLASS   BANK18         

        CLASS   BANK17         

        CLASS   BANK16         

        CLASS   BANK15         

        CLASS   BANK14         

        CLASS   BANK13         

        CLASS   BANK12         

        CLASS   BANK11         

        CLASS   BANK10         

        CLASS   BANK9          

        CLASS   BANK8          

        CLASS   BANK7          

        CLASS   BANK6          

        CLASS   BANK5          

        CLASS   BANK4          

        CLASS   BANK3          

        CLASS   HEAP           

        CLASS   STACK          

        CLASS   EEDATA         



SEGMENTS        Name                           Load    Length   Top    Selector   Space  Class     Delta

                reset_vec                      000000  000002  000002         0       0  CODE        2
                intentry                       000004  0002BF  0002C3         8       0  CODE        2
                bssBANK0                       000020  000029  000049        20       1  BANK0       1
                cstackCOMMON                   000070  00000A  00007A        70       1  COMMON      1


UNUSED ADDRESS RANGES

        Name                Unused          Largest block    Delta
        BANK0            00049-0006F              27           1
        BANK1            000A0-000EF              50           1
        BANK2            00120-0016F              50           1
        BIGRAM           02000-020EF              F0           1
        CODE             00002-00003               2           2
                         002C3-00FFF             53D
        COMMON           0007A-0007D               4           1
        CONST            00002-00003               2           2
                         002C3-00FFF             100
        ENTRY            00002-00003               2           2
                         002C3-00FFF             100
        RAM              00049-0006F              27           1
                         000A0-000EF              50
                         00120-0016F              50
        SFR0             00000-0001F              20           1
        SFR1             00080-0009F              20           1
        SFR10            00500-0056F              70           1
        SFR11            00580-005EF              70           1
        SFR12            00600-0066F              70           1
        SFR13            00680-006EF              70           1
        SFR14            00700-0076F              70           1
        SFR15            00780-007EF              70           1
        SFR16            00800-0086F              70           1
        SFR17            00880-008EF              70           1
        SFR18            00900-0096F              70           1
        SFR19            00980-009EF              70           1
        SFR2             00100-0011F              20           1
        SFR20            00A00-00A6F              70           1
        SFR21            00A80-00AEF              70           1
        SFR22            00B00-00B6F              70           1
        SFR23            00B80-00BEF              70           1
        SFR24            00C00-00C6F              70           1
        SFR25            00C80-00CEF              70           1
        SFR26            00D00-00D6F              70           1
        SFR27            00D80-00DEF              70           1
        SFR28            00E00-00E6F              70           1
        SFR29            00E80-00EEF              70           1
        SFR3             00180-001EF              70           1
        SFR30            00F00-00F6F              70           1
        SFR31            00F80-00FEF              70           1
        SFR4             00200-0026F              70           1
        SFR5             00280-002EF              70           1
        SFR6             00300-0036F              70           1
        SFR7             00380-003EF              70           1
        SFR8             00400-0046F              70           1
        SFR9             00480-004EF              70           1
        STRCODE          00002-00003               2           2
                         002C3-00FFF             D3D
        STRING           00002-00003               2           2
                         002C3-00FFF             100

                                  Symbol Table

?_ADC_GetConversion                       cstackCOMMON 00074
ADC_GetConversion@channel                 cstackBANK0  00046
I2C_SlaveSendTxData@data                  cstackCOMMON 00070
I2C_SlaveSetAddrIntHandler@handler        cstackCOMMON 00074
I2C_SlaveSetBusColIntHandler@handler      cstackCOMMON 00074
I2C_SlaveSetIsrHandler@handler            cstackCOMMON 00074
I2C_SlaveSetReadIntHandler@handler        cstackCOMMON 00074
I2C_SlaveSetSlaveAddr@slaveAddr           cstackCOMMON 00074
I2C_SlaveSetSlaveMask@maskAddr            cstackCOMMON 00074
I2C_SlaveSetWrColIntHandler@handler       cstackCOMMON 00074
I2C_SlaveSetWriteIntHandler@handler       cstackCOMMON 00074
_ADCON0                                   (abs)        0009D
_ADCON0bits                               (abs)        0009D
_ADCON1                                   (abs)        0009E
_ADCON2                                   (abs)        0009F
_ADC_GetConversion                        text19       001AD
_ADC_Initialize                           text7        0023A
_ADRESH                                   (abs)        0009C
_ADRESL                                   (abs)        0009B
_ANSELA                                   (abs)        0018C
_ANSELB                                   (abs)        0018D
_ANSELC                                   (abs)        0018E
_APFCON                                   (abs)        0011D
_BORCON                                   (abs)        00116
_FVRCON                                   (abs)        00117
_FVRCONbits                               (abs)        00117
_FVR_Initialize                           text6        002AF
_I2C_Initialize                           text5        00230
_I2C_Isr                                  text21       000B4
_I2C_Open                                 text8        00174
_I2C_SlaveAddrCallBack                    text33       00223
_I2C_SlaveAddrInterruptHandler            bssBANK0     0002A
_I2C_SlaveBusColInterruptHandler          bssBANK0     00028
_I2C_SlaveClearIrq                        text32       002BD
_I2C_SlaveDefAddrInterruptHandler         text34       00287
_I2C_SlaveDefBusColInterruptHandler       (abs)        00000
_I2C_SlaveDefRdInterruptHandler           text27       002A1
_I2C_SlaveDefWrColInterruptHandler        (abs)        00000
_I2C_SlaveDefWrInterruptHandler           text23       00297
_I2C_SlaveEnableIrq                       text18       002B7
_I2C_SlaveGetRxData                       text35       002C0
_I2C_SlaveIsAddr                          text31       0024A
_I2C_SlaveIsRead                          text30       002A6
_I2C_SlaveIsRxBufFull                     text29       002B3
_I2C_SlaveIsTxBufEmpty                    text28       00243
_I2C_SlaveOpen                            text17       00215
_I2C_SlaveRdCallBack                      text26       0011D
_I2C_SlaveRdInterruptHandler              bssBANK0     0002E
_I2C_SlaveReleaseClock                    text25       002BA
_I2C_SlaveSendTxData                      text24       0029C
_I2C_SlaveSetAddrIntHandler               text16       00281
_I2C_SlaveSetBusColIntHandler             text15       0027B
_I2C_SlaveSetIsrHandler                   text14       00275
_I2C_SlaveSetReadIntHandler               text13       0026F
_I2C_SlaveSetSlaveAddr                    text12       00292
_I2C_SlaveSetSlaveMask                    text11       0028D
_I2C_SlaveSetWrColIntHandler              text10       00269
_I2C_SlaveSetWriteIntHandler              text9        00263
_I2C_SlaveWrCallBack                      text22       001CB
_I2C_SlaveWrColInterruptHandler           bssBANK0     00026
_I2C_SlaveWrInterruptHandler              bssBANK0     0002C
_INTCONbits                               (abs)        0000B
_INTERRUPT_InterruptManager               intentry     00004
_LATA                                     (abs)        0010C
_LATB                                     (abs)        0010D
_LATBbits                                 (abs)        0010D
_LATC                                     (abs)        0010E
_MSSP_InterruptHandler                    bssBANK0     00030
_OPTION_REGbits                           (abs)        00095
_OSCCON                                   (abs)        00099
_OSCILLATOR_Initialize                    text4        0025D
_PIE1bits                                 (abs)        00091
_PIE2bits                                 (abs)        00092
_PIN_MANAGER_Initialize                   text3        001E8
_PIR1bits                                 (abs)        00011
_PIR2bits                                 (abs)        00012
_SSP1ADD                                  (abs)        00212
_SSP1BUF                                  (abs)        00211
_SSP1CON1                                 (abs)        00215
_SSP1CON1bits                             (abs)        00215
_SSP1CON2                                 (abs)        00216
_SSP1CON2bits                             (abs)        00216
_SSP1MSK                                  (abs)        00213
_SSP1STAT                                 (abs)        00214
_SSP1STATbits                             (abs)        00214
_SYSTEM_Initialize                        text1        00202
_TRISA                                    (abs)        0008C
_TRISB                                    (abs)        0008D
_TRISC                                    (abs)        0008E
_Temp1                                    bssBANK0     0003D
_Temp2                                    bssBANK0     0003B
_Temp3                                    bssBANK0     00039
_Temp4                                    bssBANK0     00037
_Temp5                                    bssBANK0     00035
_Volt1                                    bssBANK0     00033
_WDTCON                                   (abs)        00097
_WDT_Initialize                           text2        002AB
_WPUA                                     (abs)        0020C
_WPUB                                     (abs)        0020D
__H__absolute__                           __absolute__ 00000
__Habs1                                   abs1         00000
__Hbank0                                  bank0        00000
__Hbank1                                  bank1        00000
__Hbank10                                 bank10       00000
__Hbank11                                 bank11       00000
__Hbank12                                 bank12       00000
__Hbank13                                 bank13       00000
__Hbank14                                 bank14       00000
__Hbank15                                 bank15       00000
__Hbank16                                 bank16       00000
__Hbank17                                 bank17       00000
__Hbank18                                 bank18       00000
__Hbank19                                 bank19       00000
__Hbank2                                  bank2        00000
__Hbank20                                 bank20       00000
__Hbank21                                 bank21       00000
__Hbank22                                 bank22       00000
__Hbank23                                 bank23       00000
__Hbank24                                 bank24       00000
__Hbank25                                 bank25       00000
__Hbank26                                 bank26       00000
__Hbank27                                 bank27       00000
__Hbank28                                 bank28       00000
__Hbank29                                 bank29       00000
__Hbank3                                  bank3        00000
__Hbank30                                 bank30       00000
__Hbank31                                 bank31       00000
__Hbank4                                  bank4        00000
__Hbank5                                  bank5        00000
__Hbank6                                  bank6        00000
__Hbank7                                  bank7        00000
__Hbank8                                  bank8        00000
__Hbank9                                  bank9        00000
__Hbigram                                 bigram       00000
__HbssBANK0                               bssBANK0     00000
__HbssCOMMON                              bssCOMMON    00000
__Hcinit                                  cinit        00049
__Hclrtext                                clrtext      00000
__Hcode                                   code         00000
__Hcommon                                 common       00000
__Hconfig                                 config       08009
__HcstackBANK0                            cstackBANK0  00000
__HcstackCOMMON                           cstackCOMMON 00000
__HdataBANK0                              dataBANK0    00000
__Heeprom_data                            eeprom_data  00000
__Hend_init                               end_init     00029
__Hfunctab                                functab      00000
__Hheap                                   heap         00000
__HidataBANK0                             idataBANK0   00000
__Hidloc                                  idloc        08004
__Hinit                                   init         00027
__Hintentry                               intentry     00027
__Hmaintext                               maintext     00000
__Hpowerup                                powerup      00000
__Hram                                    ram          00000
__Hreset_vec                              reset_vec    00002
__Hsfr0                                   sfr0         00000
__Hsfr1                                   sfr1         00000
__Hsfr10                                  sfr10        00000
__Hsfr11                                  sfr11        00000
__Hsfr12                                  sfr12        00000
__Hsfr13                                  sfr13        00000
__Hsfr14                                  sfr14        00000
__Hsfr15                                  sfr15        00000
__Hsfr16                                  sfr16        00000
__Hsfr17                                  sfr17        00000
__Hsfr18                                  sfr18        00000
__Hsfr19                                  sfr19        00000
__Hsfr2                                   sfr2         00000
__Hsfr20                                  sfr20        00000
__Hsfr21                                  sfr21        00000
__Hsfr22                                  sfr22        00000
__Hsfr23                                  sfr23        00000
__Hsfr24                                  sfr24        00000
__Hsfr25                                  sfr25        00000
__Hsfr26                                  sfr26        00000
__Hsfr27                                  sfr27        00000
__Hsfr28                                  sfr28        00000
__Hsfr29                                  sfr29        00000
__Hsfr3                                   sfr3         00000
__Hsfr30                                  sfr30        00000
__Hsfr31                                  sfr31        00000
__Hsfr4                                   sfr4         00000
__Hsfr5                                   sfr5         00000
__Hsfr6                                   sfr6         00000
__Hsfr7                                   sfr7         00000
__Hsfr8                                   sfr8         00000
__Hsfr9                                   sfr9         00000
__Hspace_0                                (abs)        002C3
__Hspace_1                                (abs)        0007A
__Hspace_2                                (abs)        00000
__Hspace_3                                (abs)        00000
__Hspace_4                                (abs)        10010
__Hstack                                  stack        00000
__Hstrings                                strings      00000
__Htext                                   text         00000
__L__absolute__                           __absolute__ 00000
__Labs1                                   abs1         00000
__Lbank0                                  bank0        00000
__Lbank1                                  bank1        00000
__Lbank10                                 bank10       00000
__Lbank11                                 bank11       00000
__Lbank12                                 bank12       00000
__Lbank13                                 bank13       00000
__Lbank14                                 bank14       00000
__Lbank15                                 bank15       00000
__Lbank16                                 bank16       00000
__Lbank17                                 bank17       00000
__Lbank18                                 bank18       00000
__Lbank19                                 bank19       00000
__Lbank2                                  bank2        00000
__Lbank20                                 bank20       00000
__Lbank21                                 bank21       00000
__Lbank22                                 bank22       00000
__Lbank23                                 bank23       00000
__Lbank24                                 bank24       00000
__Lbank25                                 bank25       00000
__Lbank26                                 bank26       00000
__Lbank27                                 bank27       00000
__Lbank28                                 bank28       00000
__Lbank29                                 bank29       00000
__Lbank3                                  bank3        00000
__Lbank30                                 bank30       00000
__Lbank31                                 bank31       00000
__Lbank4                                  bank4        00000
__Lbank5                                  bank5        00000
__Lbank6                                  bank6        00000
__Lbank7                                  bank7        00000
__Lbank8                                  bank8        00000
__Lbank9                                  bank9        00000
__Lbigram                                 bigram       00000
__LbssBANK0                               bssBANK0     00000
__LbssCOMMON                              bssCOMMON    00000
__Lcinit                                  cinit        00029
__Lclrtext                                clrtext      00000
__Lcode                                   code         00000
__Lcommon                                 common       00000
__Lconfig                                 config       00000
__LcstackBANK0                            cstackBANK0  00000
__LcstackCOMMON                           cstackCOMMON 00000
__LdataBANK0                              dataBANK0    00000
__Leeprom_data                            eeprom_data  00000
__Lend_init                               end_init     00027
__Lfunctab                                functab      00000
__Lheap                                   heap         00000
__LidataBANK0                             idataBANK0   00000
__Lidloc                                  idloc        00000
__Linit                                   init         00027
__Lintentry                               intentry     00004
__Lmaintext                               maintext     00000
__Lpowerup                                powerup      00000
__Lram                                    ram          00000
__Lreset_vec                              reset_vec    00000
__Lsfr0                                   sfr0         00000
__Lsfr1                                   sfr1         00000
__Lsfr10                                  sfr10        00000
__Lsfr11                                  sfr11        00000
__Lsfr12                                  sfr12        00000
__Lsfr13                                  sfr13        00000
__Lsfr14                                  sfr14        00000
__Lsfr15                                  sfr15        00000
__Lsfr16                                  sfr16        00000
__Lsfr17                                  sfr17        00000
__Lsfr18                                  sfr18        00000
__Lsfr19                                  sfr19        00000
__Lsfr2                                   sfr2         00000
__Lsfr20                                  sfr20        00000
__Lsfr21                                  sfr21        00000
__Lsfr22                                  sfr22        00000
__Lsfr23                                  sfr23        00000
__Lsfr24                                  sfr24        00000
__Lsfr25                                  sfr25        00000
__Lsfr26                                  sfr26        00000
__Lsfr27                                  sfr27        00000
__Lsfr28                                  sfr28        00000
__Lsfr29                                  sfr29        00000
__Lsfr3                                   sfr3         00000
__Lsfr30                                  sfr30        00000
__Lsfr31                                  sfr31        00000
__Lsfr4                                   sfr4         00000
__Lsfr5                                   sfr5         00000
__Lsfr6                                   sfr6         00000
__Lsfr7                                   sfr7         00000
__Lsfr8                                   sfr8         00000
__Lsfr9                                   sfr9         00000
__Lspace_0                                (abs)        00000
__Lspace_1                                (abs)        00000
__Lspace_2                                (abs)        00000
__Lspace_3                                (abs)        00000
__Lspace_4                                (abs)        00000
__Lstack                                  stack        00000
__Lstrings                                strings      00000
__Ltext                                   text         00000
__S0                                      (abs)        002C3
__S1                                      (abs)        0007A
___heap_hi                                (abs)        00000
___heap_lo                                (abs)        00000
___int_sp                                 stack        00000
___latbits                                (abs)        00001
___sp                                     stack        00000
___stackhi                                (abs)        00000
___stacklo                                (abs)        00000
__end_of_ADC_GetConversion                text19       001CB
__end_of_ADC_Initialize                   text7        00243
__end_of_FVR_Initialize                   text6        002B3
__end_of_I2C_Initialize                   text5        0023A
__end_of_I2C_Isr                          text21       0011D
__end_of_I2C_Open                         text8        001AD
__end_of_I2C_SlaveAddrCallBack            text33       00230
__end_of_I2C_SlaveClearIrq                text32       002C0
__end_of_I2C_SlaveDefAddrInterruptHandler text34       0028D
__end_of_I2C_SlaveDefRdInterruptHandler   text27       002A6
__end_of_I2C_SlaveDefWrInterruptHandler   text23       0029C
__end_of_I2C_SlaveEnableIrq               text18       002BA
__end_of_I2C_SlaveGetRxData               text35       002C3
__end_of_I2C_SlaveIsAddr                  text31       00251
__end_of_I2C_SlaveIsRead                  text30       002AB
__end_of_I2C_SlaveIsRxBufFull             text29       002B7
__end_of_I2C_SlaveIsTxBufEmpty            text28       0024A
__end_of_I2C_SlaveOpen                    text17       00223
__end_of_I2C_SlaveRdCallBack              text26       00174
__end_of_I2C_SlaveReleaseClock            text25       002BD
__end_of_I2C_SlaveSendTxData              text24       002A1
__end_of_I2C_SlaveSetAddrIntHandler       text16       00287
__end_of_I2C_SlaveSetBusColIntHandler     text15       00281
__end_of_I2C_SlaveSetIsrHandler           text14       0027B
__end_of_I2C_SlaveSetReadIntHandler       text13       00275
__end_of_I2C_SlaveSetSlaveAddr            text12       00297
__end_of_I2C_SlaveSetSlaveMask            text11       00292
__end_of_I2C_SlaveSetWrColIntHandler      text10       0026F
__end_of_I2C_SlaveSetWriteIntHandler      text9        00269
__end_of_I2C_SlaveWrCallBack              text22       001E8
__end_of_INTERRUPT_InterruptManager       intentry     00027
__end_of_OSCILLATOR_Initialize            text4        00263
__end_of_PIN_MANAGER_Initialize           text3        00202
__end_of_SYSTEM_Initialize                text1        00215
__end_of_WDT_Initialize                   text2        002AF
__end_of__initialization                  cinit        00045
__end_of_main                             maintext     000B4
__initialization                          cinit        00029
__pbssBANK0                               bssBANK0     00020
__pbssCOMMON                              bssCOMMON    00076
__pcstackBANK0                            cstackBANK0  00045
__pcstackCOMMON                           cstackCOMMON 00070
__pdataBANK0                              dataBANK0    0003F
__pidataBANK0                             idataBANK0   00251
__pintentry                               intentry     00004
__pmaintext                               maintext     00049
__ptext1                                  text1        00202
__ptext10                                 text10       00269
__ptext11                                 text11       0028D
__ptext12                                 text12       00292
__ptext13                                 text13       0026F
__ptext14                                 text14       00275
__ptext15                                 text15       0027B
__ptext16                                 text16       00281
__ptext17                                 text17       00215
__ptext18                                 text18       002B7
__ptext19                                 text19       001AD
__ptext2                                  text2        002AB
__ptext21                                 text21       000B4
__ptext22                                 text22       001CB
__ptext23                                 text23       00297
__ptext24                                 text24       0029C
__ptext25                                 text25       002BA
__ptext26                                 text26       0011D
__ptext27                                 text27       002A1
__ptext28                                 text28       00243
__ptext29                                 text29       002B3
__ptext3                                  text3        001E8
__ptext30                                 text30       002A6
__ptext31                                 text31       0024A
__ptext32                                 text32       002BD
__ptext33                                 text33       00223
__ptext34                                 text34       00287
__ptext35                                 text35       002C0
__ptext4                                  text4        0025D
__ptext5                                  text5        00230
__ptext6                                  text6        002AF
__ptext7                                  text7        0023A
__ptext8                                  text8        00174
__ptext9                                  text9        00263
_balanceFlag                              bssCOMMON    00079
_current_Data                             bssBANK0     00024
_i2cRdData                                bssCOMMON    00077
_i2cSlaveAddr                             bssBANK0     00032
_i2cSlaveState                            bssCOMMON    00076
_i2cWrData                                bssCOMMON    00078
_index                                    bssBANK0     00022
_main                                     maintext     00049
btemp                                     (abs)        0007E
clear_ram0                                clrtext      00257
end_of_initialization                     cinit        00045
int$flags                                 (abs)        0007E
intlevel0                                 functab      00000
intlevel1                                 functab      00000
intlevel2                                 functab      00000
intlevel3                                 functab      00000
intlevel4                                 functab      00000
intlevel5                                 functab      00000
reset_vec                                 reset_vec    00000
start                                     init         00027
start_initialization                      cinit        00029
wtemp0                                    (abs)        0007E


MODULE INFORMATION

Module		Function		Class		Link	Load	Size
mcc_generated_files/fvr.c
		_FVR_Initialize		CODE           	02AF	0000	4

mcc_generated_files/fvr.c estimated size: 4

mcc_generated_files/i2c_slave.c
		_I2C_SlaveDefRdInterruptHandler		CODE           	02A1	0000	5
		_I2C_SlaveDefWrInterruptHandler		CODE           	0297	0000	5
		_I2C_SlaveSetWrColIntHandler		CODE           	0269	0000	6
		_I2C_SlaveSetWriteIntHandler		CODE           	0263	0000	6
		_I2C_SlaveOpen 		CODE           	0215	0000	14
		_I2C_SlaveSetSlaveAddr		CODE           	0292	0000	5
		_I2C_SlaveIsRxBufFull		CODE           	02B3	0000	4
		_I2C_SlaveClearIrq		CODE           	02BD	0000	3
		_I2C_SlaveGetRxData		CODE           	02C0	0000	3
		_I2C_SlaveSetSlaveMask		CODE           	028D	0000	5
		_I2C_Isr       		CODE           	00B4	0000	105
		_I2C_SlaveDefAddrInterruptHandler		CODE           	0287	0000	6
		_I2C_Open      		CODE           	0174	0000	57
		_I2C_SlaveIsRead		CODE           	02A6	0000	5
		_I2C_SlaveSetIsrHandler		CODE           	0275	0000	6
		_I2C_SlaveIsAddr		CODE           	024A	0000	7
		_I2C_SlaveSetBusColIntHandler		CODE           	027B	0000	6
		_I2C_SlaveEnableIrq		CODE           	02B7	0000	3
		_I2C_SlaveSendTxData		CODE           	029C	0000	5
		_I2C_SlaveRdCallBack		CODE           	011D	0000	87
		_I2C_SlaveWrCallBack		CODE           	01CB	0000	29
		_I2C_SlaveSetReadIntHandler		CODE           	026F	0000	6
		_I2C_SlaveAddrCallBack		CODE           	0223	0000	13
		_I2C_Initialize		CODE           	0230	0000	10
		_I2C_SlaveIsTxBufEmpty		CODE           	0243	0000	7
		_I2C_SlaveSetAddrIntHandler		CODE           	0281	0000	6
		_I2C_SlaveReleaseClock		CODE           	02BA	0000	3

mcc_generated_files/i2c_slave.c estimated size: 417

mcc_generated_files/interrupt_manager.c
		_INTERRUPT_InterruptManager		CODE           	0004	0000	35

mcc_generated_files/interrupt_manager.c estimated size: 35

mcc_generated_files/pin_manager.c
		_PIN_MANAGER_Initialize		CODE           	01E8	0000	26

mcc_generated_files/pin_manager.c estimated size: 26

mcc_generated_files/adc.c
		_ADC_Initialize		CODE           	023A	0000	9
		_ADC_GetConversion		CODE           	01AD	0000	30

mcc_generated_files/adc.c estimated size: 39

shared
		__initialization		CODE           	0029	0000	28

shared estimated size: 28

mcc_generated_files/mcc.c
		_WDT_Initialize		CODE           	02AB	0000	4
		_OSCILLATOR_Initialize		CODE           	025D	0000	6
		_SYSTEM_Initialize		CODE           	0202	0000	19

mcc_generated_files/mcc.c estimated size: 29

main.c
		_main          		CODE           	0049	0000	107

main.c estimated size: 107

